 javaw

 Timestamp is 60b79d2f (Wed Jun 02 16:01:03 2021)

 Preferred load address is 0000000140000000

 Start         Length     Name                   Class
 0001:00000000 0001c48cH .text                   CODE
 0001:0001c490 000003e1H .text$x                 CODE
 0002:00000000 00000358H .idata$5                DATA
 0002:00000358 00000008H .CRT$XCA                DATA
 0002:00000360 00000008H .CRT$XCZ                DATA
 0002:00000368 00000008H .CRT$XIA                DATA
 0002:00000370 00000018H .CRT$XIC                DATA
 0002:00000388 00000008H .CRT$XIY                DATA
 0002:00000390 00000008H .CRT$XIZ                DATA
 0002:00000398 00000008H .CRT$XPA                DATA
 0002:000003a0 00000008H .CRT$XPX                DATA
 0002:000003a8 00000008H .CRT$XPXA               DATA
 0002:000003b0 00000008H .CRT$XPZ                DATA
 0002:000003b8 00000008H .CRT$XTA                DATA
 0002:000003c0 00000008H .CRT$XTZ                DATA
 0002:000003d0 000067f0H .rdata                  DATA
 0002:00006bc0 00000075H .rdata$debug            DATA
 0002:00006c38 00000008H .rtc$IAA                DATA
 0002:00006c40 00000008H .rtc$IZZ                DATA
 0002:00006c48 00000008H .rtc$TAA                DATA
 0002:00006c50 00000008H .rtc$TZZ                DATA
 0002:00006c58 000012c4H .xdata                  DATA
 0002:00007f1c 00000050H .idata$2                DATA
 0002:00007f6c 00000014H .idata$3                DATA
 0002:00007f80 00000358H .idata$4                DATA
 0002:000082d8 000007a6H .idata$6                DATA
 0002:00008a7e 00000000H .edata                  DATA
 0003:00000000 00001a0cH .data                   DATA
 0003:00001a20 000025d8H .bss                    DATA
 0004:00000000 00001224H .pdata                  DATA
 0005:00000000 000002b0H .rsrc$01                DATA
 0005:000002b0 00006d18H .rsrc$02                DATA

  Address         Publics by Value              Rva+Base               Lib:Object

 0000:00000000       ___safe_se_handler_table   0000000000000000     <absolute>
 0000:00000000       ___safe_se_handler_count   0000000000000000     <absolute>
 0000:00000000       __ImageBase                0000000140000000     <linker-defined>
 0001:00000000       WinMain                    0000000140001000 f   main.obj
 0001:0000021c       AddOption                  000000014000121c f   jli_static:java.obj
 0001:00000414       GetLauncherHelperClass     0000000140001414 f   jli_static:java.obj
 0001:00000594       NewPlatformStringArray     0000000140001594 f   jli_static:java.obj
 0001:00000930       SetJavaCommandLineProp     0000000140001930 f   jli_static:java.obj
 0001:00000ea0       ShowSplashScreen           0000000140001ea0 f   jli_static:java.obj
 0001:00000fe8       GetDotVersion              0000000140001fe8 f   jli_static:java.obj
 0001:00000ff0       GetProgramName             0000000140001ff0 f   jli_static:java.obj
 0001:00000ff8       GetErgoPolicy              0000000140001ff8 f   jli_static:java.obj
 0001:00001000       IsJavaArgs                 0000000140002000 f   jli_static:java.obj
 0001:00001008       JLI_ReportMessage          0000000140002008 f   jli_static:java.obj
 0001:00001058       JavaMain                   0000000140002058 f   jli_static:java.obj
 0001:0000157c       CheckJvmType               000000014000257c f   jli_static:java.obj
 0001:000024fc       ReadKnownVMs               00000001400034fc f   jli_static:java.obj
 0001:0000291c       ContinueInNewThread        000000014000391c f   jli_static:java.obj
 0001:000029dc       JLI_Launch                 00000001400039dc f   jli_static:java.obj
 0001:000031f0       JLI_GetStdArgc             00000001400041f0 f   jli_static:cmdtoargs.obj
 0001:000031f8       JLI_GetStdArgs             00000001400041f8 f   jli_static:cmdtoargs.obj
 0001:00003200       JLI_CmdToArgs              0000000140004200 f   jli_static:cmdtoargs.obj
 0001:000032a4       JLI_MemAlloc               00000001400042a4 f   jli_static:jli_util.obj
 0001:000032d0       JLI_MemRealloc             00000001400042d0 f   jli_static:jli_util.obj
 0001:000032fc       JLI_StringDup              00000001400042fc f   jli_static:jli_util.obj
 0001:00003328       JLI_MemFree                0000000140004328 f   jli_static:jli_util.obj
 0001:00003330       JLI_TraceLauncher          0000000140004330 f   jli_static:jli_util.obj
 0001:00003360       JLI_SetTraceLauncher       0000000140004360 f   jli_static:jli_util.obj
 0001:00003394       JLI_IsTraceLauncher        0000000140004394 f   jli_static:jli_util.obj
 0001:0000339c       JLI_StrCCmp                000000014000439c f   jli_static:jli_util.obj
 0001:000033cc       IsJavaw                    00000001400043cc f   jli_static:java_md.obj
 0001:000033d4       GetApplicationHome         00000001400043d4 f   jli_static:java_md.obj
 0001:000034a8       CounterGet                 00000001400044a8 f   jli_static:java_md.obj
 0001:000034f4       Counter2Micros             00000001400044f4 f   jli_static:java_md.obj
 0001:00003520       JLI_Snprintf               0000000140004520 f   jli_static:java_md.obj
 0001:00003578       JLI_ReportErrorMessage     0000000140004578 f   jli_static:java_md.obj
 0001:00003624       JLI_ReportErrorMessageSys  0000000140004624 f   jli_static:java_md.obj
 0001:000037a8       JLI_ReportExceptionDescription 00000001400047a8 f   jli_static:java_md.obj
 0001:000037d8       ServerClassMachine         00000001400047d8 f   jli_static:java_md.obj
 0001:000037ec       LocateJRE                  00000001400047ec f   jli_static:java_md.obj
 0001:00003a78       ExecJRE                    0000000140004a78 f   jli_static:java_md.obj
 0001:00003f3c       UnsetEnv                   0000000140004f3c f   jli_static:java_md.obj
 0001:00003f94       jlong_format_specifier     0000000140004f94 f   jli_static:java_md.obj
 0001:00003f9c       ContinueInNewThread0       0000000140004f9c f   jli_static:java_md.obj
 0001:0000404c       SetJavaLauncherPlatformProps 000000014000504c f   jli_static:java_md.obj
 0001:0000404c       RegisterThread             000000014000504c f   jli_static:java_md.obj
 0001:0000404c       PostJVMInit                000000014000504c f   jli_static:java_md.obj
 0001:00004050       FindBootStrapClass         0000000140005050 f   jli_static:java_md.obj
 0001:000040c8       InitLauncher               00000001400050c8 f   jli_static:java_md.obj
 0001:00004104       JVMInit                    0000000140005104 f   jli_static:java_md.obj
 0001:00004170       ProcessPlatformOption      0000000140005170 f   jli_static:java_md.obj
 0001:00004174       CreateApplicationArgs      0000000140005174 f   jli_static:java_md.obj
 0001:000046bc       SplashProcAddress          00000001400056bc f   jli_static:java_md.obj
 0001:0000477c       CreateExecutionEnvironment 000000014000577c f   jli_static:java_md.obj
 0001:000049ec       LoadJavaVM                 00000001400059ec f   jli_static:java_md.obj
 0001:000050e0       JLI_WildcardExpandClasspath 00000001400060e0 f   jli_static:wildcard.obj
 0001:00005168       DoSplashLoadMemory         0000000140006168 f   jli_static:splashscreen_stubs.obj
 0001:000051b0       DoSplashLoadFile           00000001400061b0 f   jli_static:splashscreen_stubs.obj
 0001:000051f0       DoSplashInit               00000001400061f0 f   jli_static:splashscreen_stubs.obj
 0001:00005220       DoSplashSetFileJarName     0000000140006220 f   jli_static:splashscreen_stubs.obj
 0001:00005268       DoSplashSetScaleFactor     0000000140006268 f   jli_static:splashscreen_stubs.obj
 0001:000052a8       DoSplashGetScaledImageName 00000001400062a8 f   jli_static:splashscreen_stubs.obj
 0001:00005de8       JLI_ParseManifest          0000000140006de8 f   jli_static:parse_manifest.obj
 0001:00005f50       JLI_JarUnpackFile          0000000140006f50 f   jli_static:parse_manifest.obj
 0001:00005fc8       JLI_FreeManifest           0000000140006fc8 f   jli_static:parse_manifest.obj
 0001:00006098       JLI_PrefixVersionId        0000000140007098 f   jli_static:version_comp.obj
 0001:0000617c       JLI_ExactVersionId         000000014000717c f   jli_static:version_comp.obj
 0001:0000628c       JLI_AcceptableRelease      000000014000728c f   jli_static:version_comp.obj
 0001:000063a4       JLI_ValidVersionString     00000001400073a4 f   jli_static:version_comp.obj
 0001:00006518       inflateResetKeep           0000000140007518 f   jli_static:inflate.obj
 0001:000065b8       inflateReset               00000001400075b8 f   jli_static:inflate.obj
 0001:000065dc       inflateReset2              00000001400075dc f   jli_static:inflate.obj
 0001:00006670       inflateInit2_              0000000140007670 f   jli_static:inflate.obj
 0001:0000685c       inflate                    000000014000785c f   jli_static:inflate.obj
 0001:00008188       inflateEnd                 0000000140009188 f   jli_static:inflate.obj
 0001:000081f8       zcalloc                    00000001400091f8 f   jli_static:zutil.obj
 0001:00008204       zcfree                     0000000140009204 f   jli_static:zutil.obj
 0001:0000820c       inflate_fast               000000014000920c f   jli_static:inffast.obj
 0001:00008758       inflate_table              0000000140009758 f   jli_static:inftrees.obj
 0001:00008b9c       adler32                    0000000140009b9c f   jli_static:zadler32.obj
 0001:0000917c       crc32                      000000014000a17c f   jli_static:zcrc32.obj
 0001:0000918c       __crtCorExitProcess        000000014000a18c f   LIBCMT:crt0dat.obj
 0001:000091c8       __crtExitProcess           000000014000a1c8 f   LIBCMT:crt0dat.obj
 0001:000091e0       _lockexit                  000000014000a1e0 f   LIBCMT:crt0dat.obj
 0001:000091ec       _unlockexit                000000014000a1ec f   LIBCMT:crt0dat.obj
 0001:000091f8       _init_pointers             000000014000a1f8 f   LIBCMT:crt0dat.obj
 0001:00009270       _initterm_e                000000014000a270 f   LIBCMT:crt0dat.obj
 0001:000092ac       _cinit                     000000014000a2ac f   LIBCMT:crt0dat.obj
 0001:000094ec       exit                       000000014000a4ec f   LIBCMT:crt0dat.obj
 0001:000094f8       _exit                      000000014000a4f8 f   LIBCMT:crt0dat.obj
 0001:00009504       _cexit                     000000014000a504 f   LIBCMT:crt0dat.obj
 0001:00009514       _c_exit                    000000014000a514 f   LIBCMT:crt0dat.obj
 0001:00009524       _amsg_exit                 000000014000a524 f   LIBCMT:crt0dat.obj
 0001:0000954c       printf                     000000014000a54c f   LIBCMT:printf.obj
 0001:000095f8       _get_printf_count_output   000000014000a5f8 f   LIBCMT:printf.obj
 0001:00009610       _getenv_helper_nolock      000000014000a610 f   LIBCMT:getenv.obj
 0001:000096b4       getenv                     000000014000a6b4 f   LIBCMT:getenv.obj
 0001:000098bc       WinMainCRTStartup          000000014000a8bc f   LIBCMT:wincrt0.obj
 0001:000098d0       free                       000000014000a8d0 f   LIBCMT:free.obj
 0001:00009b90       putenv                     000000014000ab90 f   LIBCMT:putenv.obj
 0001:00009b90       _putenv                    000000014000ab90 f   LIBCMT:putenv.obj
 0001:00009bc4       _getpid                    000000014000abc4 f   LIBCMT:getpid.obj
 0001:00009be0       strlen                     000000014000abe0 f   LIBCMT:strlen.obj
 0001:00009d30       sscanf                     000000014000ad30 f   LIBCMT:sscanf.obj
 0001:00009d80       memcpy                     000000014000ad80 f   LIBCMT:memcpy.obj
 0001:00009d80       memmove                    000000014000ad80     LIBCMT:memcpy.obj
 0001:0000a0b4       sprintf                    000000014000b0b4 f   LIBCMT:sprintf.obj
 0001:0000a170       memset                     000000014000b170 f   LIBCMT:memset.obj
 0001:0000a25c       __GSHandlerCheckCommon     000000014000b25c f   LIBCMT:gshandler.obj
 0001:0000a2c0       __GSHandlerCheck           000000014000b2c0 f   LIBCMT:gshandler.obj
 0001:0000a2f0       strcat                     000000014000b2f0 f   LIBCMT:strcat.obj
 0001:0000a390       strcpy                     000000014000b390 f   LIBCMT:strcat.obj
 0001:0000a393       ___entry_from_strcat_in_strcpy 000000014000b393     LIBCMT:strcat.obj
 0001:0000a460       __security_check_cookie    000000014000b460 f   LIBCMT:amdsecgs.obj
 0001:0000a490       strcmp                     000000014000b490 f   LIBCMT:strcmp.obj
 0001:0000a540       _cfltcvt_init              000000014000b540 f   LIBCMT:_fpinit_.obj
 0001:0000a5c8       _fpmath                    000000014000b5c8 f   LIBCMT:_fpinit_.obj
 0001:0000a5d0       fprintf                    000000014000b5d0 f   LIBCMT:fprintf.obj
 0001:0000a700       vfprintf_helper            000000014000b700 f   LIBCMT:vfprintf.obj
 0001:0000a844       vfprintf                   000000014000b844 f   LIBCMT:vfprintf.obj
 0001:0000a868       __iob_func                 000000014000b868 f   LIBCMT:_file.obj
 0001:0000a870       __initstdio                000000014000b870 f   LIBCMT:_file.obj
 0001:0000a950       __endstdio                 000000014000b950 f   LIBCMT:_file.obj
 0001:0000a978       _lock_file                 000000014000b978 f   LIBCMT:_file.obj
 0001:0000a9dc       _lock_file2                000000014000b9dc f   LIBCMT:_file.obj
 0001:0000aa10       _unlock_file               000000014000ba10 f   LIBCMT:_file.obj
 0001:0000aa5c       _unlock_file2              000000014000ba5c f   LIBCMT:_file.obj
 0001:0000aa7c       _fclose_nolock             000000014000ba7c f   LIBCMT:fclose.obj
 0001:0000aaf8       fclose                     000000014000baf8 f   LIBCMT:fclose.obj
 0001:0000ab60       strspn                     000000014000bb60 f   LIBCMT:strspn.obj
 0001:0000ac14       strcspn                    000000014000bc14 f   LIBCMT:strcspn.obj
 0001:0000aca8       fgets                      000000014000bca8 f   LIBCMT:fgets.obj
 0001:0000ae10       _fsopen                    000000014000be10 f   LIBCMT:fopen.obj
 0001:0000aee8       fopen                      000000014000bee8 f   LIBCMT:fopen.obj
 0001:0000aef4       perror                     000000014000bef4 f   LIBCMT:perror.obj
 0001:0000afa4       malloc                     000000014000bfa4 f   LIBCMT:malloc.obj
 0001:0000b05c       realloc                    000000014000c05c f   LIBCMT:realloc.obj
 0001:0000b130       vprintf_helper             000000014000c130 f   LIBCMT:vprintf.obj
 0001:0000b1d8       vprintf                    000000014000c1d8 f   LIBCMT:vprintf.obj
 0001:0000b200       strncmp                    000000014000c200 f   LIBCMT:strncmp.obj
 0001:0000b2b8       _stat64i32                 000000014000c2b8 f   LIBCMT:stati32.obj
 0001:0000b7b8       strrchr                    000000014000c7b8 f   LIBCMT:strrchr.obj
 0001:0000b7e0       _vsnprintf_l               000000014000c7e0 f   LIBCMT:vsnprint.obj
 0001:0000b8ac       vsnprintf                  000000014000c8ac f   LIBCMT:vsnprint.obj
 0001:0000b8ac       _vsnprintf                 000000014000c8ac f   LIBCMT:vsnprint.obj
 0001:0000b8c4       _vscprintf_helper          000000014000c8c4 f   LIBCMT:vsprintf.obj
 0001:0000b954       _vscprintf                 000000014000c954 f   LIBCMT:vsprintf.obj
 0001:0000b96c       strerror                   000000014000c96c f   LIBCMT:strerror.obj
 0001:0000ba08       _get_errno_from_oserr      000000014000ca08 f   LIBCMT:dosmap.obj
 0001:0000ba50       _errno                     000000014000ca50 f   LIBCMT:dosmap.obj
 0001:0000ba70       __doserrno                 000000014000ca70 f   LIBCMT:dosmap.obj
 0001:0000ba90       _dosmaperr                 000000014000ca90 f   LIBCMT:dosmap.obj
 0001:0000bad8       _flush                     000000014000cad8 f   LIBCMT:fflush.obj
 0001:0000bb54       _fflush_nolock             000000014000cb54 f   LIBCMT:fflush.obj
 0001:0000bc8c       fflush                     000000014000cc8c f   LIBCMT:fflush.obj
 0001:0000bcd0       _flushall                  000000014000ccd0 f   LIBCMT:fflush.obj
 0001:0000bcdc       strchr                     000000014000ccdc f   LIBCMT:strchr.obj
 0001:0000bcf8       _endthreadex               000000014000ccf8 f   LIBCMT:threadex.obj
 0001:0000bdc8       _beginthreadex             000000014000cdc8 f   LIBCMT:threadex.obj
 0001:0000bebc       _access_s                  000000014000cebc f   LIBCMT:access.obj
 0001:0000bf3c       _access                    000000014000cf3c f   LIBCMT:access.obj
 0001:0000bf50       _lseeki64_nolock           000000014000cf50 f   LIBCMT:lseeki64.obj
 0001:0000bfe8       _lseeki64                  000000014000cfe8 f   LIBCMT:lseeki64.obj
 0001:0000c0e0       memcmp                     000000014000d0e0 f   LIBCMT:memcmp.obj
 0001:0000c1a8       strpbrk                    000000014000d1a8 f   LIBCMT:strpbrk.obj
 0001:0000c244       ??0_LocaleUpdate@@QEAA@PEAUlocaleinfo_struct@@@Z 000000014000d244 f i LIBCMT:_ctype.obj
 0001:0000c2e8       isdigit                    000000014000d2e8 f i LIBCMT:_ctype.obj
 0001:0000c368       isxdigit                   000000014000d368 f i LIBCMT:_ctype.obj
 0001:0000c3ec       isspace                    000000014000d3ec f i LIBCMT:_ctype.obj
 0001:0000c46c       _mtinitlocks               000000014000d46c f   LIBCMT:mlock.obj
 0001:0000c4f0       _mtdeletelocks             000000014000d4f0 f   LIBCMT:mlock.obj
 0001:0000c578       _unlock                    000000014000d578 f   LIBCMT:mlock.obj
 0001:0000c590       _mtinitlocknum             000000014000d590 f   LIBCMT:mlock.obj
 0001:0000c678       _lock                      000000014000d678 f   LIBCMT:mlock.obj
 0001:0000c6bc       ?terminate@@YAXXZ          000000014000d6bc f   LIBCMT:hooks.obj
 0001:0000c6e0       _initp_eh_hooks            000000014000d6e0 f   LIBCMT:hooks.obj
 0001:0000c700       _initp_misc_winsig         000000014000d700 f   LIBCMT:winsig.obj
 0001:0000c720       __get_sigabrt              000000014000d720 f   LIBCMT:winsig.obj
 0001:0000c730       raise                      000000014000d730 f   LIBCMT:winsig.obj
 0001:0000c964       _initp_misc_rand_s         000000014000d964 f   LIBCMT:rand_s.obj
 0001:0000c96c       _initp_misc_purevirt       000000014000d96c f   LIBCMT:inithelp.obj
 0001:0000c974       _initp_misc_invarg         000000014000d974 f   LIBCMT:invarg.obj
 0001:0000c97c       _call_reportfault          000000014000d97c f   LIBCMT:invarg.obj
 0001:0000cac8       _invoke_watson             000000014000dac8 f   LIBCMT:invarg.obj
 0001:0000cafc       _invalid_parameter         000000014000dafc f   LIBCMT:invarg.obj
 0001:0000cb6c       _invalid_parameter_noinfo  000000014000db6c f   LIBCMT:invarg.obj
 0001:0000cb8c       _initp_heap_handler        000000014000db8c f   LIBCMT:handler.obj
 0001:0000cb94       _callnewh                  000000014000db94 f   LIBCMT:handler.obj
 0001:0000cbc8       _encoded_null              000000014000dbc8 f   LIBCMT:tidtable.obj
 0001:0000cbd4       __fls_getvalue             000000014000dbd4 f   LIBCMT:tidtable.obj
 0001:0000cbdc       __get_flsindex             000000014000dbdc f   LIBCMT:tidtable.obj
 0001:0000cbe4       __set_flsgetvalue          000000014000dbe4 f   LIBCMT:tidtable.obj
 0001:0000cbe8       __fls_setvalue             000000014000dbe8 f   LIBCMT:tidtable.obj
 0001:0000cbf0       _mtterm                    000000014000dbf0 f   LIBCMT:tidtable.obj
 0001:0000cc18       _initptd                   000000014000dc18 f   LIBCMT:tidtable.obj
 0001:0000ccd0       _getptd_noexit             000000014000dcd0 f   LIBCMT:tidtable.obj
 0001:0000cd54       _getptd                    000000014000dd54 f   LIBCMT:tidtable.obj
 0001:0000cd78       _freefls                   000000014000dd78 f   LIBCMT:tidtable.obj
 0001:0000ceac       _freeptd                   000000014000deac f   LIBCMT:tidtable.obj
 0001:0000ceec       _mtinit                    000000014000deec f   LIBCMT:tidtable.obj
 0001:0000cf70       __onexitinit               000000014000df70 f   LIBCMT:onexit.obj
 0001:0000cfb4       _onexit                    000000014000dfb4 f   LIBCMT:onexit.obj
 0001:0000d0c0       atexit                     000000014000e0c0 f   LIBCMT:onexit.obj
 0001:0000d0d8       _RTC_Initialize            000000014000e0d8 f   LIBCMT:_initsect_.obj
 0001:0000d110       _RTC_Terminate             000000014000e110 f   LIBCMT:_initsect_.obj
 0001:0000d148       _initp_misc_cfltcvt_tab    000000014000e148 f   LIBCMT:cmiscdat.obj
 0001:0000d180       _ValidateImageBase         000000014000e180 f   LIBCMT:pesect.obj
 0001:0000d1b0       _FindPESection             000000014000e1b0 f   LIBCMT:pesect.obj
 0001:0000d200       _IsNonwritableInCurrentImage 000000014000e200 f   LIBCMT:pesect.obj
 0001:0000d244       __C_specific_handler       000000014000e244 f   LIBCMT:chandler.obj
 0001:0000d444       _GET_RTERRMSG              000000014000e444 f   LIBCMT:crt0msg.obj
 0001:0000d470       _NMSG_WRITE                000000014000e470 f   LIBCMT:crt0msg.obj
 0001:0000d6d0       _FF_MSGBANNER              000000014000e6d0 f   LIBCMT:crt0msg.obj
 0001:0000d714       _stbuf                     000000014000e714 f   LIBCMT:_sftbuf.obj
 0001:0000d7e8       _ftbuf                     000000014000e7e8 f   LIBCMT:_sftbuf.obj
 0001:0000d964       _output_l                  000000014000e964 f   LIBCMT:output.obj
 0001:0000e3c8       _mbsnbicoll_l              000000014000f3c8 f   LIBCMT:mbsnbico.obj
 0001:0000e4cc       _mbsnbicoll                000000014000f4cc f   LIBCMT:mbsnbico.obj
 0001:0000e4d4       __wtomb_environ            000000014000f4d4 f   LIBCMT:wtombenv.obj
 0001:0000e5c8       strcpy_s                   000000014000f5c8 f   LIBCMT:strcpy_s.obj
 0001:0000e62c       calloc                     000000014000f62c f   LIBCMT:calloc.obj
 0001:0000e670       strnlen                    000000014000f670 f   LIBCMT:strlen_s.obj
 0001:0000e68c       ?__CxxUnhandledExceptionFilter@@YAJPEAU_EXCEPTION_POINTERS@@@Z 000000014000f68c f   LIBCMT:unhandld.obj
 0001:0000e6d0       __CxxSetUnhandledExceptionFilter 000000014000f6d0 f   LIBCMT:unhandld.obj
 0001:0000e6e8       _XcptFilter                000000014000f6e8 f   LIBCMT:winxfltr.obj
 0001:0000e8b8       _wincmdln                  000000014000f8b8 f   LIBCMT:wincmdln.obj
 0001:0000e934       _setenvp                   000000014000f934 f   LIBCMT:stdenvp.obj
 0001:0000ec34       _setargv                   000000014000fc34 f   LIBCMT:stdargv.obj
 0001:0000ed2c       __crtGetEnvironmentStringsA 000000014000fd2c f   LIBCMT:a_env.obj
 0001:0000ee20       _ioinit                    000000014000fe20 f   LIBCMT:ioinit.obj
 0001:0000f0f4       _heap_init                 00000001400100f4 f   LIBCMT:heapinit.obj
 0001:0000f14c       __security_init_cookie     000000014001014c f   LIBCMT:gs_support.obj
 0001:0000f200       __crtwsetenv               0000000140010200 f   LIBCMT:wsetenv.obj
 0001:0000f5bc       wcslen                     00000001400105bc f   LIBCMT:wcslen.obj
 0001:0000f5d8       __crtsetenv                00000001400105d8 f   LIBCMT:setenv.obj
 0001:0000f974       _malloc_crt                0000000140010974 f   LIBCMT:crtheap.obj
 0001:0000f9f4       _calloc_crt                00000001400109f4 f   LIBCMT:crtheap.obj
 0001:0000fa78       _realloc_crt               0000000140010a78 f   LIBCMT:crtheap.obj
 0001:0000fb00       _recalloc_crt              0000000140010b00 f   LIBCMT:crtheap.obj
 0001:0000fb88       _mbschr_l                  0000000140010b88 f   LIBCMT:mbschr.obj
 0001:0000fc74       _mbschr                    0000000140010c74 f   LIBCMT:mbschr.obj
 0001:0000fd3c       _input_l                   0000000140010d3c f   LIBCMT:input.obj
 0001:00010db0       _flsbuf                    0000000140011db0 f   LIBCMT:_flsbuf.obj
 0001:00010f40       __report_gsfailure         0000000140011f40 f   LIBCMT:gs_report.obj
 0001:0001108c       _forcdecpt_l               000000014001208c f   LIBCMT:cvt.obj
 0001:0001110c       _cropzeros_l               000000014001210c f   LIBCMT:cvt.obj
 0001:000111ac       _positive                  00000001400121ac f   LIBCMT:cvt.obj
 0001:000111c4       _fassign_l                 00000001400121c4 f   LIBCMT:cvt.obj
 0001:00011208       _fassign                   0000000140012208 f   LIBCMT:cvt.obj
 0001:00011210       _forcdecpt                 0000000140012210 f   LIBCMT:cvt.obj
 0001:00011218       _cropzeros                 0000000140012218 f   LIBCMT:cvt.obj
 0001:00011454       _cftoe_l                   0000000140012454 f   LIBCMT:cvt.obj
 0001:0001154c       _cftoa_l                   000000014001254c f   LIBCMT:cvt.obj
 0001:00011ac8       _cftof_l                   0000000140012ac8 f   LIBCMT:cvt.obj
 0001:00011b9c       _cftog_l                   0000000140012b9c f   LIBCMT:cvt.obj
 0001:00011cd0       _cfltcvt_l                 0000000140012cd0 f   LIBCMT:cvt.obj
 0001:00011d68       _cfltcvt                   0000000140012d68 f   LIBCMT:cvt.obj
 0001:00011d8c       _fileno                    0000000140012d8c f   LIBCMT:fileno.obj
 0001:00011db4       _fcloseall                 0000000140012db4 f   LIBCMT:closeall.obj
 0001:00011e60       _close_nolock              0000000140012e60 f   LIBCMT:close.obj
 0001:00011f1c       close                      0000000140012f1c f   LIBCMT:close.obj
 0001:00011f1c       _close                     0000000140012f1c f   LIBCMT:close.obj
 0001:00011fe0       _freebuf                   0000000140012fe0 f   LIBCMT:_freebuf.obj
 0001:00012018       _filbuf                    0000000140013018 f   LIBCMT:_filbuf.obj
 0001:0001216c       _openfile                  000000014001316c f   LIBCMT:_open.obj
 0001:00012424       _getstream                 0000000140013424 f   LIBCMT:stream.obj
 0001:00012590       _local_unwind              0000000140013590 f   LIBCMT:jmpuwind.obj
 0001:000125c0       _NLG_Notify                00000001400135c0 f   LIBCMT:jmpuwind.obj
 0001:000125e0       __NLG_Dispatch2            00000001400135e0 f   LIBCMT:jmpuwind.obj
 0001:000125f0       __NLG_Return2              00000001400135f0 f   LIBCMT:jmpuwind.obj
 0001:000125f4       __sys_nerr                 00000001400135f4 f   LIBCMT:syserr.obj
 0001:000125fc       __sys_errlist              00000001400135fc f   LIBCMT:syserr.obj
 0001:00012604       _set_osfhnd                0000000140013604 f   LIBCMT:osfinfo.obj
 0001:000126b4       _free_osfhnd               00000001400136b4 f   LIBCMT:osfinfo.obj
 0001:00012760       _get_osfhandle             0000000140013760 f   LIBCMT:osfinfo.obj
 0001:000127d4       __lock_fhandle             00000001400137d4 f   LIBCMT:osfinfo.obj
 0001:0001287c       _unlock_fhandle            000000014001387c f   LIBCMT:osfinfo.obj
 0001:000128a4       _alloc_osfhnd              00000001400138a4 f   LIBCMT:osfinfo.obj
 0001:00012aac       _write_nolock              0000000140013aac f   LIBCMT:write.obj
 0001:0001320c       _write                     000000014001420c f   LIBCMT:write.obj
 0001:000132ec       _fullpath                  00000001400142ec f   LIBCMT:fullpath.obj
 0001:00013418       __dtoxmode                 0000000140014418 f   LIBCMT:stat.obj
 0001:00013500       _fstat64i32                0000000140014500 f   LIBCMT:fstati32.obj
 0001:0001405c       open                       000000014001505c f   LIBCMT:open.obj
 0001:0001405c       _open                      000000014001505c f   LIBCMT:open.obj
 0001:00014134       _sopen_helper              0000000140015134 f   LIBCMT:open.obj
 0001:00014208       _sopen_s                   0000000140015208 f   LIBCMT:open.obj
 0001:0001423c       __loctotime64_t            000000014001523c f   LIBCMT:dtoxtm64.obj
 0001:00014508       _getdrive                  0000000140015508 f   LIBCMT:drive.obj
 0001:000145f8       _mbctolower_l              00000001400155f8 f   LIBCMT:mbtolwr.obj
 0001:000146dc       _mbctolower                00000001400156dc f   LIBCMT:mbtolwr.obj
 0001:000146e4       _mbspbrk_l                 00000001400156e4 f   LIBCMT:mbspbrk.obj
 0001:000147d8       _mbspbrk                   00000001400157d8 f   LIBCMT:mbspbrk.obj
 0001:000147e0       strncpy_s                  00000001400157e0 f   LIBCMT:strncpy_s.obj
 0001:000148a0       _commit                    00000001400158a0 f   LIBCMT:commit.obj
 0001:00014bf4       __updatetmbcinfo           0000000140015bf4 f   LIBCMT:mbctype.obj
 0001:00014d40       _setmbcp_nolock            0000000140015d40 f   LIBCMT:mbctype.obj
 0001:00014fb8       _setmbcp                   0000000140015fb8 f   LIBCMT:mbctype.obj
 0001:00015198       __initmbctable             0000000140016198 f   LIBCMT:mbctype.obj
 0001:000151c0       __addlocaleref             00000001400161c0 f   LIBCMT:localref.obj
 0001:0001524c       __removelocaleref          000000014001624c f   LIBCMT:localref.obj
 0001:000152f0       __freetlocinfo             00000001400162f0 f   LIBCMT:localref.obj
 0001:0001546c       _updatetlocinfoEx_nolock   000000014001646c f   LIBCMT:localref.obj
 0001:000154c4       __updatetlocinfo           00000001400164c4 f   LIBCMT:localref.obj
 0001:0001553c       _isctype_l                 000000014001653c f   LIBCMT:isctype.obj
 0001:00015624       abort                      0000000140016624 f   LIBCMT:abort.obj
 0001:00015664       __crt_debugger_hook        0000000140016664 f   LIBCMT:dbghook.obj
 0001:0001566c       _msize                     000000014001666c f   LIBCMT:msize.obj
 0001:000156a8       _fptrap                    00000001400166a8 f   LIBCMT:crt0fp.obj
 0001:000156b4       __crtMessageBoxW           00000001400166b4 f   LIBCMT:crtmboxw.obj
 0001:000158bc       wcscat_s                   00000001400168bc f   LIBCMT:wcscat_s.obj
 0001:00015944       wcsncpy_s                  0000000140016944 f   LIBCMT:wcsncpy_s.obj
 0001:00015a14       wcscpy_s                   0000000140016a14 f   LIBCMT:wcscpy_s.obj
 0001:00015a80       _set_error_mode            0000000140016a80 f   LIBCMT:errmode.obj
 0001:00015ac0       _isatty                    0000000140016ac0 f   LIBCMT:isatty.obj
 0001:00015b20       _isleadbyte_l              0000000140016b20 f i LIBCMT:_wctype.obj
 0001:00015b68       isleadbyte                 0000000140016b68 f i LIBCMT:_wctype.obj
 0001:00015bb0       _wctomb_s_l                0000000140016bb0 f   LIBCMT:wctomb.obj
 0001:00015d74       wctomb_s                   0000000140016d74 f   LIBCMT:wctomb.obj
 0001:000160cc       __crtCompareStringA        00000001400170cc f   LIBCMT:a_cmp.obj
 0001:00016158       _strnicoll_l               0000000140017158 f   LIBCMT:strnicol.obj
 0001:0001625c       _calloc_impl               000000014001725c f   LIBCMT:calloc_impl.obj
 0001:00016374       _ismbblead                 0000000140017374 f   LIBCMT:ismbbyte.obj
 0001:00016388       _wcsnicoll_l               0000000140017388 f   LIBCMT:wcsnicol.obj
 0001:000164b0       _wcsnicoll                 00000001400174b0 f   LIBCMT:wcsnicol.obj
 0001:00016544       _wcsdup                    0000000140017544 f   LIBCMT:wcsdup.obj
 0001:000165bc       __mbtow_environ            00000001400175bc f   LIBCMT:mbtowenv.obj
 0001:00016684       _wsetenvp                  0000000140017684 f   LIBCMT:wstdenvp.obj
 0001:000167bc       __crtGetEnvironmentStringsW 00000001400177bc f   LIBCMT:w_env.obj
 0001:00016844       wcschr                     0000000140017844 f   LIBCMT:wcschr.obj
 0001:00016864       strdup                     0000000140017864 f   LIBCMT:strdup.obj
 0001:00016864       _strdup                    0000000140017864 f   LIBCMT:strdup.obj
 0001:000168d4       _recalloc                  00000001400178d4 f   LIBCMT:recalloc.obj
 0001:0001695c       _ungetc_nolock             000000014001795c f   LIBCMT:ungetc.obj
 0001:00016a68       _mbtowc_l                  0000000140017a68 f   LIBCMT:mbtowc.obj
 0001:00016be0       mbtowc                     0000000140017be0 f   LIBCMT:mbtowc.obj
 0001:00016be8       _getbuf                    0000000140017be8 f   LIBCMT:_getbuf.obj
 0001:00016c3c       _tolower_l                 0000000140017c3c f   LIBCMT:tolower.obj
 0001:00016d8c       tolower                    0000000140017d8c f   LIBCMT:tolower.obj
 0001:00016dac       _atodbl_l                  0000000140017dac f   LIBCMT:atodbl.obj
 0001:00016eac       _atoflt_l                  0000000140017eac f   LIBCMT:atodbl.obj
 0001:00016fac       _fptostr                   0000000140017fac f   LIBCMT:_fptostr.obj
 0001:00017078       __dtold                    0000000140018078 f   LIBCMT:_cfout_.obj
 0001:00017140       _fltout2                   0000000140018140 f   LIBCMT:_cfout_.obj
 0001:00017464       strtol                     0000000140018464 f   LIBCMT:strtol.obj
 0001:00017494       _read_nolock               0000000140018494 f   LIBCMT:read.obj
 0001:00017bb8       read                       0000000140018bb8 f   LIBCMT:read.obj
 0001:00017bb8       _read                      0000000140018bb8 f   LIBCMT:read.obj
 0001:00017cd4       _mbsnbicmp_l               0000000140018cd4 f   LIBCMT:mbsnbicm.obj
 0001:00017ebc       _mbsnbicmp                 0000000140018ebc f   LIBCMT:mbsnbicm.obj
 0001:00017ec4       _mbsnbcmp_l                0000000140018ec4 f   LIBCMT:mbsnbcmp.obj
 0001:00018024       _mbsnbcmp                  0000000140019024 f   LIBCMT:mbsnbcmp.obj
 0001:0001802c       _putwch_nolock             000000014001902c f   LIBCMT:putwch.obj
 0001:000180a0       _alloca_probe              00000001400190a0     LIBCMT:chkstk.obj
 0001:000180a0       __chkstk                   00000001400190a0 f   LIBCMT:chkstk.obj
 0001:000180f0       _validdrive                00000001400190f0 f   LIBCMT:getcwd.obj
 0001:00018154       _getdcwd_nolock            0000000140019154 f   LIBCMT:getcwd.obj
 0001:00018280       _getcwd                    0000000140019280 f   LIBCMT:getcwd.obj
 0001:000182c4       _mbsicmp_l                 00000001400192c4 f   LIBCMT:mbsicmp.obj
 0001:000184d0       _mbsicmp                   00000001400194d0 f   LIBCMT:mbsicmp.obj
 0001:000184d8       _mbsrchr_l                 00000001400194d8 f   LIBCMT:mbsrchr.obj
 0001:000185b8       _mbsrchr                   00000001400195b8 f   LIBCMT:mbsrchr.obj
 0001:000185c0       __GSHandlerCheck_SEH       00000001400195c0 f   LIBCMT:gshandlerseh.obj
 0001:00018654       _chsize_nolock             0000000140019654 f   LIBCMT:chsize.obj
 0001:000187ec       _lseek_nolock              00000001400197ec f   LIBCMT:lseek.obj
 0001:00018884       _setmode_nolock            0000000140019884 f   LIBCMT:setmode.obj
 0001:00018954       _get_fmode                 0000000140019954 f   LIBCMT:setmode.obj
 0001:00019384       __tzset                    000000014001a384 f   LIBCMT:tzset.obj
 0001:000193c0       _isindst                   000000014001a3c0 f   LIBCMT:tzset.obj
 0001:000193f0       _get_daylight              000000014001a3f0 f   LIBCMT:timeset.obj
 0001:00019420       _get_dstbias               000000014001a420 f   LIBCMT:timeset.obj
 0001:00019450       _get_timezone              000000014001a450 f   LIBCMT:timeset.obj
 0001:00019480       __daylight                 000000014001a480 f   LIBCMT:timeset.obj
 0001:00019488       __dstbias                  000000014001a488 f   LIBCMT:timeset.obj
 0001:00019490       __timezone                 000000014001a490 f   LIBCMT:timeset.obj
 0001:00019498       __tzname                   000000014001a498 f   LIBCMT:timeset.obj
 0001:0001976c       __crtLCMapStringA          000000014001a76c f   LIBCMT:a_map.obj
 0001:00019964       __crtGetStringTypeA        000000014001a964 f   LIBCMT:a_str.obj
 0001:000199e4       __free_lc_time             000000014001a9e4 f   LIBCMT:inittime.obj
 0001:00019dd4       __free_lconv_num           000000014001add4 f   LIBCMT:initnum.obj
 0001:00019e40       __free_lconv_mon           000000014001ae40 f   LIBCMT:initmon.obj
 0001:00019f4c       ___lc_codepage_func        000000014001af4c f   LIBCMT:initctyp.obj
 0001:00019f84       __ascii_strnicmp           000000014001af84 f   LIBCMT:strnicmp.obj
 0001:00019fcc       _strnicmp_l                000000014001afcc f   LIBCMT:strnicmp.obj
 0001:0001a0d0       _strnicmp                  000000014001b0d0 f   LIBCMT:strnicmp.obj
 0001:0001a0d0       strnicmp                   000000014001b0d0 f   LIBCMT:strnicmp.obj
 0001:0001a120       __crtCompareStringW        000000014001b120 f   LIBCMT:w_cmp.obj
 0001:0001a1c8       _ld12tod                   000000014001b1c8 f   LIBCMT:_intrncvt_.obj
 0001:0001a794       _ld12tof                   000000014001b794 f   LIBCMT:_intrncvt_.obj
 0001:0001ad60       __strgtold12_l             000000014001bd60 f   LIBCMT:_strgtold_.obj
 0001:0001b5c4       $I10_OUTPUT                000000014001c5c4 f   LIBCMT:_x10fout_.obj
 0001:0001c078       __initconout               000000014001d078 f   LIBCMT:initcon.obj
 0001:0001c0b4       __termconout               000000014001d0b4 f   LIBCMT:initcon.obj
 0001:0001c0d8       __ascii_stricmp            000000014001d0d8 f   LIBCMT:stricmp.obj
 0001:0001c114       _stricmp_l                 000000014001d114 f   LIBCMT:stricmp.obj
 0001:0001c1ec       _stricmp                   000000014001d1ec f   LIBCMT:stricmp.obj
 0001:0001c1ec       stricmp                    000000014001d1ec f   LIBCMT:stricmp.obj
 0001:0001c234       atol                       000000014001d234 f   LIBCMT:atox.obj
 0001:0001c240       wcsnlen                    000000014001d240 f   LIBCMT:wcslen_s.obj
 0001:0001c260       __mtold12                  000000014001d260 f   LIBCMT:_mantold_.obj
 0001:0001c47a       RtlVirtualUnwind           000000014001d47a f   kernel32:KERNEL32.dll
 0001:0001c480       RtlLookupFunctionEntry     000000014001d480 f   kernel32:KERNEL32.dll
 0001:0001c486       RtlUnwindEx                000000014001d486 f   kernel32:KERNEL32.dll
 0002:00000000       __imp_RegCloseKey          000000014001e000     advapi32:ADVAPI32.dll
 0002:00000008       __imp_RegOpenKeyExA        000000014001e008     advapi32:ADVAPI32.dll
 0002:00000010       __imp_RegEnumKeyA          000000014001e010     advapi32:ADVAPI32.dll
 0002:00000018       __imp_RegQueryValueExA     000000014001e018     advapi32:ADVAPI32.dll
 0002:00000020       \177ADVAPI32_NULL_THUNK_DATA 000000014001e020     advapi32:ADVAPI32.dll
 0002:00000028       __imp_InitCommonControlsEx 000000014001e028     comctl32:COMCTL32.dll
 0002:00000030       \177COMCTL32_NULL_THUNK_DATA 000000014001e030     comctl32:COMCTL32.dll
 0002:00000038       __imp_CreateFileW          000000014001e038     kernel32:KERNEL32.dll
 0002:00000040       __imp_GetCommandLineA      000000014001e040     kernel32:KERNEL32.dll
 0002:00000048       __imp_GetModuleFileNameA   000000014001e048     kernel32:KERNEL32.dll
 0002:00000050       __imp_QueryPerformanceCounter 000000014001e050     kernel32:KERNEL32.dll
 0002:00000058       __imp_QueryPerformanceFrequency 000000014001e058     kernel32:KERNEL32.dll
 0002:00000060       __imp_LocalFree            000000014001e060     kernel32:KERNEL32.dll
 0002:00000068       __imp_FormatMessageA       000000014001e068     kernel32:KERNEL32.dll
 0002:00000070       __imp_GetLastError         000000014001e070     kernel32:KERNEL32.dll
 0002:00000078       __imp_CloseHandle          000000014001e078     kernel32:KERNEL32.dll
 0002:00000080       __imp_GetExitCodeProcess   000000014001e080     kernel32:KERNEL32.dll
 0002:00000088       __imp_WaitForSingleObject  000000014001e088     kernel32:KERNEL32.dll
 0002:00000090       __imp_CreateProcessA       000000014001e090     kernel32:KERNEL32.dll
 0002:00000098       __imp_GetExitCodeThread    000000014001e098     kernel32:KERNEL32.dll
 0002:000000a0       __imp_GetProcAddress       000000014001e0a0     kernel32:KERNEL32.dll
 0002:000000a8       __imp_GetModuleHandleA     000000014001e0a8     kernel32:KERNEL32.dll
 0002:000000b0       __imp_LoadLibraryA         000000014001e0b0     kernel32:KERNEL32.dll
 0002:000000b8       __imp_FindFirstFileA       000000014001e0b8     kernel32:KERNEL32.dll
 0002:000000c0       __imp_FindNextFileA        000000014001e0c0     kernel32:KERNEL32.dll
 0002:000000c8       __imp_FindClose            000000014001e0c8     kernel32:KERNEL32.dll
 0002:000000d0       __imp_GetModuleHandleW     000000014001e0d0     kernel32:KERNEL32.dll
 0002:000000d8       __imp_ExitProcess          000000014001e0d8     kernel32:KERNEL32.dll
 0002:000000e0       __imp_DecodePointer        000000014001e0e0     kernel32:KERNEL32.dll
 0002:000000e8       __imp_GetStartupInfoW      000000014001e0e8     kernel32:KERNEL32.dll
 0002:000000f0       __imp_HeapFree             000000014001e0f0     kernel32:KERNEL32.dll
 0002:000000f8       __imp_MultiByteToWideChar  000000014001e0f8     kernel32:KERNEL32.dll
 0002:00000100       __imp_GetCurrentProcessId  000000014001e100     kernel32:KERNEL32.dll
 0002:00000108       __imp_EnterCriticalSection 000000014001e108     kernel32:KERNEL32.dll
 0002:00000110       __imp_LeaveCriticalSection 000000014001e110     kernel32:KERNEL32.dll
 0002:00000118       __imp_HeapAlloc            000000014001e118     kernel32:KERNEL32.dll
 0002:00000120       __imp_HeapReAlloc          000000014001e120     kernel32:KERNEL32.dll
 0002:00000128       __imp_FileTimeToSystemTime 000000014001e128     kernel32:KERNEL32.dll
 0002:00000130       __imp_FileTimeToLocalFileTime 000000014001e130     kernel32:KERNEL32.dll
 0002:00000138       __imp_GetDriveTypeA        000000014001e138     kernel32:KERNEL32.dll
 0002:00000140       __imp_FindFirstFileExA     000000014001e140     kernel32:KERNEL32.dll
 0002:00000148       __imp_ExitThread           000000014001e148     kernel32:KERNEL32.dll
 0002:00000150       __imp_GetCurrentThreadId   000000014001e150     kernel32:KERNEL32.dll
 0002:00000158       __imp_CreateThread         000000014001e158     kernel32:KERNEL32.dll
 0002:00000160       __imp_GetFileAttributesA   000000014001e160     kernel32:KERNEL32.dll
 0002:00000168       __imp_SetFilePointer       000000014001e168     kernel32:KERNEL32.dll
 0002:00000170       __imp_InitializeCriticalSectionAndSpinCount 000000014001e170     kernel32:KERNEL32.dll
 0002:00000178       __imp_DeleteCriticalSection 000000014001e178     kernel32:KERNEL32.dll
 0002:00000180       __imp_EncodePointer        000000014001e180     kernel32:KERNEL32.dll
 0002:00000188       __imp_LoadLibraryW         000000014001e188     kernel32:KERNEL32.dll
 0002:00000190       __imp_UnhandledExceptionFilter 000000014001e190     kernel32:KERNEL32.dll
 0002:00000198       __imp_SetUnhandledExceptionFilter 000000014001e198     kernel32:KERNEL32.dll
 0002:000001a0       __imp_IsDebuggerPresent    000000014001e1a0     kernel32:KERNEL32.dll
 0002:000001a8       __imp_RtlVirtualUnwind     000000014001e1a8     kernel32:KERNEL32.dll
 0002:000001b0       __imp_RtlLookupFunctionEntry 000000014001e1b0     kernel32:KERNEL32.dll
 0002:000001b8       __imp_RtlCaptureContext    000000014001e1b8     kernel32:KERNEL32.dll
 0002:000001c0       __imp_TerminateProcess     000000014001e1c0     kernel32:KERNEL32.dll
 0002:000001c8       __imp_GetCurrentProcess    000000014001e1c8     kernel32:KERNEL32.dll
 0002:000001d0       __imp_FlsGetValue          000000014001e1d0     kernel32:KERNEL32.dll
 0002:000001d8       __imp_FlsSetValue          000000014001e1d8     kernel32:KERNEL32.dll
 0002:000001e0       __imp_FlsFree              000000014001e1e0     kernel32:KERNEL32.dll
 0002:000001e8       __imp_SetLastError         000000014001e1e8     kernel32:KERNEL32.dll
 0002:000001f0       __imp_FlsAlloc             000000014001e1f0     kernel32:KERNEL32.dll
 0002:000001f8       __imp_RtlUnwindEx          000000014001e1f8     kernel32:KERNEL32.dll
 0002:00000200       __imp_WriteFile            000000014001e200     kernel32:KERNEL32.dll
 0002:00000208       __imp_GetStdHandle         000000014001e208     kernel32:KERNEL32.dll
 0002:00000210       __imp_GetModuleFileNameW   000000014001e210     kernel32:KERNEL32.dll
 0002:00000218       __imp_WideCharToMultiByte  000000014001e218     kernel32:KERNEL32.dll
 0002:00000220       __imp_FreeEnvironmentStringsW 000000014001e220     kernel32:KERNEL32.dll
 0002:00000228       __imp_GetEnvironmentStringsW 000000014001e228     kernel32:KERNEL32.dll
 0002:00000230       __imp_SetHandleCount       000000014001e230     kernel32:KERNEL32.dll
 0002:00000238       __imp_GetFileType          000000014001e238     kernel32:KERNEL32.dll
 0002:00000240       __imp_HeapSetInformation   000000014001e240     kernel32:KERNEL32.dll
 0002:00000248       __imp_GetVersion           000000014001e248     kernel32:KERNEL32.dll
 0002:00000250       __imp_HeapCreate           000000014001e250     kernel32:KERNEL32.dll
 0002:00000258       __imp_GetTickCount         000000014001e258     kernel32:KERNEL32.dll
 0002:00000260       __imp_GetSystemTimeAsFileTime 000000014001e260     kernel32:KERNEL32.dll
 0002:00000268       __imp_SetEnvironmentVariableW 000000014001e268     kernel32:KERNEL32.dll
 0002:00000270       __imp_SetEnvironmentVariableA 000000014001e270     kernel32:KERNEL32.dll
 0002:00000278       __imp_Sleep                000000014001e278     kernel32:KERNEL32.dll
 0002:00000280       __imp_SetStdHandle         000000014001e280     kernel32:KERNEL32.dll
 0002:00000288       __imp_GetConsoleCP         000000014001e288     kernel32:KERNEL32.dll
 0002:00000290       __imp_GetConsoleMode       000000014001e290     kernel32:KERNEL32.dll
 0002:00000298       __imp_GetFullPathNameA     000000014001e298     kernel32:KERNEL32.dll
 0002:000002a0       __imp_GetFileInformationByHandle 000000014001e2a0     kernel32:KERNEL32.dll
 0002:000002a8       __imp_PeekNamedPipe        000000014001e2a8     kernel32:KERNEL32.dll
 0002:000002b0       __imp_CreateFileA          000000014001e2b0     kernel32:KERNEL32.dll
 0002:000002b8       __imp_GetCurrentDirectoryW 000000014001e2b8     kernel32:KERNEL32.dll
 0002:000002c0       __imp_FlushFileBuffers     000000014001e2c0     kernel32:KERNEL32.dll
 0002:000002c8       __imp_GetCPInfo            000000014001e2c8     kernel32:KERNEL32.dll
 0002:000002d0       __imp_GetACP               000000014001e2d0     kernel32:KERNEL32.dll
 0002:000002d8       __imp_GetOEMCP             000000014001e2d8     kernel32:KERNEL32.dll
 0002:000002e0       __imp_IsValidCodePage      000000014001e2e0     kernel32:KERNEL32.dll
 0002:000002e8       __imp_HeapSize             000000014001e2e8     kernel32:KERNEL32.dll
 0002:000002f0       __imp_CompareStringW       000000014001e2f0     kernel32:KERNEL32.dll
 0002:000002f8       __imp_ReadFile             000000014001e2f8     kernel32:KERNEL32.dll
 0002:00000300       __imp_WriteConsoleW        000000014001e300     kernel32:KERNEL32.dll
 0002:00000308       __imp_GetDriveTypeW        000000014001e308     kernel32:KERNEL32.dll
 0002:00000310       __imp_SetEndOfFile         000000014001e310     kernel32:KERNEL32.dll
 0002:00000318       __imp_GetProcessHeap       000000014001e318     kernel32:KERNEL32.dll
 0002:00000320       __imp_GetTimeZoneInformation 000000014001e320     kernel32:KERNEL32.dll
 0002:00000328       __imp_LCMapStringW         000000014001e328     kernel32:KERNEL32.dll
 0002:00000330       __imp_GetStringTypeW       000000014001e330     kernel32:KERNEL32.dll
 0002:00000338       \177KERNEL32_NULL_THUNK_DATA 000000014001e338     kernel32:KERNEL32.dll
 0002:00000340       __imp_CharNextExA          000000014001e340     user32:USER32.dll
 0002:00000348       __imp_MessageBoxA          000000014001e348     user32:USER32.dll
 0002:00000350       \177USER32_NULL_THUNK_DATA 000000014001e350     user32:USER32.dll
 0002:00000358       __xc_a                     000000014001e358     LIBCMT:crt0init.obj
 0002:00000360       __xc_z                     000000014001e360     LIBCMT:crt0init.obj
 0002:00000368       __xi_a                     000000014001e368     LIBCMT:crt0init.obj
 0002:00000390       __xi_z                     000000014001e390     LIBCMT:crt0init.obj
 0002:00000398       __xp_a                     000000014001e398     LIBCMT:crt0init.obj
 0002:000003b0       __xp_z                     000000014001e3b0     LIBCMT:crt0init.obj
 0002:000003b8       __xt_a                     000000014001e3b8     LIBCMT:crt0init.obj
 0002:000003c0       __xt_z                     000000014001e3c0     LIBCMT:crt0init.obj
 0002:000003f0       ??_C@_07JMAJNDJI@openjdk?$AA@ 000000014001e3f0     main.obj
 0002:000003f8       ??_C@_05CEDPJNPL@javaw?$AA@ 000000014001e3f8     main.obj
 0002:00000400       ??_C@_08NIAMKNB@JAR?5file?$AA@ 000000014001e400     main.obj
 0002:00000410       ??_C@_0L@EOAAECLN@Main?5class?$AA@ 000000014001e410     main.obj
 0002:00000420       ??_C@_07NBCGADJA@Unknown?$AA@ 000000014001e420     main.obj
 0002:00000430       ??_C@_0DM@HENMKFIJ@1?48?40?9internal?9fastdebug?9adminis@ 000000014001e430     main.obj
 0002:0000046c       ??_C@_03LDGAGIDG@1?48?$AA@ 000000014001e46c     main.obj
 0002:00000470       ??_C@_0BE@OCLPFDNJ@wwwd_args?$FL?$CFd?$FN?5?$DN?5?$CFs?6?$AA@ 000000014001e470     main.obj
 0002:00000488       ??_C@_0BN@NGFJBAGH@Windows?5original?5main?5args?3?6?$AA@ 000000014001e488     main.obj
 0002:000004a8       ??_C@_0BF@FJHGBKOC@_JAVA_LAUNCHER_DEBUG?$AA@ 000000014001e4a8     main.obj
 0002:000004c0       ??_C@_02OJDBNLEE@?5?7?$AA@ 000000014001e4c0     jli_static:java.obj
 0002:000004c8       ??_C@_0L@FLLOCCHD@NMT_LEVEL_?$AA@ 000000014001e4c8     jli_static:java.obj
 0002:000004f0       ??_C@_0DD@JGMKIPCJ@TRACER_MARKER?3?5NativeMemoryTrack@ 000000014001e4f0     jli_static:java.obj
 0002:00000528       ??_C@_0DE@KHHPGILD@TRACER_MARKER?3?5NativeMemoryTrack@ 000000014001e528     jli_static:java.obj
 0002:00000560       ??_C@_0DE@KEMGKHHI@TRACER_MARKER?3?5NativeMemoryTrack@ 000000014001e560     jli_static:java.obj
 0002:00000594       ??_C@_04HGGBINEM@?$CFs?$CFd?$AA@ 000000014001e594     jli_static:java.obj
 0002:000005a0       ??_C@_07PFMNENFI@?$CFs?$CFd?$DN?$CFs?$AA@ 000000014001e5a0     jli_static:java.obj
 0002:000005a8       ??_C@_0BK@KPPPPIMG@?9XX?3NativeMemoryTracking?$DN?$AA@ 000000014001e5a8     jli_static:java.obj
 0002:000005c4       ??_C@_04EKCILGFM@?9Xms?$AA@ 000000014001e5c4     jli_static:java.obj
 0002:000005cc       ??_C@_04KJNMGPJH@?9Xmx?$AA@ 000000014001e5cc     jli_static:java.obj
 0002:000005d4       ??_C@_04FMJADICG@?9Xss?$AA@ 000000014001e5d4     jli_static:java.obj
 0002:000005e0       ??_C@_0BI@DAIGOBCB@?5?5?5?5option?$FL?$CF2d?$FN?5?$DN?5?8?$CFs?8?6?$AA@ 000000014001e5e0     jli_static:java.obj
 0002:000005f8       ??_C@_0BB@MHDPODII@nOptions?5is?5?$CFld?6?$AA@ 000000014001e5f8     jli_static:java.obj
 0002:00000610       ??_C@_0BL@KOPLOMOC@ignoreUnrecognized?5is?5?$CFs?0?5?$AA@ 000000014001e610     jli_static:java.obj
 0002:00000630       ??_C@_09OOFGMMEJ@JNI_FALSE?$AA@ 000000014001e630     jli_static:java.obj
 0002:00000640       ??_C@_08JPIMBKG@JNI_TRUE?$AA@ 000000014001e640     jli_static:java.obj
 0002:00000650       ??_C@_0BC@FPGFOMNN@version?50x?$CF08lx?0?5?$AA@ 000000014001e650     jli_static:java.obj
 0002:00000668       ??_C@_0BC@JGENKKKB@JavaVM?5args?3?6?5?5?5?5?$AA@ 000000014001e668     jli_static:java.obj
 0002:00000680       ??_C@_0EO@KGGGJHNP@Error?3?5A?5JNI?5error?5has?5occurred?0@ 000000014001e680     jli_static:java.obj
 0002:000006d0       ??_C@_0BM@GGJONNLD@sun?1launcher?1LauncherHelper?$AA@ 000000014001e6d0     jli_static:java.obj
 0002:000006f0       ??_C@_0BD@KFHODOP@makePlatformString?$AA@ 000000014001e6f0     jli_static:java.obj
 0002:00000708       ??_C@_0BI@DIGBKJNJ@?$CIZ?$FLB?$CJLjava?1lang?1String?$DL?$AA@ 000000014001e708     jli_static:java.obj
 0002:00000720       ??_C@_0BB@FLFAIHG@java?1lang?1String?$AA@ 000000014001e720     jli_static:java.obj
 0002:00000738       ??_C@_0M@PAPGNNMB@?9?9?9?9?$CFs?9?9?9?9?6?$AA@ 000000014001e738     jli_static:java.obj
 0002:00000748       ??_C@_0CG@FBCAJICK@?$CFld?5micro?5seconds?5to?5load?5main?5c@ 000000014001e748     jli_static:java.obj
 0002:00000770       ??_C@_0BB@FFCCDEMN@checkAndLoadMain?$AA@ 000000014001e770     jli_static:java.obj
 0002:00000788       ??_C@_0CI@BKCMKGDB@?$CIZILjava?1lang?1String?$DL?$CJLjava?1lang@ 000000014001e788     jli_static:java.obj
 0002:000007b0       ??_C@_0BE@JCLPIBOC@getApplicationClass?$AA@ 000000014001e7b0     jli_static:java.obj
 0002:000007c8       ??_C@_0BE@IIFEGCLG@?$CI?$CJLjava?1lang?1Class?$DL?$AA@ 000000014001e7c8     jli_static:java.obj
 0002:000007e0       ??_C@_0BD@HCEIMOC@?9Djava?4class?4path?$DN?$AA@ 000000014001e7e0     jli_static:java.obj
 0002:000007f8       ??_C@_0BG@FKBCOFMO@?9Dapplication?4home?$DN?$CFs?$AA@ 000000014001e7f8     jli_static:java.obj
 0002:00000810       ??_C@_0CN@LAMKHMKA@Error?3?5Could?5not?5determine?5appli@ 000000014001e810     jli_static:java.obj
 0002:00000840       ??_C@_0BE@EHGMLIJH@?9Denv?4class?4path?$DN?$CFs?$AA@ 000000014001e840     jli_static:java.obj
 0002:00000858       ??_C@_09GEOACDML@CLASSPATH?$AA@ 000000014001e858     jli_static:java.obj
 0002:00000864       ??_C@_01CLKCMJKC@?5?$AA@   000000014001e864     jli_static:java.obj
 0002:00000868       ??_C@_0BE@NJODCGLC@?9Dsun?4java?4command?$DN?$AA@ 000000014001e868     jli_static:java.obj
 0002:00000880       ??_C@_0CB@JGILPBEK@?9Dsun?4java?4launcher?$DNSUN_STANDARD@ 000000014001e880     jli_static:java.obj
 0002:000008a4       ??_C@_03GAEACAIP@?$CI?$CJV?$AA@ 000000014001e8a4     jli_static:java.obj
 0002:000008a8       ??_C@_05IJDJACGD@print?$AA@ 000000014001e8a8     jli_static:java.obj
 0002:000008b0       ??_C@_07BKGNKEBM@println?$AA@ 000000014001e8b0     jli_static:java.obj
 0002:000008b8       ??_C@_0BB@CAEEJDCD@sun?1misc?1Version?$AA@ 000000014001e8b8     jli_static:java.obj
 0002:000008d0       ??_C@_0N@FDEDEFMB@showSettings?$AA@ 000000014001e8d0     jli_static:java.obj
 0002:000008e0       ??_C@_0BL@PCCDHECB@?$CIZLjava?1lang?1String?$DLJJJZ?$CJV?$AA@ 000000014001e8e0     jli_static:java.obj
 0002:00000900       ??_C@_0BB@KBOLJHAM@printHelpMessage?$AA@ 000000014001e900     jli_static:java.obj
 0002:00000918       ??_C@_0BE@PLAGLJPD@appendVmErgoMessage?$AA@ 000000014001e918     jli_static:java.obj
 0002:00000930       ??_C@_0BH@JHJABHLM@?$CIZLjava?1lang?1String?$DL?$CJV?$AA@ 000000014001e930     jli_static:java.obj
 0002:00000948       ??_C@_0BH@EGFKIDIP@appendVmSynonymMessage?$AA@ 000000014001e948     jli_static:java.obj
 0002:00000960       ??_C@_0BG@DGHNKDKK@appendVmSelectMessage?$AA@ 000000014001e960     jli_static:java.obj
 0002:00000978       ??_C@_0CI@HEGLGDKJ@?$CILjava?1lang?1String?$DLLjava?1lang?1St@ 000000014001e978     jli_static:java.obj
 0002:000009a0       ??_C@_0BA@KCDLFDGO@initHelpMessage?$AA@ 000000014001e9a0     jli_static:java.obj
 0002:000009b0       ??_C@_0BG@IKDDPPGD@?$CILjava?1lang?1String?$DL?$CJV?$AA@ 000000014001e9b0     jli_static:java.obj
 0002:000009c8       ??_C@_0BD@HPNJGMKF@printXUsageMessage?$AA@ 000000014001e9c8     jli_static:java.obj
 0002:000009dc       ??_C@_04LHKBAEFM@?$CIZ?$CJV?$AA@ 000000014001e9dc     jli_static:java.obj
 0002:000009e4       ??_C@_02DKLNFENB@?9J?$AA@  000000014001e9e4     jli_static:java.obj
 0002:000009e8       ??_C@_0BC@LDDPFIIH@_JAVA_VERSION_SET?$AA@ 000000014001e9e8     jli_static:java.obj
 0002:000009fc       __real@3f800000            000000014001e9fc     jli_static:java.obj
 0002:00000a00       ??_C@_0BC@KBGGAEHG@_JAVA_SPLASH_FILE?$AA@ 000000014001ea00     jli_static:java.obj
 0002:00000a18       ??_C@_0BB@CBKFGMGB@_JAVA_SPLASH_JAR?$AA@ 000000014001ea18     jli_static:java.obj
 0002:00000a30       ??_C@_0CF@NLABEOAG@NEVER_ACT_AS_A_SERVER_CLASS_MACH@ 000000014001ea30     jli_static:java.obj
 0002:00000a58       ??_C@_0CG@KJCEBOIF@ALWAYS_ACT_AS_A_SERVER_CLASS_MAC@ 000000014001ea58     jli_static:java.obj
 0002:00000a80       ??_C@_0BL@NOPGACED@DEFAULT_ERGONOMICS_POLICY?6?$AA@ 000000014001ea80     jli_static:java.obj
 0002:00000aa0       ??_C@_0O@MCPHPPHF@?7ergo_policy?3?$AA@ 000000014001eaa0     jli_static:java.obj
 0002:00000ab0       ??_C@_0BA@CHJOCLPM@?7dotversion?3?$CFs?6?$AA@ 000000014001eab0     jli_static:java.obj
 0002:00000ac0       ??_C@_0BB@LLCLOLLP@?7fullversion?3?$CFs?6?$AA@ 000000014001eac0     jli_static:java.obj
 0002:00000ad8       ??_C@_0L@ODBEFCFP@?7javaw?3?$CFs?6?$AA@ 000000014001ead8     jli_static:java.obj
 0002:00000ae8       ??_C@_0BD@OJIEGNIP@?7launcher?5name?3?$CFs?6?$AA@ 000000014001eae8     jli_static:java.obj
 0002:00000b00       ??_C@_0BC@PEOMGKPB@?7program?5name?3?$CFs?6?$AA@ 000000014001eb00     jli_static:java.obj
 0002:00000b18       ??_C@_0N@GJJJEEHN@?7javargs?3?$CFs?6?$AA@ 000000014001eb18     jli_static:java.obj
 0002:00000b28       ??_C@_0L@MIIHLGHH@?7debug?3?$CFs?6?$AA@ 000000014001eb28     jli_static:java.obj
 0002:00000b34       ??_C@_02LIELOMNJ@on?$AA@   000000014001eb34     jli_static:java.obj
 0002:00000b38       ??_C@_03MCADLMAF@off?$AA@  000000014001eb38     jli_static:java.obj
 0002:00000b40       ??_C@_0BB@PNLKJHCD@Launcher?5state?3?6?$AA@ 000000014001eb40     jli_static:java.obj
 0002:00000b54       ??_C@_04CPAEOJNG@?9d64?$AA@ 000000014001eb54     jli_static:java.obj
 0002:00000b5c       ??_C@_04HPJFIMLL@?9d32?$AA@ 000000014001eb5c     jli_static:java.obj
 0002:00000b64       ??_C@_01EEMJAFIK@?6?$AA@   000000014001eb64     jli_static:java.obj
 0002:00000b68       ??_C@_04GHJNJNPO@main?$AA@ 000000014001eb68     jli_static:java.obj
 0002:00000b70       ??_C@_0BH@IALIHDHM@?$CI?$FLLjava?1lang?1String?$DL?$CJV?$AA@ 000000014001eb70     jli_static:java.obj
 0002:00000b88       ??_C@_0BG@EAAKBDAJ@?5?5?5?5argv?$FL?$CF2d?$FN?5?$DN?5?8?$CFs?8?6?$AA@ 000000014001eb88     jli_static:java.obj
 0002:00000ba0       ??_C@_0BC@IKMDOBPK@App?8s?5argc?5is?5?$CFd?6?$AA@ 000000014001eba0     jli_static:java.obj
 0002:00000bb8       ??_C@_0M@JMGIBICN@?$CFs?5is?5?8?$CFs?8?6?$AA@ 000000014001ebb8     jli_static:java.obj
 0002:00000bc8       ??_C@_0CE@ODMOBDNM@?$CFld?5micro?5seconds?5to?5InitializeJ@ 000000014001ebc8     jli_static:java.obj
 0002:00000bf0       ??_C@_0HD@PPKHMHGL@Error?3?5Could?5not?5detach?5main?5thr@ 000000014001ebf0     jli_static:java.obj
 0002:00000c70       ??_C@_0GM@ELCKKLGK@Error?3?5Could?5not?5create?5the?5Java@ 000000014001ec70     jli_static:java.obj
 0002:00000ce0       ??_C@_0DB@ICJLIDMC@Warning?3?5?$CFs?5VM?5not?5supported?$DL?5?$CFs@ 000000014001ece0     jli_static:java.obj
 0002:00000d18       ??_C@_0BL@ICJEGBLP@Error?3?5?$CFs?5VM?5not?5supported?$AA@ 000000014001ed18     jli_static:java.obj
 0002:00000d34       ??_C@_05MBDEGLCK@ERROR?$AA@ 000000014001ed34     jli_static:java.obj
 0002:00000d40       ??_C@_0DC@GMKJBLDL@Error?3?5Corrupt?5jvm?4cfg?5file?$DL?5cyc@ 000000014001ed40     jli_static:java.obj
 0002:00000d78       ??_C@_0CF@EHKDFPIN@Error?3?5Unable?5to?5resolve?5VM?5alia@ 000000014001ed78     jli_static:java.obj
 0002:00000da0       ??_C@_0BA@ENLNODBJ@Default?5VM?3?5?$CFs?6?$AA@ 000000014001eda0     jli_static:java.obj
 0002:00000db0       ??_C@_0N@IHBJGDGH@?9J?9XXaltjvm?$DN?$AA@ 000000014001edb0     jli_static:java.obj
 0002:00000dc0       ??_C@_0L@MNOMOABD@?9XXaltjvm?$DN?$AA@ 000000014001edc0     jli_static:java.obj
 0002:00000dcc       ??_C@_03OJENFLIP@?9cp?$AA@ 000000014001edcc     jli_static:java.obj
 0002:00000dd0       ??_C@_0L@JBBEAFHG@?9classpath?$AA@ 000000014001edd0     jli_static:java.obj
 0002:00000de0       ??_C@_0BB@BIGIFKOD@JDK_ALTERNATE_VM?$AA@ 000000014001ede0     jli_static:java.obj
 0002:00000e00       ??_C@_0HJ@JOAGODKD@Error?3?5main?9class?3?5attribute?5exc@ 000000014001ee00     jli_static:java.obj
 0002:00000e80       ??_C@_0DH@FJKKHGPC@Error?3?5Unable?5to?5locate?5JRE?5meet@ 000000014001ee80     jli_static:java.obj
 0002:00000eb8       ??_C@_0DK@JKAIOFLC@JRE?9Version?5?$DN?5?$CFs?0?5JRE?9Restrict?9S@ 000000014001eeb8     jli_static:java.obj
 0002:00000ef4       ??_C@_05LAPONLG@false?$AA@ 000000014001eef4     jli_static:java.obj
 0002:00000efc       ??_C@_04LOAJBDKD@true?$AA@ 000000014001eefc     jli_static:java.obj
 0002:00000f04       ??_C@_04MLLLIHIP@null?$AA@ 000000014001ef04     jli_static:java.obj
 0002:00000f10       ??_C@_0DC@CMGFJGAO@Error?3?5Syntax?5error?5in?5version?5s@ 000000014001ef10     jli_static:java.obj
 0002:00000f48       ??_C@_0BC@FAHMLMBM@_JAVA_SPLASH_JAR?$DN?$AA@ 000000014001ef48     jli_static:java.obj
 0002:00000f60       ??_C@_0BD@NDCPPKLD@_JAVA_SPLASH_FILE?$DN?$AA@ 000000014001ef60     jli_static:java.obj
 0002:00000f78       ??_C@_0CF@JOEJCGOC@Error?3?5Invalid?5or?5corrupt?5jarfil@ 000000014001ef78     jli_static:java.obj
 0002:00000fa0       ??_C@_0CD@DBKPDEJE@Error?3?5Unable?5to?5access?5jarfile?5@ 000000014001efa0     jli_static:java.obj
 0002:00000fc8       ??_C@_08GFHMBCLC@?9splash?3?$AA@ 000000014001efc8     jli_static:java.obj
 0002:00000fd8       ??_C@_0BF@CMFGICHD@?9Djava?4awt?4headless?$DN?$AA@ 000000014001efd8     jli_static:java.obj
 0002:00000ff0       ??_C@_0BJ@MCNGENOM@?9Djava?4awt?4headless?$DNtrue?$AA@ 000000014001eff0     jli_static:java.obj
 0002:0000100c       ??_C@_04LEOFD@?9jar?$AA@   000000014001f00c     jli_static:java.obj
 0002:00001018       ??_C@_0BI@EMNPBDOF@?9no?9jre?9restrict?9search?$AA@ 000000014001f018     jli_static:java.obj
 0002:00001030       ??_C@_0BF@BOPFKIEC@?9jre?9restrict?9search?$AA@ 000000014001f030     jli_static:java.obj
 0002:00001048       ??_C@_09NLKCHPDO@?9version?3?$AA@ 000000014001f048     jli_static:java.obj
 0002:00001058       ??_C@_0BD@BJIHGBGF@_JAVA_VERSION_SET?$DN?$AA@ 000000014001f058     jli_static:java.obj
 0002:00001070       ??_C@_0CM@DPCHNCBN@Error?3?5?$CFs?5requires?5class?5path?5sp@ 000000014001f070     jli_static:java.obj
 0002:000010a0       ??_C@_0BF@CGIIANBK@?$CFs?5full?5version?5?$CC?$CFs?$CC?$AA@ 000000014001f0a0     jli_static:java.obj
 0002:000010b8       ??_C@_0CK@JHECGGGO@Error?3?5?$CFs?5requires?5jar?5file?5spec@ 000000014001f0b8     jli_static:java.obj
 0002:000010e4       ??_C@_04DEKBGKCE@?9X?$CFs?$AA@ 000000014001f0e4     jli_static:java.obj
 0002:000010f0       ??_C@_0CL@CAKBCILK@Warning?3?5?$CFs?5option?5is?5no?5longer?5@ 000000014001f0f0     jli_static:java.obj
 0002:00001120       ??_C@_0L@HELBLEOP@?9noasyncgc?$AA@ 000000014001f120     jli_static:java.obj
 0002:0000112c       ??_C@_03MCGAAIEM@?9cs?$AA@ 000000014001f12c     jli_static:java.obj
 0002:00001130       ??_C@_0N@OIJOAPMB@?9checksource?$AA@ 000000014001f130     jli_static:java.obj
 0002:00001140       ??_C@_03CLAKPMIN@?9mx?$AA@ 000000014001f140     jli_static:java.obj
 0002:00001144       ??_C@_03MIPOCFEG@?9ms?$AA@ 000000014001f144     jli_static:java.obj
 0002:00001148       ??_C@_04DBGMPIDO@?9oss?$AA@ 000000014001f148     jli_static:java.obj
 0002:00001150       ??_C@_03NOEGKLDM@?9ss?$AA@ 000000014001f150     jli_static:java.obj
 0002:00001158       ??_C@_0CC@PMGACDGN@?9Xrunhprof?3cpu?$DNold?0file?$DNjava?4pro@ 000000014001f158     jli_static:java.obj
 0002:00001180       ??_C@_0BL@EPNBHIKE@?9Xrunhprof?3cpu?$DNold?0file?$DN?$CFs?$AA@ 000000014001f180     jli_static:java.obj
 0002:0000119c       ??_C@_05LNMHIAFA@?9prof?$AA@ 000000014001f19c     jli_static:java.obj
 0002:000011a8       ??_C@_0O@DKMKFJCN@?9Xverify?3none?$AA@ 000000014001f1a8     jli_static:java.obj
 0002:000011b8       ??_C@_09JLKGPCDL@?9noverify?$AA@ 000000014001f1b8     jli_static:java.obj
 0002:000011c8       ??_C@_0BA@FABHJJHD@?9Xverify?3remote?$AA@ 000000014001f1c8     jli_static:java.obj
 0002:000011d8       ??_C@_0O@IDLLNEML@?9verifyremote?$AA@ 000000014001f1d8     jli_static:java.obj
 0002:000011e8       ??_C@_07FILEFCOC@?9verify?$AA@ 000000014001f1e8     jli_static:java.obj
 0002:000011f0       ??_C@_0N@CKMDLKDL@?9Xverify?3all?$AA@ 000000014001f1f0     jli_static:java.obj
 0002:00001200       ??_C@_08EAEOLGAG@?9Xfuture?$AA@ 000000014001f200     jli_static:java.obj
 0002:00001210       ??_C@_0M@JJFHIIML@?9Xnoclassgc?$AA@ 000000014001f210     jli_static:java.obj
 0002:00001220       ??_C@_0L@IAOONLOP@?9noclassgc?$AA@ 000000014001f220     jli_static:java.obj
 0002:00001230       ??_C@_07MDIKCNOD@?9Xdebug?$AA@ 000000014001f230     jli_static:java.obj
 0002:00001238       ??_C@_06OHOHKFPP@?9debug?$AA@ 000000014001f238     jli_static:java.obj
 0002:00001240       ??_C@_04INJOBBHM@?9Xtm?$AA@ 000000014001f240     jli_static:java.obj
 0002:00001248       ??_C@_03PEIICGG@?9tm?$AA@  000000014001f248     jli_static:java.obj
 0002:0000124c       ??_C@_03KFBPJEPK@?9Xt?$AA@ 000000014001f24c     jli_static:java.obj
 0002:00001250       ??_C@_02HLHIEPKM@?9t?$AA@  000000014001f250     jli_static:java.obj
 0002:00001258       ??_C@_0M@FCDCLOMN@?9verbose?3gc?$AA@ 000000014001f258     jli_static:java.obj
 0002:00001268       ??_C@_0L@IOOPLDLG@?9verbosegc?$AA@ 000000014001f268     jli_static:java.obj
 0002:00001278       ??_C@_0N@IILNIMNM@?9fullversion?$AA@ 000000014001f278     jli_static:java.obj
 0002:00001288       ??_C@_0BO@JELEMDBE@?9Dsun?4java?4launcher?4diag?$DNtrue?$AA@ 000000014001f288     jli_static:java.obj
 0002:000012a8       ??_C@_06GFBBMHDE@?9Xdiag?$AA@ 000000014001f2a8     jli_static:java.obj
 0002:000012b0       ??_C@_0BA@KLPMEMBJ@?9XshowSettings?3?$AA@ 000000014001f2b0     jli_static:java.obj
 0002:000012c0       ??_C@_0P@OLHNJJJN@?9XshowSettings?$AA@ 000000014001f2c0     jli_static:java.obj
 0002:000012d0       ??_C@_02ECEJCEAC@?9X?$AA@  000000014001f2d0     jli_static:java.obj
 0002:000012d8       ??_C@_0N@LMMGPIFD@?9showversion?$AA@ 000000014001f2d8     jli_static:java.obj
 0002:000012e8       ??_C@_08NPLKDBJI@?9version?$AA@ 000000014001f2e8     jli_static:java.obj
 0002:000012f4       ??_C@_02GIPFNJGC@?9?$DP?$AA@ 000000014001f2f4     jli_static:java.obj
 0002:000012f8       ??_C@_02JNAPBCPB@?9h?$AA@  000000014001f2f8     jli_static:java.obj
 0002:000012fc       ??_C@_05DOEHDILL@?9help?$AA@ 000000014001f2fc     jli_static:java.obj
 0002:00001308       ??_C@_0DI@DPHDCKMH@Error?3?5The?5?9J?5option?5should?5not?5@ 000000014001f308     jli_static:java.obj
 0002:00001340       ??_C@_0CE@ELPMGLDL@?$CFld?5micro?5seconds?5to?5parse?5jvm?4c@ 000000014001f340     jli_static:java.obj
 0002:00001368       ??_C@_0CF@IFGPMOPD@?5?5?5?5name?3?5?$CFs?5?5vmType?3?5?$CFs?5?5alias?3@ 000000014001f368     jli_static:java.obj
 0002:00001390       ??_C@_0O@COGEDILL@VM_ALIASED_TO?$AA@ 000000014001f390     jli_static:java.obj
 0002:000013a0       ??_C@_0CM@CPEKMEIJ@?5?5?5?5name?3?5?$CFs?5?5vmType?3?5?$CFs?5?5server@ 000000014001f3a0     jli_static:java.obj
 0002:000013d0       ??_C@_0BD@FPIBPMAC@VM_IF_SERVER_CLASS?$AA@ 000000014001f3d0     jli_static:java.obj
 0002:000013e8       ??_C@_0BG@IFIDBPPB@jvm?4cfg?$FL?$CFd?$FN?5?$DN?5?9?$DO?$CFs?$DM?9?6?$AA@ 000000014001f3e8     jli_static:java.obj
 0002:00001400       ??_C@_0CM@FGNACLCO@Warning?3?5Unknown?5VM?5type?5on?5line@ 000000014001f400     jli_static:java.obj
 0002:00001430       ??_C@_0DE@NGDEDBBF@Warning?3?5Missing?5server?5class?5VM@ 000000014001f430     jli_static:java.obj
 0002:00001468       ??_C@_0BA@GPBHNCNO@IF_SERVER_CLASS?$AA@ 000000014001f468     jli_static:java.obj
 0002:00001478       ??_C@_06GHNPMFCC@IGNORE?$AA@ 000000014001f478     jli_static:java.obj
 0002:00001480       ??_C@_04JBIELMDE@WARN?$AA@ 000000014001f480     jli_static:java.obj
 0002:00001488       ??_C@_0L@PPNPEEBD@ALIASED_TO?$AA@ 000000014001f488     jli_static:java.obj
 0002:00001494       ??_C@_05IBPFAAO@KNOWN?$AA@ 000000014001f494     jli_static:java.obj
 0002:000014a0       ??_C@_0CM@HIKCBBNP@Warning?3?5Missing?5VM?5type?5on?5line@ 000000014001f4a0     jli_static:java.obj
 0002:000014d0       ??_C@_0CJ@IIPHEFLM@Warning?3?5No?5leading?5?9?5on?5line?5?$CFd@ 000000014001f4d0     jli_static:java.obj
 0002:00001500       ??_C@_0BL@FBFFBAJO@Error?3?5could?5not?5open?5?$GA?$CFs?8?$AA@ 000000014001f500     jli_static:java.obj
 0002:0000151c       ??_C@_01KDCPPGHE@r?$AA@    000000014001f51c     jli_static:java.obj
 0002:00001520       ??_C@_01LFCBOECM@?4?$AA@   000000014001f520     jli_static:java.obj
 0002:00001528       ??_C@_0CB@IBPGMCMH@?$CFld?5micro?5seconds?5to?5LoadJavaVM?6@ 000000014001f528     jli_static:java.obj
 0002:00001550       ??_C@_0P@NAHECKMG@argv?$FL?$CFd?$FN?5?$DN?5?$CFs?6?$AA@ 000000014001f550     jli_static:java.obj
 0002:00001560       ??_C@_0BE@OFPFKAIO@Command?5line?5args?3?6?$AA@ 000000014001f560     jli_static:java.obj
 0002:00001574       ??_C@_06GLDDLHNF@malloc?$AA@ 000000014001f574     jli_static:jli_util.obj
 0002:00001580       ??_C@_07EOOHGPEI@realloc?$AA@ 000000014001f580     jli_static:jli_util.obj
 0002:00001588       ??_C@_06GFPDKFFG@strdup?$AA@ 000000014001f588     jli_static:jli_util.obj
 0002:00001590       ??_C@_0BG@JDMBLFEN@?2bin?2splashscreen?4dll?$AA@ 000000014001f590     jli_static:java_md.obj
 0002:000015a8       ??_C@_05MDLPDLNO@amd64?$AA@ 000000014001f5a8     jli_static:java_md.obj
 0002:000015b0       ??_C@_0BO@HBHLOLEF@Java?5Virtual?5Machine?5Launcher?$AA@ 000000014001f5b0     jli_static:java_md.obj
 0002:000015d0       ??_C@_02DKCKIIND@?$CFs?$AA@ 000000014001f5d0     jli_static:java_md.obj
 0002:000015d3       ??_C@_00CNPNBAHC@?$AA@     000000014001f5d3     jli_static:java_md.obj
 0002:000015d8       ??_C@_0BP@HLKODNMI@A?5Java?5Exception?5has?5occurred?4?$AA@ 000000014001f5d8     jli_static:java_md.obj
 0002:000015f8       ??_C@_08FBFIMIEP@JavaHome?$AA@ 000000014001f5f8     jli_static:java_md.obj
 0002:00001608       ??_C@_0CL@FJGCCGIP@Software?2JavaSoft?2Java?5Runtime?5E@ 000000014001f608     jli_static:java_md.obj
 0002:00001634       ??_C@_01KICIPPFI@?2?$AA@   000000014001f634     jli_static:java_md.obj
 0002:00001638       ??_C@_0BM@DDAANPNE@Error?3?5Unable?5to?5resolve?5?$CFs?$AA@ 000000014001f638     jli_static:java_md.obj
 0002:00001658       ??_C@_0CF@PKJBBIAG@Error?3?5WaitForSingleObject?$CI?$CJ?5fai@ 000000014001f658     jli_static:java_md.obj
 0002:00001680       ??_C@_0CG@MFHJILDH@Error?3?5CreateProcess?$CI?$CFs?0?5?4?4?4?$CJ?5fa@ 000000014001f680     jli_static:java_md.obj
 0002:000016a8       ??_C@_0BB@PGPCIMOD@ReExec?5Args?3?5?$CFs?6?$AA@ 000000014001f6a8     jli_static:java_md.obj
 0002:000016c0       ??_C@_0BJ@ICJJCECN@ReExec?5Command?3?5?$CFs?5?$CI?$CFs?$CJ?6?$AA@ 000000014001f6c0     jli_static:java_md.obj
 0002:000016dc       ??_C@_01BJJEKLCA@?$CC?$AA@ 000000014001f6dc     jli_static:java_md.obj
 0002:000016e0       ??_C@_0O@MKPMHCLM@?$CFs?2bin?2?$CFs?4exe?$AA@ 000000014001f6e0     jli_static:java_md.obj
 0002:000016f0       ??_C@_0BC@PJJNNACH@ExecJRE?3?5new?3?5?$CFs?6?$AA@ 000000014001f6f0     jli_static:java_md.obj
 0002:00001708       ??_C@_0BC@KHJPFJBM@ExecJRE?3?5old?3?5?$CFs?6?$AA@ 000000014001f708     jli_static:java_md.obj
 0002:0000171c       ??_C@_01NEMOKFLO@?$DN?$AA@ 000000014001f71c     jli_static:java_md.obj
 0002:00001720       ??_C@_05LLAMLEHD@?$CFI64d?$AA@ 000000014001f720     jli_static:java_md.obj
 0002:00001728       ??_C@_0BD@FIJKEMFL@Error?3?5loading?3?5?$CFs?$AA@ 000000014001f728     jli_static:java_md.obj
 0002:00001740       ??_C@_0BM@GLGHANGM@JVM_FindClassFromBootLoader?$AA@ 000000014001f740     jli_static:java_md.obj
 0002:00001760       ??_C@_07KCBEICKO@jvm?4dll?$AA@ 000000014001f760     jli_static:java_md.obj
 0002:00001768       ??_C@_0L@BJEEEGHP@expandArgs?$AA@ 000000014001f768     jli_static:java_md.obj
 0002:00001778       ??_C@_0CJ@HEGLPLDP@?$CI?$FLLjava?1lang?1String?$DL?$CJ?$FLLjava?1lang@ 000000014001f778     jli_static:java_md.obj
 0002:000017a4       ??_C@_03OFAPEBGM@?$CFs?6?$AA@ 000000014001f7a4     jli_static:java_md.obj
 0002:000017a8       ??_C@_04CDPLFOEF@?$CFc?$CFs?$AA@ 000000014001f7a8     jli_static:java_md.obj
 0002:000017b0       ??_C@_0BJ@HBLEACDG@passing?5arguments?5as?9is?6?$AA@ 000000014001f7b0     jli_static:java_md.obj
 0002:000017d0       ??_C@_0CB@NLLCMEJ@Warning?3?5app?5args?5parsing?5error?6@ 000000014001f7d0     jli_static:java_md.obj
 0002:000017f8       ??_C@_0BK@KGACHCN@passing?5arguments?5as?9is?4?6?$AA@ 000000014001f7f8     jli_static:java_md.obj
 0002:00001818       ??_C@_0DG@HDGLDAO@Warning?3?5app?5args?5is?5larger?5than@ 000000014001f818     jli_static:java_md.obj
 0002:00001850       ??_C@_0L@NCGCEDEH@?$CFs?2jvm?4dll?$AA@ 000000014001f850     jli_static:java_md.obj
 0002:00001860       ??_C@_0BC@DKEACPBC@?$CFs?2bin?2?$CFs?2jvm?4dll?$AA@ 000000014001f860     jli_static:java_md.obj
 0002:00001878       ??_C@_0CD@PGAFLHMF@Version?5major?4minor?4micro?5?$DN?5?$CFs?4?$CF@ 000000014001f878     jli_static:java_md.obj
 0002:000018a0       ??_C@_0CC@OJPECNPK@Warning?3?5Can?8t?5read?5MicroVersion@ 000000014001f8a0     jli_static:java_md.obj
 0002:000018c8       ??_C@_0N@ELAFCILD@MicroVersion?$AA@ 000000014001f8c8     jli_static:java_md.obj
 0002:000018d8       ??_C@_0DG@OIEIPEHI@Failed?5reading?5value?5of?5registry@ 000000014001f8d8     jli_static:java_md.obj
 0002:00001910       ??_C@_0EP@CIHJIPHL@Error?3?5Registry?5key?5?8?$CFs?8?2Current@ 000000014001f910     jli_static:java_md.obj
 0002:00001960       ??_C@_0EA@EDAOGLOA@Error?3?5Failed?5reading?5value?5of?5r@ 000000014001f960     jli_static:java_md.obj
 0002:000019a0       ??_C@_0P@IANJKHJL@CurrentVersion?$AA@ 000000014001f9a0     jli_static:java_md.obj
 0002:000019b0       ??_C@_0CB@NNAMBOJM@Error?3?5opening?5registry?5key?5?8?$CFs?8@ 000000014001f9b0     jli_static:java_md.obj
 0002:000019d8       ??_C@_0BP@GFBADFON@Error?3?5could?5not?5find?5java?4dll?$AA@ 000000014001f9d8     jli_static:java_md.obj
 0002:000019f8       ??_C@_04NPFKBOJD@?2jre?$AA@ 000000014001f9f8     jli_static:java_md.obj
 0002:00001a00       ??_C@_0BE@FGKJLOCF@?$CFs?2jre?2bin?2java?4dll?$AA@ 000000014001fa00     jli_static:java_md.obj
 0002:00001a18       ??_C@_0BA@KEGAOLGA@JRE?5path?5is?5?$CFs?6?$AA@ 000000014001fa18     jli_static:java_md.obj
 0002:00001a28       ??_C@_0BA@MFAPGPPP@?$CFs?2bin?2java?4dll?$AA@ 000000014001fa28     jli_static:java_md.obj
 0002:00001a40       ??_C@_0GO@EHNKANIL@Error?3?5missing?5?$GA?$CFs?8?5JVM?5at?5?$GA?$CFs?8?4@ 000000014001fa40     jli_static:java_md.obj
 0002:00001ab0       ??_C@_0CF@EOPDIDEN@Error?3?5could?5not?5determine?5JVM?5t@ 000000014001fab0     jli_static:java_md.obj
 0002:00001ad8       ??_C@_0DG@EBKNCNED@Error?3?5no?5known?5VMs?4?5?$CIcheck?5for?5@ 000000014001fad8     jli_static:java_md.obj
 0002:00001b10       ??_C@_0BF@JFGIBLHG@?$CFs?$CFslib?$CFs?$CFs?$CFsjvm?4cfg?$AA@ 000000014001fb10     jli_static:java_md.obj
 0002:00001b28       ??_C@_0DD@KOHGIEIN@Error?3?5Could?5not?5find?5Java?5SE?5Ru@ 000000014001fb28     jli_static:java_md.obj
 0002:00001b60       ??_C@_0FN@OKDNEENA@Error?3?5This?5Java?5instance?5does?5n@ 000000014001fb60     jli_static:java_md.obj
 0002:00001bc0       ??_C@_06CEHCNFIO@?9J?9d32?$AA@ 000000014001fbc0     jli_static:java_md.obj
 0002:00001bc8       ??_C@_06HEODLAOD@?9J?9d64?$AA@ 000000014001fbc8     jli_static:java_md.obj
 0002:00001bd0       ??_C@_0BA@ICKGDIKE@CRT?5path?5is?5?$CFs?6?$AA@ 000000014001fbd0     jli_static:java_md.obj
 0002:00001be0       ??_C@_0BC@LODEBFAA@?2bin?2msvcr100?4dll?$AA@ 000000014001fbe0     jli_static:java_md.obj
 0002:00001bf8       ??_C@_0DF@CLDFKAFM@Error?3?5Path?5length?5exceeds?5maxim@ 000000014001fbf8     jli_static:java_md.obj
 0002:00001c30       ??_C@_05MEOKPOAG@?2bin?2?$AA@ 000000014001fc30     jli_static:java_md.obj
 0002:00001c38       ??_C@_0N@LPNMIKAL@msvcr100?4dll?$AA@ 000000014001fc38     jli_static:java_md.obj
 0002:00001c48       ??_C@_0CI@NEHNFCJI@Error?3?5can?8t?5find?5JNI?5interfaces@ 000000014001fc48     jli_static:java_md.obj
 0002:00001c70       ??_C@_0BN@LEMGLGLC@JNI_GetDefaultJavaVMInitArgs?$AA@ 000000014001fc70     jli_static:java_md.obj
 0002:00001c90       ??_C@_0BB@IDHJDMHA@JNI_CreateJavaVM?$AA@ 000000014001fc90     jli_static:java_md.obj
 0002:00001ca8       ??_C@_0BA@BNEFJADF@JVM?5path?5is?5?$CFs?6?$AA@ 000000014001fca8     jli_static:java_md.obj
 0002:00001cb8       ??_C@_03NDMHEAJL@JAR?$AA@  000000014001fcb8     jli_static:wildcard.obj
 0002:00001cbc       ??_C@_03NODMINOH@jar?$AA@  000000014001fcbc     jli_static:wildcard.obj
 0002:00001cc0       ??_C@_0DH@KEOBCGCG@Expanded?5wildcards?3?6?5?5?5?5before?3?5@ 000000014001fcc0     jli_static:wildcard.obj
 0002:00001cf8       ??_C@_0BB@PKAPNNLJ@SplashLoadMemory?$AA@ 000000014001fcf8     jli_static:splashscreen_stubs.obj
 0002:00001d10       ??_C@_0P@JIPKACHN@SplashLoadFile?$AA@ 000000014001fd10     jli_static:splashscreen_stubs.obj
 0002:00001d20       ??_C@_0L@JOBDBDOP@SplashInit?$AA@ 000000014001fd20     jli_static:splashscreen_stubs.obj
 0002:00001d30       ??_C@_0BF@GABHKIKD@SplashSetFileJarName?$AA@ 000000014001fd30     jli_static:splashscreen_stubs.obj
 0002:00001d48       ??_C@_0BF@LIMBEMBN@SplashSetScaleFactor?$AA@ 000000014001fd48     jli_static:splashscreen_stubs.obj
 0002:00001d60       ??_C@_0BJ@FJIBEMML@SplashGetScaledImageName?$AA@ 000000014001fd60     jli_static:splashscreen_stubs.obj
 0002:00001d80       ??_C@_0BF@LACNODFI@META?9INF?1MANIFEST?4MF?$AA@ 000000014001fd80     jli_static:parse_manifest.obj
 0002:00001d98       ??_C@_05IAIEPMAK@1?42?48?$AA@ 000000014001fd98     jli_static:parse_manifest.obj
 0002:00001da0       ??_C@_02LIIHNNHG@?6?$AN?$AA@ 000000014001fda0     jli_static:parse_manifest.obj
 0002:00001da8       ??_C@_0BD@ODACGPCD@Splashscreen?9Image?$AA@ 000000014001fda8     jli_static:parse_manifest.obj
 0002:00001dc0       ??_C@_0BE@NGIBIBAB@JRE?9Restrict?9Search?$AA@ 000000014001fdc0     jli_static:parse_manifest.obj
 0002:00001dd8       ??_C@_0M@DJAFHGJP@JRE?9Version?$AA@ 000000014001fdd8     jli_static:parse_manifest.obj
 0002:00001de8       ??_C@_0L@CIHLCGEL@Main?9Class?$AA@ 000000014001fde8     jli_static:parse_manifest.obj
 0002:00001df8       ??_C@_0BB@NKLIEOFJ@Manifest?9Version?$AA@ 000000014001fdf8     jli_static:parse_manifest.obj
 0002:00001e0c       ??_C@_01GBGANLPD@0?$AA@    000000014001fe0c     jli_static:version_comp.obj
 0002:00001e10       ??_C@_03JDOAGMMG@?4?9_?$AA@ 000000014001fe10     jli_static:version_comp.obj
 0002:00001e14       ??_C@_04CGDGLCCN@?5?$CG?$CL?$CK?$AA@ 000000014001fe14     jli_static:version_comp.obj
 0002:000026c8       ??_C@_0BA@IJNMBKE@inflate?3?5reset?6?$AA@ 00000001400206c8     jli_static:inflate.obj
 0002:000026d8       ??_C@_0BE@MEDJIBLJ@inflate?3?5allocated?6?$AA@ 00000001400206d8     jli_static:inflate.obj
 0002:000026f0       ??_C@_0CD@NBBEGPPB@inflate?3?5?5?5length?5matches?5traile@ 00000001400206f0     jli_static:inflate.obj
 0002:00002718       ??_C@_0BH@FGKKJGOC@incorrect?5length?5check?$AA@ 0000000140020718     jli_static:inflate.obj
 0002:00002730       ??_C@_0CC@MPICEEGM@inflate?3?5?5?5check?5matches?5trailer@ 0000000140020730     jli_static:inflate.obj
 0002:00002758       ??_C@_0BF@MEIGEHBE@incorrect?5data?5check?$AA@ 0000000140020758     jli_static:inflate.obj
 0002:00002770       ??_C@_0CE@GMIGFPBB@too?5many?5length?5or?5distance?5symb@ 0000000140020770     jli_static:inflate.obj
 0002:00002798       ??_C@_0BO@ECPMAOGG@invalid?5distance?5too?5far?5back?$AA@ 0000000140020798     jli_static:inflate.obj
 0002:000027b8       ??_C@_0BO@NHKGAPBM@inflate?3?5?5?5?5?5?5?5?5?5distance?5?$CFu?6?$AA@ 00000001400207b8     jli_static:inflate.obj
 0002:000027d8       ??_C@_0BG@LBKINIKP@invalid?5distance?5code?$AA@ 00000001400207d8     jli_static:inflate.obj
 0002:000027f0       ??_C@_0BM@DMHHFBFF@inflate?3?5?5?5?5?5?5?5?5?5length?5?$CFu?6?$AA@ 00000001400207f0     jli_static:inflate.obj
 0002:00002810       ??_C@_0BM@FFFLPBBC@invalid?5literal?1length?5code?$AA@ 0000000140020810     jli_static:inflate.obj
 0002:00002830       ??_C@_0BP@CPLIBFLB@inflate?3?5?5?5?5?5?5?5?5?5end?5of?5block?6?$AA@ 0000000140020830     jli_static:inflate.obj
 0002:00002850       ??_C@_0CB@HMKHCMMK@inflate?3?5?5?5?5?5?5?5?5?5literal?50x?$CF02x?6@ 0000000140020850     jli_static:inflate.obj
 0002:00002878       ??_C@_0BP@ECFBKOHI@inflate?3?5?5?5?5?5?5?5?5?5literal?5?8?$CFc?8?6?$AA@ 0000000140020878     jli_static:inflate.obj
 0002:00002898       ??_C@_0BJ@NOHBBEIH@inflate?3?5?5?5?5?5?5?5codes?5ok?6?$AA@ 0000000140020898     jli_static:inflate.obj
 0002:000028b8       ??_C@_0BG@GMDFCBGP@invalid?5distances?5set?$AA@ 00000001400208b8     jli_static:inflate.obj
 0002:000028d0       ??_C@_0BM@IIMGAINC@invalid?5literal?1lengths?5set?$AA@ 00000001400208d0     jli_static:inflate.obj
 0002:000028f0       ??_C@_0CF@DGDMADCD@invalid?5code?5?9?9?5missing?5end?9of?9b@ 00000001400208f0     jli_static:inflate.obj
[...]
 0002:000062e8       ??_C@_0BD@HHGDFDBJ@GetLastActivePopup?$AA@ 00000001400242e8     LIBCMT:crtmboxw.obj
 0002:00006300       ??_C@_0BA@HNOPNCHB@GetActiveWindow?$AA@ 0000000140024300     LIBCMT:crtmboxw.obj
 0002:00006310       ??_C@_0M@DLDCCGNP@MessageBoxW?$AA@ 0000000140024310     LIBCMT:crtmboxw.obj
 0002:00006320       ??_C@_1BG@GOEBHBDC@?$AAU?$AAS?$AAE?$AAR?$AA3?$AA2?$AA?4?$AAD?$AAL?$AAL?$AA?$AA@ 0000000140024320     LIBCMT:crtmboxw.obj
 0002:00006338       ??_C@_02CLFPBFFP@TZ?$AA@   0000000140024338     LIBCMT:tzset.obj
 0002:00006340       __dnames                   0000000140024340     LIBCMT:timeset.obj
 0002:00006358       __mnames                   0000000140024358     LIBCMT:timeset.obj
 0002:00006380       __newctype                 0000000140024380     LIBCMT:ctype.obj
 0002:00006680       _wctype                    0000000140024680     LIBCMT:ctype.obj
 0002:00006890       __newclmap                 0000000140024890     LIBCMT:ctype.obj
 0002:00006a10       __newcumap                 0000000140024a10     LIBCMT:ctype.obj
 0002:00006b90       ??_C@_06IMKFLFPG@1?$CDQNAN?$AA@ 0000000140024b90     LIBCMT:_x10fout_.obj
 0002:00006b98       ??_C@_05DNEBIAHO@1?$CDINF?$AA@ 0000000140024b98     LIBCMT:_x10fout_.obj
 0002:00006ba0       ??_C@_05PHHOCPM@1?$CDIND?$AA@ 0000000140024ba0     LIBCMT:_x10fout_.obj
 0002:00006ba8       ??_C@_06PGGFOGJG@1?$CDSNAN?$AA@ 0000000140024ba8     LIBCMT:_x10fout_.obj
 0002:00006bb0       ??_C@_1BA@BALFACEM@?$AAC?$AAO?$AAN?$AAO?$AAU?$AAT?$AA$?$AA?$AA@ 0000000140024bb0     LIBCMT:initcon.obj
 0002:00006c38       __rtc_iaa                  0000000140024c38     LIBCMT:_initsect_.obj
 0002:00006c40       __rtc_izz                  0000000140024c40     LIBCMT:_initsect_.obj
 0002:00006c48       __rtc_taa                  0000000140024c48     LIBCMT:_initsect_.obj
 0002:00006c50       __rtc_tzz                  0000000140024c50     LIBCMT:_initsect_.obj
 0002:00007f1c       __IMPORT_DESCRIPTOR_ADVAPI32 0000000140025f1c     advapi32:ADVAPI32.dll
 0002:00007f30       __IMPORT_DESCRIPTOR_USER32 0000000140025f30     user32:USER32.dll
 0002:00007f44       __IMPORT_DESCRIPTOR_COMCTL32 0000000140025f44     comctl32:COMCTL32.dll
 0002:00007f58       __IMPORT_DESCRIPTOR_KERNEL32 0000000140025f58     kernel32:KERNEL32.dll
 0002:00007f6c       __NULL_IMPORT_DESCRIPTOR   0000000140025f6c     advapi32:ADVAPI32.dll
 0003:000000b8       __app_type                 00000001400270b8     LIBCMT:wincrt0.obj
 0003:000000c0       __security_cookie          00000001400270c0     LIBCMT:gs_cookie.obj
 0003:000000c8       __security_cookie_complement 00000001400270c8     LIBCMT:gs_cookie.obj
 0003:000000d0       _fltused                   00000001400270d0     LIBCMT:_fpinit_.obj
 0003:000000d4       _ldused                    00000001400270d4     LIBCMT:_fpinit_.obj
 0003:000000e0       _iob                       00000001400270e0     LIBCMT:_file.obj
 0003:00000850       __flsindex                 0000000140027850     LIBCMT:tidtable.obj
 0003:00000860       _cfltcvt_tab               0000000140027860     LIBCMT:cmiscdat.obj
 0003:000008b0       __nullstring               00000001400278b0     LIBCMT:output.obj
 0003:000008b8       __wnullstring              00000001400278b8     LIBCMT:output.obj
 0003:000008c0       __badioinfo                00000001400278c0     LIBCMT:ioinit.obj
 0003:00000920       _sys_errlist               0000000140027920     LIBCMT:syserr.obj
 0003:00000a80       _sys_nerr                  0000000140027a80     LIBCMT:syserr.obj
 0003:00000a90       __initialmbcinfo           0000000140027a90     LIBCMT:mbctype.obj
 0003:00000cb0       _mbctype                   0000000140027cb0     LIBCMT:mbctype.obj
 0003:00000dc0       _mbcasemap                 0000000140027dc0     LIBCMT:mbctype.obj
 0003:00000ec0       __ptmbcinfo                0000000140027ec0     LIBCMT:mbctype.obj
 0003:00000fc0       __globallocalestatus       0000000140027fc0     LIBCMT:glstatus.obj
 0003:00000fc4       __clocalestr               0000000140027fc4     LIBCMT:nlsdata2.obj
 0003:00000fd0       __lc_time_c                0000000140027fd0     LIBCMT:nlsdata2.obj
 0003:00001290       __initiallocinfo           0000000140028290     LIBCMT:nlsdata2.obj
 0003:000013f0       __ptlocinfo                00000001400283f0     LIBCMT:nlsdata2.obj
 0003:000013f8       __initiallocalestructinfo  00000001400283f8     LIBCMT:nlsdata2.obj
 0003:00001410       __abort_behavior           0000000140028410     LIBCMT:abort.obj
 0003:00001420       _lookuptrailbytes          0000000140028420     LIBCMT:read.obj
 0003:00001540       _timezone                  0000000140028540     LIBCMT:timeset.obj
 0003:00001544       _daylight                  0000000140028544     LIBCMT:timeset.obj
 0003:00001548       _dstbias                   0000000140028548     LIBCMT:timeset.obj
 0003:000015d0       _tzname                    00000001400285d0     LIBCMT:timeset.obj
 0003:000015e0       _lpdays                    00000001400285e0     LIBCMT:days.obj
 0003:00001618       _days                      0000000140028618     LIBCMT:days.obj
 0003:00001650       __lconv_static_decimal     0000000140028650     LIBCMT:lconv.obj
 0003:00001654       __lconv_static_W_decimal   0000000140028654     LIBCMT:lconv.obj
 0003:00001658       __lconv                    0000000140028658     LIBCMT:lconv.obj
 0003:00001660       __lconv_c                  0000000140028660     LIBCMT:lconv.obj
 0003:000016f8       _pctype                    00000001400286f8     LIBCMT:ctype.obj
 0003:00001700       _pwctype                   0000000140028700     LIBCMT:ctype.obj
 0003:00001708       __mb_cur_max               0000000140028708     LIBCMT:nlsdata1.obj
 0003:0000170c       __decimal_point            000000014002870c     LIBCMT:nlsdata1.obj
 0003:00001710       __decimal_point_length     0000000140028710     LIBCMT:nlsdata1.obj
 0003:00001748       _confh                     0000000140028748     LIBCMT:initcon.obj
 0003:00001750       _pow10pos                  0000000140028750     LIBCMT:_constpow_.obj
 0003:000018b0       _pow10neg                  00000001400288b0     LIBCMT:_constpow_.obj
 0003:00001c84       z_verbose                  0000000140028c84     jli_static:zutil.obj
 0003:00001c88       _umaskval                  0000000140028c88     LIBCMT:crt0dat.obj
 0003:00001c8c       __argc                     0000000140028c8c     LIBCMT:crt0dat.obj
 0003:00001c90       __argv                     0000000140028c90     LIBCMT:crt0dat.obj
 0003:00001c98       __wargv                    0000000140028c98     LIBCMT:crt0dat.obj
 0003:00001ca0       _environ                   0000000140028ca0     LIBCMT:crt0dat.obj
 0003:00001ca8       __initenv                  0000000140028ca8     LIBCMT:crt0dat.obj
 0003:00001cb0       _wenviron                  0000000140028cb0     LIBCMT:crt0dat.obj
 0003:00001cb8       __winitenv                 0000000140028cb8     LIBCMT:crt0dat.obj
 0003:00001cc0       _pgmptr                    0000000140028cc0     LIBCMT:crt0dat.obj
 0003:00001cc8       _wpgmptr                   0000000140028cc8     LIBCMT:crt0dat.obj
 0003:00001cd0       _exitflag                  0000000140028cd0     LIBCMT:crt0dat.obj
 0003:00001cd4       _C_Termination_Done        0000000140028cd4     LIBCMT:crt0dat.obj
 0003:00001cd8       _C_Exit_Done               0000000140028cd8     LIBCMT:crt0dat.obj
 0003:00001ce8       _aenvptr                   0000000140028ce8     LIBCMT:wincrt0.obj
 0003:00001cf0       _wenvptr                   0000000140028cf0     LIBCMT:wincrt0.obj
 0003:00001cf8       __error_mode               0000000140028cf8     LIBCMT:wincrt0.obj
 0003:00001cfc       __fastflag                 0000000140028cfc     LIBCMT:_fpinit_.obj
 0003:00001d00       _cflush                    0000000140028d00     LIBCMT:_file.obj
 0003:00001f40       ?__pInconsistency@@3P6AXXZEA 0000000140028f40     LIBCMT:hooks.obj
 0003:00001f78       __pPurecall                0000000140028f78     LIBCMT:inithelp.obj
 0003:00001f80       __pInvalidArgHandler       0000000140028f80     LIBCMT:invarg.obj
 0003:00001f88       ?_pnhHeap@@3P6AH_K@ZEA     0000000140028f88     LIBCMT:handler.obj
 0003:000025b8       _stdbuf                    00000001400295b8     LIBCMT:_sftbuf.obj
 0003:000026d8       _crtheap                   00000001400296d8     LIBCMT:heapinit.obj
 0003:000026e0       _maxwait                   00000001400296e0     LIBCMT:crtheap.obj
 0003:00002c60       _newmode                   0000000140029c60     LIBCMT:_newmode.obj
 0003:00002c70       __mbulinfo                 0000000140029c70     LIBCMT:mbctype.obj
 0003:00002c7c       __mbcodepage               0000000140029c7c     LIBCMT:mbctype.obj
 0003:00002c80       __ismbcodepage             0000000140029c80     LIBCMT:mbctype.obj
 0003:00002c84       __mblcid                   0000000140029c84     LIBCMT:mbctype.obj
 0003:00002c88       __locale_changed           0000000140029c88     LIBCMT:setlocal.obj
 0003:00002cb8       _outputformat              0000000140029cb8     LIBCMT:outputformat.obj
 0003:00002cbc       _commode                   0000000140029cbc     LIBCMT:ncommode.obj
 0003:00002d7c       __lconv_static_null        0000000140029d7c     LIBCMT:lconv.obj
 0003:00002d80       __lconv_static_W_null      0000000140029d80     LIBCMT:lconv.obj
 0003:00002d84       _fmode                     0000000140029d84     LIBCMT:txtmode.obj
 0003:00002d88       _debugger_hook_dummy       0000000140029d88     <common>
 0003:00002d8c       _nhandle                   0000000140029d8c     <common>
 0003:00002da0       __pioinfo                  0000000140029da0     <common>
 0003:00002fa0       _pDestructExceptionObject  0000000140029fa0     <common>
 0003:00002fa8       __piob                     0000000140029fa8     <common>
 0003:00002fc0       _bufin                     0000000140029fc0     <common>
 0003:00003fc0       _nstream                   000000014002afc0     <common>
 0003:00003fc8       _acmdln                    000000014002afc8     <common>
 0003:00003fd0       __env_initialized          000000014002afd0     <common>
 0003:00003fd8       __onexitend                000000014002afd8     <common>
 0003:00003fe0       __onexitbegin              000000014002afe0     <common>
 0003:00003fe8       __mbctype_initialized      000000014002afe8     <common>
 0003:00003ff0       __dyn_tls_init_callback    000000014002aff0     <common>

 entry point at        0001:000098bc

 Static symbols

 0001:00000150       parse_size                 0000000140001150 f   jli_static:java.obj
 0001:0000038c       SetClassPath               000000014000138c f   jli_static:java.obj
 0001:00000450       NewPlatformString          0000000140001450 f   jli_static:java.obj
 0001:0000065c       LoadMainClass              000000014000165c f   jli_static:java.obj
 0001:0000077c       AddApplicationOptions      000000014000177c f   jli_static:java.obj
 0001:00000a04       ShowSettings               0000000140001a04 f   jli_static:java.obj
 0001:00000ae4       PrintUsage                 0000000140001ae4 f   jli_static:java.obj
 0001:00000e30       KnownVMIndex               0000000140001e30 f   jli_static:java.obj
 0001:000018f4       SelectVersion              00000001400028f4 f   jli_static:java.obj
 0001:00001df0       ParseArguments             0000000140002df0 f   jli_static:java.obj
 0001:00002348       TranslateApplicationArgs   0000000140003348 f   jli_static:java.obj
 0001:00002efc       next_arg                   0000000140003efc f   jli_static:cmdtoargs.obj
 0001:0000341c       GetStringFromRegistry      000000014000441c f   jli_static:java_md.obj
 0001:000039e8       nextarg                    00000001400049e8 f   jli_static:java_md.obj
 0001:000043f0       GetPublicJREHome           00000001400053f0 f   jli_static:java_md.obj
 0001:000045d4       GetJREPath                 00000001400055d4 f   jli_static:java_md.obj
 0001:00004b70       FileList_free              0000000140005b70 f   jli_static:wildcard.obj
 0001:00004bcc       FileList_join              0000000140005bcc f   jli_static:wildcard.obj
 0001:00004c90       FileList_split             0000000140005c90 f   jli_static:wildcard.obj
 0001:00004da8       wildcardFileList           0000000140005da8 f   jli_static:wildcard.obj
 0001:00004f80       FileList_expandWildcards   0000000140005f80 f   jli_static:wildcard.obj
 0001:00005300       inflate_file               0000000140006300 f   jli_static:parse_manifest.obj
 0001:00005478       haveZIP64                  0000000140006478 f   jli_static:parse_manifest.obj
 0001:000054f8       find_end64                 00000001400064f8 f   jli_static:parse_manifest.obj
 0001:00005578       find_end                   0000000140006578 f   jli_static:parse_manifest.obj
 0001:00005728       compute_cen                0000000140006728 f   jli_static:parse_manifest.obj
 0001:000059c0       find_file                  00000001400069c0 f   jli_static:parse_manifest.obj
 0001:00005ce8       parse_nv_pair              0000000140006ce8 f   jli_static:parse_manifest.obj
 0001:00005fe4       isjavaint                  0000000140006fe4 f   jli_static:version_comp.obj
 0001:00006048       comp_string                0000000140007048 f   jli_static:version_comp.obj
 0001:00006760       updatewindow               0000000140007760 f   jli_static:inflate.obj
 0001:00008e70       crc32_little               0000000140009e70 f   jli_static:zcrc32.obj
 0001:0000923c       _initterm                  000000014000a23c f   LIBCMT:crt0dat.obj
 0001:0000935c       doexit                     000000014000a35c f   LIBCMT:crt0dat.obj
 0001:00009720       __tmainCRTStartup          000000014000a720 f   LIBCMT:wincrt0.obj
 0001:00009910       _putenv_helper             000000014000a910 f   LIBCMT:putenv.obj
 0001:00009c88       vscan_fn                   000000014000ac88 f   LIBCMT:sscanf.obj
 0001:0000bba0       flsall                     000000014000cba0 f   LIBCMT:fflush.obj
 0001:0000bd1c       _callthreadstartex         000000014000cd1c f   LIBCMT:threadex.obj
 0001:0000bd48       _threadstartex             000000014000cd48 f   LIBCMT:threadex.obj
 0001:0000d820       write_char                 000000014000e820 f   LIBCMT:output.obj
 0001:0000d868       write_multi_char           000000014000e868 f   LIBCMT:output.obj
 0001:0000d8bc       write_string               000000014000e8bc f   LIBCMT:output.obj
 0001:0000ea64       parse_cmdline              000000014000fa64 f   LIBCMT:stdargv.obj
 0001:0000fc7c       __check_float_string       0000000140010c7c f   LIBCMT:input.obj
 0001:0000fd14       _inc                       0000000140010d14 f   LIBCMT:input.obj
 0001:00011220       _cftoe2_l                  0000000140012220 f   LIBCMT:cvt.obj
 0001:0001192c       _cftof2_l                  000000014001292c f   LIBCMT:cvt.obj
 0001:000138b4       _tsopen_nolock             00000001400148b4 f   LIBCMT:open.obj
 0001:00014978       ?setSBCS@@YAXPEAUthreadmbcinfostruct@@@Z 0000000140015978 f   LIBCMT:mbctype.obj
 0001:00014a04       ?setSBUpLow@@YAXPEAUthreadmbcinfostruct@@@Z 0000000140015a04 f   LIBCMT:mbctype.obj
 0001:00014cb0       ?getSystemCP@@YAHH@Z       0000000140015cb0 f   LIBCMT:mbctype.obj
 0001:00015d88       ?__crtCompareStringA_stat@@YAHPEAUlocaleinfo_struct@@KKPEBDH1HH@Z 0000000140016d88 f   LIBCMT:a_cmp.obj
 0001:000162f8       ?x_ismbbtype_l@@YAHPEAUlocaleinfo_struct@@IHH@Z 00000001400172f8 f   LIBCMT:ismbbyte.obj
 0001:000171f8       ?strtoxl@@YAKPEAUlocaleinfo_struct@@PEBDPEAPEBDHH@Z 00000001400181f8 f   LIBCMT:strtol.obj
 0001:00018984       _tzset_nolock              0000000140019984 f   LIBCMT:tzset.obj
 0001:00018e04       cvtdate                    0000000140019e04 f   LIBCMT:tzset.obj
 0001:000190d8       _isindst_nolock            000000014001a0d8 f   LIBCMT:tzset.obj
 0001:000194a0       ?__crtLCMapStringA_stat@@YAHPEAUlocaleinfo_struct@@KKPEBDHPEADHHH@Z 000000014001a4a0 f   LIBCMT:a_map.obj
 0001:00019804       ?__crtGetStringTypeA_stat@@YAHPEAUlocaleinfo_struct@@KPEBDHPEAGHHH@Z 000000014001a804 f   LIBCMT:a_str.obj
 0001:0001c490       doexit$fin$0               000000014001d490 f   LIBCMT:crt0dat.obj
 0001:0001c4b4       printf$fin$0               000000014001d4b4 f   LIBCMT:printf.obj
 0001:0001c4db       _getcwd$fin$0              000000014001d4db f   LIBCMT:putenv.obj
 0001:0001c4db       getenv$fin$0               000000014001d4db f   LIBCMT:putenv.obj
 0001:0001c4db       _putenv$fin$0              000000014001d4db f   LIBCMT:putenv.obj
 0001:0001c4f6       fprintf$fin$0              000000014001d4f6 f   LIBCMT:fprintf.obj
 0001:0001c510       vfprintf_helper$fin$0      000000014001d510 f   LIBCMT:vfprintf.obj
 0001:0001c510       vprintf_helper$fin$0       000000014001d510 f   LIBCMT:vfprintf.obj
 0001:0001c52a       fgets$fin$0                000000014001d52a f   LIBCMT:fgets.obj
 0001:0001c544       _fsopen$fin$0              000000014001d544 f   LIBCMT:fopen.obj
 0001:0001c55e       perror$fin$0               000000014001d55e f   LIBCMT:perror.obj
 0001:0001c579       flsall$fin$0               000000014001d579 f   LIBCMT:fflush.obj
 0001:0001c5a9       flsall$fin$1               000000014001d5a9 f   LIBCMT:fflush.obj
 0001:0001c5c4       fclose$fin$0               000000014001d5c4 f   LIBCMT:fflush.obj
 0001:0001c5c4       fflush$fin$0               000000014001d5c4 f   LIBCMT:fflush.obj
 0001:0001c5de       __tmainCRTStartup$filt$0   000000014001d5de f   LIBCMT:threadex.obj
 0001:0001c5de       _callthreadstartex$filt$0  000000014001d5de f   LIBCMT:threadex.obj
 0001:0001c5fc       _mtinitlocknum$fin$0       000000014001d5fc f   LIBCMT:mlock.obj
 0001:0001c61a       raise$fin$0                000000014001d61a f   LIBCMT:winsig.obj
 0001:0001c638       _freefls$fin$1             000000014001d638 f   LIBCMT:tidtable.obj
 0001:0001c638       _initptd$fin$1             000000014001d638 f   LIBCMT:tidtable.obj
 0001:0001c658       _initptd$fin$0             000000014001d658 f   LIBCMT:tidtable.obj
 0001:0001c658       _freefls$fin$0             000000014001d658 f   LIBCMT:tidtable.obj
 0001:0001c673       _onexit$fin$0              000000014001d673 f   LIBCMT:onexit.obj
 0001:0001c690       _IsNonwritableInCurrentImage$filt$0 000000014001d690 f   LIBCMT:pesect.obj
 0001:0001c6b2       _getstream$fin$0           000000014001d6b2 f   LIBCMT:closeall.obj
 0001:0001c6b2       _fcloseall$fin$0           000000014001d6b2 f   LIBCMT:closeall.obj
 0001:0001c6cd       __lock_fhandle$fin$0       000000014001d6cd f   LIBCMT:osfinfo.obj
 0001:0001c6e8       _alloc_osfhnd$fin$0        000000014001d6e8 f   LIBCMT:osfinfo.obj
 0001:0001c708       _alloc_osfhnd$fin$1        000000014001d708 f   LIBCMT:osfinfo.obj
 0001:0001c723       _read$fin$0                000000014001d723 f   LIBCMT:write.obj
 0001:0001c723       _write$fin$0               000000014001d723 f   LIBCMT:write.obj
 0001:0001c723       _lseeki64$fin$0            000000014001d723 f   LIBCMT:write.obj
 0001:0001c73c       _fstat64i32$fin$0          000000014001d73c f   LIBCMT:fstati32.obj
 0001:0001c755       _open$fin$0                000000014001d755 f   LIBCMT:open.obj
 0001:0001c7a3       _sopen_helper$fin$0        000000014001d7a3 f   LIBCMT:open.obj
 0001:0001c7ec       _commit$fin$0              000000014001d7ec f   LIBCMT:commit.obj
 0001:0001c7ec       _close$fin$0               000000014001d7ec f   LIBCMT:commit.obj
 0001:0001c805       __updatetmbcinfo$fin$0     000000014001d805 f   LIBCMT:mbctype.obj
 0001:0001c805       _setmbcp$fin$0             000000014001d805 f   LIBCMT:mbctype.obj
 0001:0001c820       __updatetlocinfo$fin$0     000000014001d820 f   LIBCMT:localref.obj
 0001:0001c83b       _tzset_nolock$fin$0        000000014001d83b f   LIBCMT:tzset.obj
 0001:0001c856       __tzset$fin$0              000000014001d856 f   LIBCMT:tzset.obj
 0001:0001c856       _isindst$fin$0             000000014001d856 f   LIBCMT:tzset.obj
