 verify

 Timestamp is 60b79cdc (Wed Jun 02 15:59:40 2021)

 Preferred load address is 0000000180000000

 Start         Length     Name                   Class
 0001:00000000 00006de2H .text                   CODE
 0001:00006df0 00000092H .text$x                 CODE
 0002:00000000 000002a8H .idata$5                DATA
 0002:000002a8 00000008H .CRT$XCA                DATA
 0002:000002b0 00000008H .CRT$XCZ                DATA
 0002:000002b8 00000008H .CRT$XIA                DATA
 0002:000002c0 00000008H .CRT$XIAA               DATA
 0002:000002c8 00000008H .CRT$XIZ                DATA
 0002:000002d0 00001f98H .rdata                  DATA
 0002:00002268 00000075H .rdata$debug            DATA
 0002:000022e0 00000008H .rtc$IAA                DATA
 0002:000022e8 00000008H .rtc$IZZ                DATA
 0002:000022f0 00000008H .rtc$TAA                DATA
 0002:000022f8 00000008H .rtc$TZZ                DATA
 0002:00002300 00000348H .xdata                  DATA
 0002:00002648 0000003cH .idata$2                DATA
 0002:00002684 00000014H .idata$3                DATA
 0002:00002698 000002a8H .idata$4                DATA
 0002:00002940 000006c2H .idata$6                DATA
 0002:00003010 000000a5H .edata                  DATA
 0003:00000000 000000e8H .data                   DATA
 0003:000000f0 000005c8H .bss                    DATA
 0004:00000000 0000030cH .pdata                  DATA
 0005:00000000 00000058H .rsrc$01                DATA
 0005:00000060 00000358H .rsrc$02                DATA

  Address         Publics by Value              Rva+Base               Lib:Object

 0000:00000000       ___safe_se_handler_count   0000000000000000     <absolute>
 0000:00000000       ___safe_se_handler_table   0000000000000000     <absolute>
 0000:00000000       __ImageBase                0000000180000000     <linker-defined>
 0001:00000988       initialize_class_hash      0000000180001988 f   check_code.obj
 0001:00005ab8       VerifyClassForMajorVersion 0000000180006ab8 f   check_code.obj
 0001:00005fa0       VerifyClass                0000000180006fa0 f   check_code.obj
 0001:000061f8       VerifyClassname            00000001800071f8 f   check_format.obj
 0001:00006300       VerifyFixClassname         0000000180007300 f   check_format.obj
 0001:00006372       JVM_ReleaseUTF             0000000180007372 f   jvm:jvm.dll
 0001:00006378       jio_snprintf               0000000180007378 f   jvm:jvm.dll
 0001:0000637e       JVM_GetMethodIxSignatureUTF 000000018000737e f   jvm:jvm.dll
 0001:00006384       JVM_GetMethodIxNameUTF     0000000180007384 f   jvm:jvm.dll
 0001:0000638a       JVM_GetClassNameUTF        000000018000738a f   jvm:jvm.dll
 0001:00006390       jio_vsnprintf              0000000180007390 f   jvm:jvm.dll
 0001:00006396       jio_fprintf                0000000180007396 f   jvm:jvm.dll
 0001:0000639c       JVM_GetCPFieldNameUTF      000000018000739c f   jvm:jvm.dll
 0001:000063a2       JVM_GetCPFieldClassNameUTF 00000001800073a2 f   jvm:jvm.dll
 0001:000063a8       JVM_GetCPMethodNameUTF     00000001800073a8 f   jvm:jvm.dll
 0001:000063ae       JVM_GetCPMethodClassNameUTF 00000001800073ae f   jvm:jvm.dll
 0001:000063b4       JVM_FindClassFromClass     00000001800073b4 f   jvm:jvm.dll
 0001:000063ba       JVM_GetFieldIxModifiers    00000001800073ba f   jvm:jvm.dll
 0001:000063c0       JVM_GetMethodIxByteCode    00000001800073c0 f   jvm:jvm.dll
 0001:000063c6       JVM_GetMethodIxByteCodeLength 00000001800073c6 f   jvm:jvm.dll
 0001:000063cc       JVM_GetMethodIxLocalsCount 00000001800073cc f   jvm:jvm.dll
 0001:000063d2       JVM_IsConstructorIx        00000001800073d2 f   jvm:jvm.dll
 0001:000063d8       JVM_GetMethodIxModifiers   00000001800073d8 f   jvm:jvm.dll
 0001:000063de       JVM_GetMethodIxArgsSize    00000001800073de f   jvm:jvm.dll
 0001:000063e4       JVM_GetCPClassNameUTF      00000001800073e4 f   jvm:jvm.dll
 0001:000063ea       JVM_IsInterface            00000001800073ea f   jvm:jvm.dll
 0001:000063f0       JVM_IsSameClassPackage     00000001800073f0 f   jvm:jvm.dll
 0001:000063f6       JVM_GetCPMethodModifiers   00000001800073f6 f   jvm:jvm.dll
 0001:000063fc       JVM_GetCPFieldModifiers    00000001800073fc f   jvm:jvm.dll
 0001:00006402       JVM_GetCPMethodSignatureUTF 0000000180007402 f   jvm:jvm.dll
 0001:00006408       JVM_GetCPFieldSignatureUTF 0000000180007408 f   jvm:jvm.dll
 0001:0000640e       JVM_GetMethodIxExceptionTableEntry 000000018000740e f   jvm:jvm.dll
 0001:00006414       JVM_GetMethodIxExceptionTableLength 0000000180007414 f   jvm:jvm.dll
 0001:0000641a       JVM_GetMethodIxMaxStack    000000018000741a f   jvm:jvm.dll
 0001:00006420       JVM_GetMethodIxExceptionIndexes 0000000180007420 f   jvm:jvm.dll
 0001:00006426       JVM_GetMethodIxExceptionsCount 0000000180007426 f   jvm:jvm.dll
 0001:0000642c       JVM_IsVMGeneratedMethodIx  000000018000742c f   jvm:jvm.dll
 0001:00006432       JVM_GetClassMethodsCount   0000000180007432 f   jvm:jvm.dll
 0001:00006438       JVM_GetClassFieldsCount    0000000180007438 f   jvm:jvm.dll
 0001:0000643e       JVM_GetClassCPTypes        000000018000743e f   jvm:jvm.dll
 0001:00006444       JVM_GetClassCPEntriesCount 0000000180007444 f   jvm:jvm.dll
 0001:0000644a       strcpy                     000000018000744a f   MSVCRT:MSVCR100.dll
 0001:00006450       strlen                     0000000180007450 f   MSVCRT:MSVCR100.dll
 0001:00006456       strcmp                     0000000180007456 f   MSVCRT:MSVCR100.dll
 0001:0000645c       memset                     000000018000745c f   MSVCRT:MSVCR100.dll
 0001:00006464       __GSHandlerCheckCommon     0000000180007464 f   MSVCRT:gshandler.obj
 0001:000064c8       __GSHandlerCheck           00000001800074c8 f   MSVCRT:gshandler.obj
 0001:000064e6       memcpy                     00000001800074e6 f   MSVCRT:MSVCR100.dll
 0001:00006500       __security_check_cookie    0000000180007500 f   MSVCRT:amdsecgs.obj
 0001:00006520       memcmp                     0000000180007520 f   MSVCRT:MSVCR100.dll
 0001:00006526       _setjmp                    0000000180007526 f   MSVCRT:MSVCR100.dll
 0001:0000658c       _CRT_INIT                  000000018000758c f   MSVCRT:crtdll.obj
 0001:00006924       _DllMainCRTStartup         0000000180007924 f   MSVCRT:crtdll.obj
 0001:00006964       __report_gsfailure         0000000180007964 f   MSVCRT:gs_report.obj
 0001:00006ab0       __clean_type_info_names    0000000180007ab0 f   MSVCRT:tncleanup.obj
 0001:00006abc       _onexit                    0000000180007abc f   MSVCRT:atonexit.obj
 0001:00006b6c       atexit                     0000000180007b6c f   MSVCRT:atonexit.obj
 0001:00006b84       _RTC_Initialize            0000000180007b84 f   MSVCRT:_initsect_.obj
 0001:00006bbc       _RTC_Terminate             0000000180007bbc f   MSVCRT:_initsect_.obj
 0001:00006c00       _ValidateImageBase         0000000180007c00 f   MSVCRT:pesect.obj
 0001:00006c30       _FindPESection             0000000180007c30 f   MSVCRT:pesect.obj
 0001:00006c80       _IsNonwritableInCurrentImage 0000000180007c80 f   MSVCRT:pesect.obj
 0001:00006cc2       _initterm                  0000000180007cc2 f   MSVCRT:MSVCR100.dll
 0001:00006cc8       _initterm_e                0000000180007cc8 f   MSVCRT:MSVCR100.dll
 0001:00006cce       _amsg_exit                 0000000180007cce f   MSVCRT:MSVCR100.dll
 0001:00006cd4       __C_specific_handler       0000000180007cd4 f   MSVCRT:MSVCR100.dll
 0001:00006cda       __CppXcptFilter            0000000180007cda f   MSVCRT:MSVCR100.dll
 0001:00006ce0       DllMain                    0000000180007ce0 f   MSVCRT:dllmain.obj
 0001:00006d04       __security_init_cookie     0000000180007d04 f   MSVCRT:gs_support.obj
 0001:00006db8       __crt_debugger_hook        0000000180007db8 f   MSVCRT:MSVCR100.dll
 0001:00006dbe       __clean_type_info_names_internal 0000000180007dbe f   MSVCRT:MSVCR100.dll
 0001:00006dc4       _unlock                    0000000180007dc4 f   MSVCRT:MSVCR100.dll
 0001:00006dca       __dllonexit                0000000180007dca f   MSVCRT:MSVCR100.dll
 0001:00006dd0       _lock                      0000000180007dd0 f   MSVCRT:MSVCR100.dll
 0001:00006dd6       RtlVirtualUnwind           0000000180007dd6 f   kernel32:KERNEL32.dll
 0001:00006ddc       RtlLookupFunctionEntry     0000000180007ddc f   kernel32:KERNEL32.dll
 0002:00000000       __imp_GetSystemTimeAsFileTime 0000000180008000     kernel32:KERNEL32.dll
 0002:00000008       __imp_GetCurrentProcessId  0000000180008008     kernel32:KERNEL32.dll
 0002:00000010       __imp_GetCurrentThreadId   0000000180008010     kernel32:KERNEL32.dll
 0002:00000018       __imp_GetTickCount         0000000180008018     kernel32:KERNEL32.dll
 0002:00000020       __imp_QueryPerformanceCounter 0000000180008020     kernel32:KERNEL32.dll
 0002:00000028       __imp_DisableThreadLibraryCalls 0000000180008028     kernel32:KERNEL32.dll
 0002:00000030       __imp_RtlCaptureContext    0000000180008030     kernel32:KERNEL32.dll
 0002:00000038       __imp_RtlLookupFunctionEntry 0000000180008038     kernel32:KERNEL32.dll
 0002:00000040       __imp_RtlVirtualUnwind     0000000180008040     kernel32:KERNEL32.dll
 0002:00000048       __imp_IsDebuggerPresent    0000000180008048     kernel32:KERNEL32.dll
 0002:00000050       __imp_SetUnhandledExceptionFilter 0000000180008050     kernel32:KERNEL32.dll
 0002:00000058       __imp_UnhandledExceptionFilter 0000000180008058     kernel32:KERNEL32.dll
 0002:00000060       __imp_GetCurrentProcess    0000000180008060     kernel32:KERNEL32.dll
 0002:00000068       __imp_TerminateProcess     0000000180008068     kernel32:KERNEL32.dll
 0002:00000070       __imp_Sleep                0000000180008070     kernel32:KERNEL32.dll
 0002:00000078       __imp_DecodePointer        0000000180008078     kernel32:KERNEL32.dll
 0002:00000080       __imp_EncodePointer        0000000180008080     kernel32:KERNEL32.dll
 0002:00000088       \177KERNEL32_NULL_THUNK_DATA 0000000180008088     kernel32:KERNEL32.dll
 0002:00000090       __imp__onexit              0000000180008090     MSVCRT:MSVCR100.dll
 0002:00000098       __imp__lock                0000000180008098     MSVCRT:MSVCR100.dll
 0002:000000a0       __imp___dllonexit          00000001800080a0     MSVCRT:MSVCR100.dll
 0002:000000a8       __imp__unlock              00000001800080a8     MSVCRT:MSVCR100.dll
 0002:000000b0       __imp___clean_type_info_names_internal 00000001800080b0     MSVCRT:MSVCR100.dll
 0002:000000b8       __imp___crt_debugger_hook  00000001800080b8     MSVCRT:MSVCR100.dll
 0002:000000c0       __imp___CppXcptFilter      00000001800080c0     MSVCRT:MSVCR100.dll
 0002:000000c8       __imp___C_specific_handler 00000001800080c8     MSVCRT:MSVCR100.dll
 0002:000000d0       __imp__amsg_exit           00000001800080d0     MSVCRT:MSVCR100.dll
 0002:000000d8       __imp__encoded_null        00000001800080d8     MSVCRT:MSVCR100.dll
 0002:000000e0       __imp__initterm_e          00000001800080e0     MSVCRT:MSVCR100.dll
 0002:000000e8       __imp__initterm            00000001800080e8     MSVCRT:MSVCR100.dll
 0002:000000f0       __imp__malloc_crt          00000001800080f0     MSVCRT:MSVCR100.dll
 0002:000000f8       __imp__setjmp              00000001800080f8     MSVCRT:MSVCR100.dll
 0002:00000100       __imp_fflush               0000000180008100     MSVCRT:MSVCR100.dll
 0002:00000108       __imp_memcmp               0000000180008108     MSVCRT:MSVCR100.dll
 0002:00000110       __imp_strchr               0000000180008110     MSVCRT:MSVCR100.dll
 0002:00000118       __imp_memcpy               0000000180008118     MSVCRT:MSVCR100.dll
 0002:00000120       __imp_free                 0000000180008120     MSVCRT:MSVCR100.dll
 0002:00000128       __imp__wassert             0000000180008128     MSVCRT:MSVCR100.dll
 0002:00000130       __imp_longjmp              0000000180008130     MSVCRT:MSVCR100.dll
 0002:00000138       __imp_malloc               0000000180008138     MSVCRT:MSVCR100.dll
 0002:00000140       __imp___iob_func           0000000180008140     MSVCRT:MSVCR100.dll
 0002:00000148       __imp_strrchr              0000000180008148     MSVCRT:MSVCR100.dll
 0002:00000150       __imp_calloc               0000000180008150     MSVCRT:MSVCR100.dll
 0002:00000158       __imp_strcpy               0000000180008158     MSVCRT:MSVCR100.dll
 0002:00000160       __imp_strlen               0000000180008160     MSVCRT:MSVCR100.dll
 0002:00000168       __imp_strcmp               0000000180008168     MSVCRT:MSVCR100.dll
 0002:00000170       __imp_memset               0000000180008170     MSVCRT:MSVCR100.dll
 0002:00000178       \177MSVCR100_NULL_THUNK_DATA 0000000180008178     MSVCRT:MSVCR100.dll
 0002:00000180       __imp_JVM_GetClassCPEntriesCount 0000000180008180     jvm:jvm.dll
 0002:00000188       __imp_JVM_GetClassCPTypes  0000000180008188     jvm:jvm.dll
 0002:00000190       __imp_JVM_GetClassFieldsCount 0000000180008190     jvm:jvm.dll
 0002:00000198       __imp_JVM_GetClassMethodsCount 0000000180008198     jvm:jvm.dll
 0002:000001a0       __imp_JVM_IsVMGeneratedMethodIx 00000001800081a0     jvm:jvm.dll
 0002:000001a8       __imp_JVM_GetMethodIxExceptionsCount 00000001800081a8     jvm:jvm.dll
 0002:000001b0       __imp_JVM_GetMethodIxExceptionIndexes 00000001800081b0     jvm:jvm.dll
 0002:000001b8       __imp_JVM_GetMethodIxMaxStack 00000001800081b8     jvm:jvm.dll
 0002:000001c0       __imp_JVM_GetMethodIxExceptionTableLength 00000001800081c0     jvm:jvm.dll
 0002:000001c8       __imp_JVM_GetMethodIxExceptionTableEntry 00000001800081c8     jvm:jvm.dll
 0002:000001d0       __imp_JVM_GetCPFieldSignatureUTF 00000001800081d0     jvm:jvm.dll
 0002:000001d8       __imp_JVM_GetCPMethodSignatureUTF 00000001800081d8     jvm:jvm.dll
 0002:000001e0       __imp_JVM_GetCPFieldModifiers 00000001800081e0     jvm:jvm.dll
 0002:000001e8       __imp_JVM_GetCPMethodModifiers 00000001800081e8     jvm:jvm.dll
 0002:000001f0       __imp_JVM_IsSameClassPackage 00000001800081f0     jvm:jvm.dll
 0002:000001f8       __imp_JVM_IsInterface      00000001800081f8     jvm:jvm.dll
 0002:00000200       __imp_JVM_GetCPClassNameUTF 0000000180008200     jvm:jvm.dll
 0002:00000208       __imp_JVM_GetMethodIxArgsSize 0000000180008208     jvm:jvm.dll
 0002:00000210       __imp_JVM_GetMethodIxModifiers 0000000180008210     jvm:jvm.dll
 0002:00000218       __imp_JVM_IsConstructorIx  0000000180008218     jvm:jvm.dll
 0002:00000220       __imp_JVM_GetMethodIxLocalsCount 0000000180008220     jvm:jvm.dll
 0002:00000228       __imp_JVM_GetMethodIxByteCodeLength 0000000180008228     jvm:jvm.dll
 0002:00000230       __imp_JVM_GetMethodIxByteCode 0000000180008230     jvm:jvm.dll
 0002:00000238       __imp_JVM_GetFieldIxModifiers 0000000180008238     jvm:jvm.dll
 0002:00000240       __imp_JVM_FindClassFromClass 0000000180008240     jvm:jvm.dll
 0002:00000248       __imp_JVM_GetCPMethodClassNameUTF 0000000180008248     jvm:jvm.dll
 0002:00000250       __imp_JVM_GetCPMethodNameUTF 0000000180008250     jvm:jvm.dll
 0002:00000258       __imp_JVM_GetCPFieldClassNameUTF 0000000180008258     jvm:jvm.dll
 0002:00000260       __imp_JVM_GetCPFieldNameUTF 0000000180008260     jvm:jvm.dll
 0002:00000268       __imp_jio_fprintf          0000000180008268     jvm:jvm.dll
 0002:00000270       __imp_jio_vsnprintf        0000000180008270     jvm:jvm.dll
 0002:00000278       __imp_JVM_GetClassNameUTF  0000000180008278     jvm:jvm.dll
 0002:00000280       __imp_JVM_GetMethodIxNameUTF 0000000180008280     jvm:jvm.dll
 0002:00000288       __imp_JVM_GetMethodIxSignatureUTF 0000000180008288     jvm:jvm.dll
 0002:00000290       __imp_jio_snprintf         0000000180008290     jvm:jvm.dll
 0002:00000298       __imp_JVM_ReleaseUTF       0000000180008298     jvm:jvm.dll
 0002:000002a0       \177jvm_NULL_THUNK_DATA    00000001800082a0     jvm:jvm.dll
 0002:000002a8       __xc_a                     00000001800082a8     MSVCRT:cinitexe.obj
 0002:000002b0       __xc_z                     00000001800082b0     MSVCRT:cinitexe.obj
 0002:000002b8       __xi_a                     00000001800082b8     MSVCRT:cinitexe.obj
 0002:000002c8       __xi_z                     00000001800082c8     MSVCRT:cinitexe.obj
 0002:000002ec       ??_C@_01IDAFKMJL@_?$AA@    00000001800082ec     check_code.obj
 0002:000002f0       ??_C@_01MJMHLOMK@O?$AA@    00000001800082f0     check_code.obj
 0002:000002f4       ??_C@_03OCJFCJPE@?$FL?$DP?$FN?$AA@ 00000001800082f4     check_code.obj
 0002:000002f8       ??_C@_01DGKLNCNG@R?$AA@    00000001800082f8     check_code.obj
 0002:000002fc       ??_C@_02JIIELPFO@AA?$AA@   00000001800082fc     check_code.obj
 0002:00000300       ??_C@_02FIIFKGAF@LI?$AA@   0000000180008300     check_code.obj
 0002:00000304       ??_C@_02ODDIIJPA@DD?$AA@   0000000180008304     check_code.obj
 0002:00000308       ??_C@_02NCIKDPBM@FF?$AA@   0000000180008308     check_code.obj
 0002:0000030c       ??_C@_02CFPCFCEA@LL?$AA@   000000018000830c     check_code.obj
 0002:00000310       ??_C@_02FOEOGEOO@II?$AA@   0000000180008310     check_code.obj
 0002:00000314       ??_C@_02MIGHPNDL@12?$AA@   0000000180008314     check_code.obj
 0002:00000318       ??_C@_06MFMEDPLH@214321?$AA@ 0000000180008318     check_code.obj
 0002:00000320       ??_C@_06BNDCAIPK@4?$CL32?$CL1?$AA@ 0000000180008320     check_code.obj
 0002:00000328       ??_C@_05JIOCAIMP@21321?$AA@ 0000000180008328     check_code.obj
 0002:00000330       ??_C@_04HHDLFECN@32?$CL1?$AA@ 0000000180008330     check_code.obj
 0002:00000338       ??_C@_04ELBJEKIM@2121?$AA@ 0000000180008338     check_code.obj
 0002:00000340       ??_C@_04KGLAPINH@1321?$AA@ 0000000180008340     check_code.obj
 0002:00000348       ??_C@_04EJNNNEMH@3?$CL21?$AA@ 0000000180008348     check_code.obj
 0002:00000350       ??_C@_03HHJOIJGL@121?$AA@  0000000180008350     check_code.obj
 0002:00000354       ??_C@_02OBAMBAKB@21?$AA@   0000000180008354     check_code.obj
 0002:00000358       ??_C@_02ODEKKOPI@11?$AA@   0000000180008358     check_code.obj
 0002:0000035c       ??_C@_03HGNMLOHK@2?$CL1?$AA@ 000000018000835c     check_code.obj
 0002:00000360       ??_C@_01HIHLOKLC@1?$AA@    0000000180008360     check_code.obj
 0002:00000364       ??_C@_05DAFAIGAP@?$FLS?$FNII?$AA@ 0000000180008364     check_code.obj
 0002:0000036c       ??_C@_05FALABBIN@?$FLC?$FNII?$AA@ 000000018000836c     check_code.obj
 0002:00000374       ??_C@_05GNNADIDN@?$FLB?$FNII?$AA@ 0000000180008374     check_code.obj
 0002:0000037c       ??_C@_05OCKJMIOF@?$FLA?$FNIA?$AA@ 000000018000837c     check_code.obj
 0002:00000384       ??_C@_05FHDOLDNA@?$FLD?$FNID?$AA@ 0000000180008384     check_code.obj
 0002:0000038c       ??_C@_05BPMIICDC@?$FLF?$FNIF?$AA@ 000000018000838c     check_code.obj
 0002:00000394       ??_C@_05KPJHHCBJ@?$FLL?$FNIL?$AA@ 0000000180008394     check_code.obj
 0002:0000039c       ??_C@_05BKAAAJCM@?$FLI?$FNII?$AA@ 000000018000839c     check_code.obj
 0002:000003a4       ??_C@_04OKHJBPNL@?$FLS?$FNI?$AA@ 00000001800083a4     check_code.obj
 0002:000003ac       ??_C@_04LKGAEIEE@?$FLC?$FNI?$AA@ 00000001800083ac     check_code.obj
 0002:000003b4       ??_C@_04CNMCPCB@?$FLB?$FNI?$AA@ 00000001800083b4     check_code.obj
 0002:000003bc       ??_C@_04BAGJIAMP@?$FLA?$FNI?$AA@ 00000001800083bc     check_code.obj
 0002:000003c4       ??_C@_04CHLHHAPN@?$FLD?$FNI?$AA@ 00000001800083c4     check_code.obj
 0002:000003cc       ??_C@_04INLOLIHG@?$FLF?$FNI?$AA@ 00000001800083cc     check_code.obj
 0002:000003d4       ??_C@_04OCADFIBC@?$FLL?$FNI?$AA@ 00000001800083d4     check_code.obj
 0002:000003dc       ??_C@_04NFNNKICA@?$FLI?$FNI?$AA@ 00000001800083dc     check_code.obj
 0002:000003e4       ??_C@_01OGPIMHDM@?$DP?$AA@ 00000001800083e4     check_code.obj
 0002:000003e8       ??_C@_01CKDDGHAB@D?$AA@    00000001800083e8     check_code.obj
 0002:000003ec       ??_C@_01BIAFAFID@F?$AA@    00000001800083ec     check_code.obj
 0002:000003f0       ??_C@_01OCOKONAJ@L?$AA@    00000001800083f0     check_code.obj
 0002:000003f4       ??_C@_01JPJNBJEM@I?$AA@    00000001800083f4     check_code.obj
 0002:000003f8       ??_C@_01FHEEJDEE@A?$AA@    00000001800083f8     check_code.obj
 0002:000003fa       ??_C@_00CNPNBAHC@?$AA@     00000001800083fa     check_code.obj
 0002:00000400       opcode_in_out              0000000180008400     check_code.obj
 0002:00001260       ??_C@_1BO@IOAJLCDA@?$AAb?$AAu?$AAc?$AAk?$AAe?$AAt?$AA?5?$AA?$CB?$AA?$DN?$AA?5?$AAN?$AAU?$AAL?$AAL?$AA?$AA@ 0000000180009260     check_code.obj
 0002:00001280       ??_C@_1HG@JELJGJF@?$AAd?$AA?3?$AA?1?$AAx?$AAy?$AAs?$AAz?$AAi?$AAv?$AA?1?$AAo?$AAp?$AAe?$AAn?$AAj?$AAd?$AAk?$AA?1?$AAj?$AAd?$AAk?$AA?1?$AAs?$AAr?$AAc?$AA?1?$AAs?$AAh?$AAa?$AAr?$AAe?$AA?1@ 0000000180009280     check_code.obj
 0002:000012f8       ??_C@_0N@BACMJECO@?$CIclass?3?5?$CFs?$CJ?5?$AA@ 00000001800092f8     check_code.obj
 0002:00001308       ??_C@_0BI@GMLFNJMC@?$CIclass?3?5?$CFs?0?5field?3?5?$CFs?$CJ?5?$AA@ 0000000180009308     check_code.obj
 0002:00001320       ??_C@_0CH@LMGKOHDK@?$CIclass?3?5?$CFs?0?5method?3?5?$CFs?5signature@ 0000000180009320     check_code.obj
 0002:00001348       ??_C@_07HPEBKNKO@?$DM?$CFx?5?$CFx?$DO?$AA@ 0000000180009348     check_code.obj
 0002:00001350       ??_C@_01LBDDMOBJ@?$FN?$AA@ 0000000180009350     check_code.obj
 0002:00001354       ??_C@_01MNNFJEPP@?$DM?$AA@ 0000000180009354     check_code.obj
 0002:00001358       ??_C@_01PPODPGHN@?$DO?$AA@ 0000000180009358     check_code.obj
 0002:0000135c       ??_C@_01EOFPKCAF@?$EA?$AA@ 000000018000935c     check_code.obj
 0002:00001360       ??_C@_08IOJJJLII@?$DO?1this?1?$DM?$AA@ 0000000180009360     check_code.obj
 0002:0000136c       ??_C@_01MCMALHOG@a?$AA@    000000018000936c     check_code.obj
 0002:00001370       ??_C@_01HMGJMAIH@B?$AA@    0000000180009370     check_code.obj
 0002:00001374       ??_C@_01CPLAODJH@S?$AA@    0000000180009374     check_code.obj
 0002:00001378       ??_C@_01GFHCPBMG@C?$AA@    0000000180009378     check_code.obj
 0002:0000137c       ??_C@_04KJALABFP@?1?$CFs?1?$AA@ 000000018000937c     check_code.obj
 0002:00001384       ??_C@_06HNCHCPMF@?1Null?1?$AA@ 0000000180009384     check_code.obj
 0002:0000138c       ??_C@_01LPLHEDKD@d?$AA@    000000018000938c     check_code.obj
 0002:00001390       ??_C@_01HHGOMJKL@l?$AA@    0000000180009390     check_code.obj
 0002:00001394       ??_C@_01OHGJGJJP@?$FL?$AA@ 0000000180009394     check_code.obj
 0002:00001398       ??_C@_09ONOHDKIB@?5?5?$DM?$CFs?4?$CFs?$DO?$AA@ 0000000180009398     check_code.obj
 0002:000013a8       ??_C@_0DE@HIGOLADN@Exceeded?5verifier?8s?5limit?5of?5655@ 00000001800093a8     check_code.obj
 0002:000013e0       ??_C@_0BF@LJMGCLHE@Cannot?5find?5class?5?$CFs?$AA@ 00000001800093e0     check_code.obj
 0002:000013f8       ??_C@_1DK@GAOGFHMA@?$AAb?$AAu?$AAc?$AAk?$AAe?$AAt?$AA?9?$AA?$DO?$AAl?$AAo?$AAa?$AAd?$AAa?$AAb?$AAl?$AAe?$AA?5?$AA?$DN?$AA?$DN?$AA?5?$AAJ?$AAN?$AAI?$AA_?$AAT?$AAR?$AAU?$AAE?$AA?$AA@ 00000001800093f8     check_code.obj
 0002:00001438       ??_C@_0BK@GOGHCOEH@Inconsistent?5access?5bits?4?$AA@ 0000000180009438     check_code.obj
 0002:00001458       ??_C@_0BM@DCCFFOPK@Illegal?5constant?5pool?5index?$AA@ 0000000180009458     check_code.obj
 0002:00001478       ??_C@_0BO@MHHNPBFP@Illegal?5type?5in?5constant?5pool?$AA@ 0000000180009478     check_code.obj
 0002:00001498       ??_C@_0CA@KEEKJMEB@Register?5?$CFd?5contains?5wrong?5type?$AA@ 0000000180009498     check_code.obj
 0002:000014b8       ??_C@_0CM@NPHEFIF@Cannot?5load?5return?5address?5from?5@ 00000001800094b8     check_code.obj
 0002:000014e8       ??_C@_0CP@OPMCNODN@Accessing?5value?5from?5uninitializ@ 00000001800094e8     check_code.obj
 0002:00001518       ??_C@_0CI@FFLCDFOB@Register?5pair?5?$CFd?1?$CFd?5contains?5wro@ 0000000180009518     check_code.obj
 0002:00001540       ??_C@_0DH@NBMNCDGB@Accessing?5value?5from?5uninitializ@ 0000000180009540     check_code.obj
 0002:00001578       ??_C@_0BH@CJGPGAJD@Cannot?5return?5normally?$AA@ 0000000180009578     check_code.obj
 0002:00001590       ??_C@_0CI@EGAONJHK@Constructor?5must?5call?5super?$CI?$CJ?5or@ 0000000180009590     check_code.obj
 0002:000015b8       ??_C@_0BP@ODCOLLJF@Array?5with?5too?5many?5dimensions?$AA@ 00000001800095b8     check_code.obj
 0002:000015d8       ??_C@_01PKGAHCOL@?$CJ?$AA@ 00000001800095d8     check_code.obj
 0002:000015dc       ??_C@_01ODHLEDKK@?$CI?$AA@ 00000001800095dc     check_code.obj
 0002:000015e0       ??_C@_01FJMABOPO@x?$AA@    00000001800095e0     check_code.obj
 0002:000015e4       ??_C@_01IHBHIGKO@?0?$AA@   00000001800095e4     check_code.obj
 0002:000015e8       ??_C@_04HGGBINEM@?$CFs?$CFd?$AA@ 00000001800095e8     check_code.obj
 0002:000015f0       ??_C@_05DMJIBNEO@?$DM?$CFd?3?5?$AA@ 00000001800095f0     check_code.obj
 0002:000015f8       ??_C@_01CELHOKLL@?$HN?$AA@ 00000001800095f8     check_code.obj
 0002:000015fc       ??_C@_01HCONENDN@?$HL?$AA@ 00000001800095fc     check_code.obj
 0002:00001600       ??_C@_0BC@KPLHNAK@Internal?5error?5?$CD5?$AA@ 0000000180009600     check_code.obj
 0002:00001618       ??_C@_0BM@KHIDEPCC@Recursive?5call?5to?5jsr?5entry?$AA@ 0000000180009618     check_code.obj
 0002:00001638       ??_C@_0BC@BDOAEMEL@Internal?5error?5?$CD4?$AA@ 0000000180009638     check_code.obj
 0002:00001650       ??_C@_1BO@OIOLJCNH@?$AAf?$AAu?$AAl?$AAl?$AA_?$AAi?$AAn?$AAf?$AAo?$AA?5?$AA?$CB?$AA?$DN?$AA?5?$AA0?$AA?$AA@ 0000000180009650     check_code.obj
 0002:00001670       ??_C@_0BF@NOENOBKG@Illegal?5signature?5?$CFs?$AA@ 0000000180009670     check_code.obj
 0002:00001688       ??_C@_0BA@JJLOPNCP@java?1lang?1Class?$AA@ 0000000180009688     check_code.obj
 0002:00001698       ??_C@_0BM@IOMIIBEP@java?1lang?1invoke?1MethodType?$AA@ 0000000180009698     check_code.obj
 0002:000016b8       ??_C@_0BO@JMIOPLNI@java?1lang?1invoke?1MethodHandle?$AA@ 00000001800096b8     check_code.obj
 0002:000016d8       ??_C@_0BC@FMKBNKIM@Internal?5error?5?$CD3?$AA@ 00000001800096d8     check_code.obj
 0002:000016f0       ??_C@_0CM@FONLGMBM@Illegal?5creation?5of?5multi?9dimens@ 00000001800096f0     check_code.obj
 0002:00001720       ??_C@_0BL@JFBHIPFA@Illegal?5dimension?5argument?$AA@ 0000000180009720     check_code.obj
 0002:00001740       ??_C@_0CB@FKJLIIBN@Illegal?5target?5of?5jump?5or?5branch@ 0000000180009740     check_code.obj
 0002:00001768       ??_C@_0BM@KCJFBPMJ@Bad?5type?5passed?5to?5newarray?$AA@ 0000000180009768     check_code.obj
 0002:00001788       ??_C@_0N@LDCMPJDI@Illegal?5type?$AA@ 0000000180009788     check_code.obj
 0002:00001798       ??_C@_0DN@PINNFCBI@Third?5and?5fourth?5operand?5bytes?5o@ 0000000180009798     check_code.obj
 0002:000017d8       ??_C@_0DE@NNPMKFFA@Fourth?5operand?5byte?5of?5invokeint@ 00000001800097d8     check_code.obj
 0002:00001810       ??_C@_0CL@GLBBANOD@Inconsistent?5args_size?5for?5invok@ 0000000180009810     check_code.obj
 0002:00001840       ??_C@_0CI@JLGHJCBK@Illegal?5use?5of?5nonvirtual?5functi@ 0000000180009840     check_code.obj
 0002:00001868       ??_C@_0CA@IPAEHINF@Illegal?5call?5to?5internal?5method?$AA@ 0000000180009868     check_code.obj
 0002:00001888       ??_C@_0CL@PDOJFDFJ@Must?5call?5initializers?5using?5inv@ 0000000180009888     check_code.obj
 0002:000018b4       ??_C@_06FALKBLGB@?$DMinit?$DO?$AA@ 00000001800098b4     check_code.obj
 0002:000018c0       ??_C@_0CB@BKGPDLNL@Illegal?5default?5target?5in?5switch@ 00000001800098c0     check_code.obj
 0002:000018e8       ??_C@_0BO@OAIMDCHG@Illegal?5branch?5in?5tableswitch?$AA@ 00000001800098e8     check_code.obj
 0002:00001908       ??_C@_0BH@FEOHEHFA@Unsorted?5lookup?5switch?$AA@ 0000000180009908     check_code.obj
 0002:00001920       ??_C@_0CB@GILFIHLF@Non?5zero?5padding?5bytes?5in?5switch@ 0000000180009920     check_code.obj
 0002:00001948       ??_C@_0CJ@EJBEHDO@Quick?5instructions?5shouldn?8t?5app@ 0000000180009948     check_code.obj
 0002:00001978       ??_C@_0BO@IPLACFGP@Illegal?5local?5variable?5number?$AA@ 0000000180009978     check_code.obj
 0002:00001998       ??_C@_0BO@EMEKPNCP@Illegal?5exception?5table?5range?$AA@ 0000000180009998     check_code.obj
 0002:000019b8       ??_C@_0CA@FFNGPAIA@Illegal?5exception?5table?5handler?$AA@ 00000001800099b8     check_code.obj
 0002:000019d8       ??_C@_0CH@HJMOBBMF@catch_type?5not?5a?5subclass?5of?5Thr@ 00000001800099d8     check_code.obj
 0002:00001a00       ??_C@_0BF@ONJOHFJF@Stack?5size?5too?5large?$AA@ 0000000180009a00     check_code.obj
 0002:00001a18       ??_C@_0CC@PKKHICFB@Incompatible?5argument?5to?5functio@ 0000000180009a18     check_code.obj
 0002:00001a3c       ??_C@_05KFBJCHHJ@clone?$AA@ 0000000180009a3c     check_code.obj
 0002:00001a48       ??_C@_0CP@DFECJLLH@Incompatible?5object?5argument?5for@ 0000000180009a48     check_code.obj
 0002:00001a78       ??_C@_0CP@IOILPFBI@Incompatible?5object?5argument?5for@ 0000000180009a78     check_code.obj
 0002:00001aa8       ??_C@_0DA@BPKIPKAJ@Uninitialized?5object?5on?5stack?5at@ 0000000180009aa8     check_code.obj
 0002:00001ad8       ??_C@_0CB@HDEBKOAL@Can?5only?5throw?5Throwable?5objects@ 0000000180009ad8     check_code.obj
 0002:00001b00       ??_C@_0CE@MGMINFON@Call?5to?5wrong?5initialization?5met@ 0000000180009b00     check_code.obj
 0002:00001b28       ??_C@_0BP@LEANFGC@Bad?5type?5in?5putfield?1putstatic?$AA@ 0000000180009b28     check_code.obj
 0002:00001b48       ??_C@_0BN@FIPCNIKP@Bad?5access?5to?5protected?5data?$AA@ 0000000180009b48     check_code.obj
 0002:00001b68       ??_C@_0CP@FLNEFDMF@Incompatible?5type?5for?5getting?5or@ 0000000180009b68     check_code.obj
 0002:00001b98       ??_C@_0DO@OPGGFEPL@Component?5type?5of?5the?5array?5must@ 0000000180009b98     check_code.obj
 0002:00001bd8       ??_C@_0DF@NBMNBMN@Expecting?5reference?5type?5on?5oper@ 0000000180009bd8     check_code.obj
 0002:00001c10       ??_C@_0CJ@BONIFDHI@Unable?5to?5pop?5operand?5off?5an?5emp@ 0000000180009c10     check_code.obj
 0002:00001c40       ??_C@_0CB@NNMAOJIL@Expecting?5to?5find?5array?5on?5stack@ 0000000180009c40     check_code.obj
 0002:00001c68       ??_C@_0BC@GOJHLIAO@Internal?5error?5?$CD1?$AA@ 0000000180009c68     check_code.obj
 0002:00001c80       ??_C@_0BC@EFLKOLMN@Internal?5error?5?$CD2?$AA@ 0000000180009c80     check_code.obj
 0002:00001c98       ??_C@_0CN@PCPDMMDA@Attempt?5to?5split?5long?5or?5double?5@ 0000000180009c98     check_code.obj
 0002:00001cc8       ??_C@_0CI@JKLLHFAM@Expecting?5to?5find?5object?1array?5o@ 0000000180009cc8     check_code.obj
 0002:00001cf0       ??_C@_0CA@LKJHBGBC@Expecting?5to?5find?5long?5on?5stack?$AA@ 0000000180009cf0     check_code.obj
 0002:00001d10       ??_C@_0CC@GELLHINM@Expecting?5to?5find?5object?5on?5stac@ 0000000180009d10     check_code.obj
 0002:00001d38       ??_C@_0DG@KCMJDOHN@Expecting?5to?5find?5array?5of?5objec@ 0000000180009d38     check_code.obj
 0002:00001d70       ??_C@_0CK@OMMMHGME@Expecting?5to?5find?5array?5of?5bytes@ 0000000180009d70     check_code.obj
 0002:00001da0       ??_C@_0CK@HPCCGBIM@Expecting?5to?5find?5array?5of?5chars@ 0000000180009da0     check_code.obj
 0002:00001dd0       ??_C@_0CM@MJJIIDDO@Expecting?5to?5find?5array?5of?5doubl@ 0000000180009dd0     check_code.obj
 0002:00001e00       ??_C@_0CL@ICDAPAKP@Expecting?5to?5find?5array?5of?5float@ 0000000180009e00     check_code.obj
 0002:00001e30       ??_C@_0CJ@KKNNGPFD@Expecting?5to?5find?5array?5of?5ints?5@ 0000000180009e30     check_code.obj
 0002:00001e60       ??_C@_0CK@PNKMEHAI@Expecting?5to?5find?5array?5of?5longs@ 0000000180009e60     check_code.obj
 0002:00001e90       ??_C@_0CL@JNPPLMFA@Expecting?5to?5find?5array?5of?5short@ 0000000180009e90     check_code.obj
 0002:00001ec0       ??_C@_0DB@CONIAHKL@Expecting?5to?5find?5object?0?5array?0@ 0000000180009ec0     check_code.obj
 0002:00001ef8       ??_C@_0CD@JACGABBD@Expecting?5to?5find?5integer?5on?5sta@ 0000000180009ef8     check_code.obj
 0002:00001f20       ??_C@_0CO@LOLMNPNF@Expecting?5to?5find?5unitialized?5ob@ 0000000180009f20     check_code.obj
 0002:00001f50       ??_C@_0BO@LIKPGEIF@Wrong?5return?5type?5in?5function?$AA@ 0000000180009f50     check_code.obj
 0002:00001f70       ??_C@_0CC@JCNHCLNF@Expecting?5to?5find?5double?5on?5stac@ 0000000180009f70     check_code.obj
 0002:00001f98       ??_C@_0CB@NDFHAENO@Expecting?5to?5find?5float?5on?5stack@ 0000000180009f98     check_code.obj
 0002:00001fc0       ??_C@_0CE@FBIHMBHO@Signature?5?$CFs?5has?5too?5many?5argume@ 0000000180009fc0     check_code.obj
 0002:00001fe8       ??_C@_0BH@DHJCKLFP@Mismatched?5stack?5types?$AA@ 0000000180009fe8     check_code.obj
 0002:00002000       ??_C@_0CD@MGFACBCC@Inconsistent?5stack?5height?5?$CFd?5?$CB?$DN?5@ 000000018000a000     check_code.obj
 0002:00002024       ??_C@_01EEMJAFIK@?6?$AA@   000000018000a024     check_code.obj
 0002:00002028       ??_C@_04EBCMOLKC@?5?$DN?$DO?5?$AA@ 000000018000a028     check_code.obj
 0002:00002030       ??_C@_07JCMOFDLB@?5?5?5?$CF2d?3?$AA@ 000000018000a030     check_code.obj
 0002:00002038       ??_C@_0BP@OFOGICAN@Illegal?5return?5from?5subroutine?$AA@ 000000018000a038     check_code.obj
 0002:00002058       ??_C@_0BP@FNHCNJPB@Multiple?5returns?5to?5single?5jsr?$AA@ 000000018000a058     check_code.obj
 0002:00002078       ??_C@_0CA@OEMIIPMN@Falling?5off?5the?5end?5of?5the?5code?$AA@ 000000018000a078     check_code.obj
 0002:00002098       ??_C@_02JODFHDIE@?$FN?6?$AA@ 000000018000a098     check_code.obj
 0002:0000209c       ??_C@_03JDANDILB@?$CFd?5?$AA@ 000000018000a09c     check_code.obj
 0002:000020a0       ??_C@_04CEOGCPFG@?$CFd?$CK?5?$AA@ 000000018000a0a0     check_code.obj
 0002:000020a8       ??_C@_02GBLMOEJC@?5?$FL?$AA@ 000000018000a0a8     check_code.obj
 0002:000020ac       ??_C@_02KNHHEEKP@?5?5?$AA@ 000000018000a0ac     check_code.obj
 0002:000020b0       ??_C@_0BB@IDCHMBJO@Instruction?5?$CFd?3?5?$AA@ 000000018000a0b0     check_code.obj
 0002:000020c8       ??_C@_0CH@BFIAKBBO@Illegal?5instruction?5found?5at?5off@ 000000018000a0c8     check_code.obj
 0002:000020f0       ??_C@_0DP@NHEDEPNH@Code?5stops?5in?5the?5middle?5of?5inst@ 000000018000a0f0     check_code.obj
 0002:00002130       ??_C@_0L@FLBIKONJ@Empty?5code?$AA@ 000000018000a130     check_code.obj
 0002:00002140       ??_C@_0BE@ONPIBEAP@Looking?5at?5?$CFs?4?$CFs?$CFs?6?$AA@ 000000018000a140     check_code.obj
 0002:00002158       ??_C@_1DG@MHNOGOJK@?$AAc?$AAo?$AAn?$AAt?$AAe?$AAx?$AAt?$AA?9?$AA?$DO?$AAn?$AA_?$AAg?$AAl?$AAo?$AAb?$AAa?$AAl?$AAr?$AAe?$AAf?$AAs?$AA?5?$AA?$DN?$AA?$DN?$AA?5?$AA0?$AA?$AA@ 000000018000a158     check_code.obj
 0002:00002190       ??_C@_0BF@KBKNMCMB@java?1io?1Serializable?$AA@ 000000018000a190     check_code.obj
 0002:000021a8       ??_C@_0BE@BMOODFFE@java?1lang?1Cloneable?$AA@ 000000018000a1a8     check_code.obj
 0002:000021c0       ??_C@_0BE@ILKHHCBH@java?1lang?1Throwable?$AA@ 000000018000a1c0     check_code.obj
 0002:000021d8       ??_C@_0BB@FLFAIHG@java?1lang?1String?$AA@ 000000018000a1d8     check_code.obj
 0002:000021f0       ??_C@_0BB@DDFKOHA@java?1lang?1Object?$AA@ 000000018000a1f0     check_code.obj
 0002:00002210       ??_C@_0EA@PJELFKCE@Warning?$CB?5An?5old?5version?5of?5jvm?5i@ 000000018000a210     check_code.obj
 0002:00002250       _pRawDllMain               000000018000a250     MSVCRT:crtdll.obj
 0002:00002250       _pDefaultRawDllMain        000000018000a250     MSVCRT:crtdll.obj
 0002:000022e0       __rtc_iaa                  000000018000a2e0     MSVCRT:_initsect_.obj
 0002:000022e8       __rtc_izz                  000000018000a2e8     MSVCRT:_initsect_.obj
 0002:000022f0       __rtc_taa                  000000018000a2f0     MSVCRT:_initsect_.obj
 0002:000022f8       __rtc_tzz                  000000018000a2f8     MSVCRT:_initsect_.obj
 0002:00002648       __IMPORT_DESCRIPTOR_jvm    000000018000a648     jvm:jvm.dll
 0002:0000265c       __IMPORT_DESCRIPTOR_MSVCR100 000000018000a65c     MSVCRT:MSVCR100.dll
 0002:00002670       __IMPORT_DESCRIPTOR_KERNEL32 000000018000a670     kernel32:KERNEL32.dll
 0002:00002684       __NULL_IMPORT_DESCRIPTOR   000000018000a684     jvm:jvm.dll
 0003:000000d0       __security_cookie          000000018000c0d0     MSVCRT:gs_cookie.obj
 0003:000000d8       __security_cookie_complement 000000018000c0d8     MSVCRT:gs_cookie.obj
 0003:000000e0       __native_dllmain_reason    000000018000c0e0     MSVCRT:natstart.obj
 0003:000000e4       __native_vcclrit_reason    000000018000c0e4     MSVCRT:natstart.obj
 0003:000000f8       verify_verbose             000000018000c0f8     check_code.obj
 0003:00000680       ?__type_info_root_node@@3U__type_info_node@@A 000000018000c680     MSVCRT:tncleanup.obj
 0003:00000690       __native_startup_state     000000018000c690     <common>
 0003:00000698       __native_startup_lock      000000018000c698     <common>
 0003:000006a0       __onexitend                000000018000c6a0     <common>
 0003:000006a8       __onexitbegin              000000018000c6a8     <common>
 0003:000006b0       __dyn_tls_init_callback    000000018000c6b0     <common>

 entry point at        0001:00006924

 Static symbols

 0001:00000000       finalize_class_hash        0000000180001000 f   check_code.obj
 0001:000000fc       instruction_length         00000001800010fc f   check_code.obj
 0001:00000240       print_CCerror_info         0000000180001240 f   check_code.obj
 0001:0000037c       CCerror                    000000018000137c f   check_code.obj
 0001:000003d8       CCout_of_memory            00000001800013d8 f   check_code.obj
 0001:00000400       CFerror                    0000000180001400 f   check_code.obj
 0001:0000045c       check_and_push             000000018000145c f   check_code.obj
 0001:000004f8       pop_and_free               00000001800014f8 f   check_code.obj
 0001:0000055c       signature_to_args_size     000000018000155c f   check_code.obj
 0001:00000600       print_flags                0000000180001600 f   check_code.obj
 0001:00000648       print_fullinfo_type        0000000180001648 f   check_code.obj
 0001:000008ec       print_formatted_fieldname  00000001800018ec f   check_code.obj
 0001:000009ec       new_bucket                 00000001800019ec f   check_code.obj
 0001:00000abc       load_class_global          0000000180001abc f   check_code.obj
 0001:00000b54       class_to_ID                0000000180001b54 f   check_code.obj
 0001:00000d3c       make_class_info_from_name  0000000180001d3c f   check_code.obj
 0001:00000edc       read_all_code              0000000180001edc f   check_code.obj
 0001:00000fd4       verify_constant_pool_type  0000000180001fd4 f   check_code.obj
 0001:00001018       CCalloc                    0000000180002018 f   check_code.obj
 0001:0000111c       signature_to_fieldtype     000000018000211c f   check_code.obj
 0001:000012e0       object_fullinfo_to_classclass 00000001800022e0 f   check_code.obj
 0001:00001364       print_stack                0000000180002364 f   check_code.obj
 0001:000013e0       print_registers            00000001800023e0 f   check_code.obj
 0001:0000155c       copy_stack                 000000018000255c f   check_code.obj
 0001:000015cc       copy_masks                 00000001800025cc f   check_code.obj
 0001:00001680       add_to_masks               0000000180002680 f   check_code.obj
 0001:00001764       cp_index_to_class_fullinfo 0000000180002764 f   check_code.obj
 0001:0000181c       merge_fullinfo_types       000000018000281c f   check_code.obj
 0001:00001d88       set_protected              0000000180002d88 f   check_code.obj
 0001:00001ee4       update_registers           0000000180002ee4 f   check_code.obj
 0001:00002360       push_stack                 0000000180003360 f   check_code.obj
 0001:00002830       verify_opcode_operands     0000000180003830 f   check_code.obj
 0001:000033c8       initialize_exception_table 00000001800043c8 f   check_code.obj
 0001:0000361c       pop_stack                  000000018000461c f   check_code.obj
 0001:000042ec       merge_stack                00000001800052ec f   check_code.obj
 0001:00004414       merge_registers            0000000180005414 f   check_code.obj
 0001:00004834       merge_into_one_successor   0000000180005834 f   check_code.obj
 0001:00004d24       merge_into_successors      0000000180005d24 f   check_code.obj
 0001:00005190       run_dataflow               0000000180006190 f   check_code.obj
 0001:00005534       verify_method              0000000180006534 f   check_code.obj
 0001:00006018       next_utf2unicode           0000000180007018 f   check_format.obj
 0001:000060fc       skip_over_fieldname        00000001800070fc f   check_format.obj
 0001:0000652c       pre_c_init                 000000018000752c f   MSVCRT:crtdll.obj
 0001:000067e8       __DllMainCRTStartup        00000001800077e8 f   MSVCRT:crtdll.obj
 0001:00006df0       __DllMainCRTStartup$filt$0 0000000180007df0 f   MSVCRT:crtdll.obj
 0001:00006e20       __DllMainCRTStartup$fin$1  0000000180007e20 f   MSVCRT:crtdll.obj
 0001:00006e3a       _onexit$fin$0              0000000180007e3a f   MSVCRT:atonexit.obj
 0001:00006e60       _IsNonwritableInCurrentImage$filt$0 0000000180007e60 f   MSVCRT:pesect.obj
