 jconsole

 Timestamp is 60b79d30 (Wed Jun 02 16:01:04 2021)

 Preferred load address is 0000000140000000

 Start         Length     Name                   Class
 0001:00000000 00000810H .text                   CODE
 0001:00000810 00000062H .text$x                 CODE
 0002:00000000 00000168H .idata$5                DATA
 0002:00000168 00000008H .CRT$XCA                DATA
 0002:00000170 00000008H .CRT$XCAA               DATA
 0002:00000178 00000008H .CRT$XCZ                DATA
 0002:00000180 00000008H .CRT$XIA                DATA
 0002:00000188 00000008H .CRT$XIAA               DATA
 0002:00000190 00000008H .CRT$XIY                DATA
 0002:00000198 00000008H .CRT$XIZ                DATA
 0002:000001a0 0000016dH .rdata                  DATA
 0002:00000310 0000007bH .rdata$debug            DATA
 0002:00000390 00000008H .rtc$IAA                DATA
 0002:00000398 00000008H .rtc$IZZ                DATA
 0002:000003a0 00000008H .rtc$TAA                DATA
 0002:000003a8 00000008H .rtc$TZZ                DATA
 0002:000003b0 000000a4H .xdata                  DATA
 0002:00000454 0000003cH .idata$2                DATA
 0002:00000490 00000014H .idata$3                DATA
 0002:000004a8 00000168H .idata$4                DATA
 0002:00000610 000002a4H .idata$6                DATA
 0002:000008b4 00000000H .edata                  DATA
 0003:00000000 00000078H .data                   DATA
 0003:00000078 00000068H .bss                    DATA
 0004:00000000 000000c0H .pdata                  DATA
 0005:00000000 00000058H .rsrc$01                DATA
 0005:00000060 00000360H .rsrc$02                DATA

  Address         Publics by Value              Rva+Base               Lib:Object

 0000:00000000       ___safe_se_handler_table   0000000000000000     <absolute>
 0000:00000000       ___safe_se_handler_count   0000000000000000     <absolute>
 0000:00000000       __ImageBase                0000000140000000     <linker-defined>
 0001:00000000       WinMain                    0000000140001000 f   main.obj
 0001:00000156       JLI_Launch                 0000000140001156 f   jli:jli.dll
 0001:0000015c       JLI_GetStdArgs             000000014000115c f   jli:jli.dll
 0001:00000162       JLI_MemAlloc               0000000140001162 f   jli:jli.dll
 0001:00000168       JLI_GetStdArgc             0000000140001168 f   jli:jli.dll
 0001:0000016e       JLI_CmdToArgs              000000014000116e f   jli:jli.dll
 0001:000004ac       WinMainCRTStartup          00000001400014ac f   MSVCRT:crtexew.obj
 0001:000004c0       ?__CxxUnhandledExceptionFilter@@YAJPEAU_EXCEPTION_POINTERS@@@Z 00000001400014c0 f   MSVCRT:unhandld.obj
 0001:00000504       __CxxSetUnhandledExceptionFilter 0000000140001504 f   MSVCRT:unhandld.obj
 0001:0000051c       _amsg_exit                 000000014000151c f   MSVCRT:MSVCR100.dll
 0001:00000524       _onexit                    0000000140001524 f   MSVCRT:atonexit.obj
 0001:000005d4       atexit                     00000001400015d4 f   MSVCRT:atonexit.obj
 0001:000005ec       _RTC_Initialize            00000001400015ec f   MSVCRT:_initsect_.obj
 0001:00000624       _RTC_Terminate             0000000140001624 f   MSVCRT:_initsect_.obj
 0001:0000065c       __C_specific_handler       000000014000165c f   MSVCRT:MSVCR100.dll
 0001:00000662       _XcptFilter                0000000140001662 f   MSVCRT:MSVCR100.dll
 0001:00000670       _ValidateImageBase         0000000140001670 f   MSVCRT:pesect.obj
 0001:000006a0       _FindPESection             00000001400016a0 f   MSVCRT:pesect.obj
 0001:000006f0       _IsNonwritableInCurrentImage 00000001400016f0 f   MSVCRT:pesect.obj
 0001:00000732       _initterm                  0000000140001732 f   MSVCRT:MSVCR100.dll
 0001:00000738       _initterm_e                0000000140001738 f   MSVCRT:MSVCR100.dll
 0001:00000740       _setargv                   0000000140001740 f   MSVCRT:dllargv.obj
 0001:00000740       _matherr                   0000000140001740 f   MSVCRT:merr.obj
 0001:00000744       __security_init_cookie     0000000140001744 f   MSVCRT:gs_support.obj
 0001:000007f8       ?terminate@@YAXXZ          00000001400017f8 f   MSVCRT:MSVCR100.dll
 0001:000007fe       _unlock                    00000001400017fe f   MSVCRT:MSVCR100.dll
 0001:00000804       __dllonexit                0000000140001804 f   MSVCRT:MSVCR100.dll
 0001:0000080a       _lock                      000000014000180a f   MSVCRT:MSVCR100.dll
 0002:00000000       __imp_GetSystemTimeAsFileTime 0000000140002000     kernel32:KERNEL32.dll
 0002:00000008       __imp_GetCurrentProcessId  0000000140002008     kernel32:KERNEL32.dll
 0002:00000010       __imp_GetCurrentThreadId   0000000140002010     kernel32:KERNEL32.dll
 0002:00000018       __imp_GetTickCount         0000000140002018     kernel32:KERNEL32.dll
 0002:00000020       __imp_QueryPerformanceCounter 0000000140002020     kernel32:KERNEL32.dll
 0002:00000028       __imp_SetUnhandledExceptionFilter 0000000140002028     kernel32:KERNEL32.dll
 0002:00000030       __imp_EncodePointer        0000000140002030     kernel32:KERNEL32.dll
 0002:00000038       __imp_GetStartupInfoW      0000000140002038     kernel32:KERNEL32.dll
 0002:00000040       __imp_Sleep                0000000140002040     kernel32:KERNEL32.dll
 0002:00000048       __imp_GetCommandLineA      0000000140002048     kernel32:KERNEL32.dll
 0002:00000050       __imp_DecodePointer        0000000140002050     kernel32:KERNEL32.dll
 0002:00000058       \177KERNEL32_NULL_THUNK_DATA 0000000140002058     kernel32:KERNEL32.dll
 0002:00000060       __imp___getmainargs        0000000140002060     MSVCRT:MSVCR100.dll
 0002:00000068       __imp___C_specific_handler 0000000140002068     MSVCRT:MSVCR100.dll
 0002:00000070       __imp__XcptFilter          0000000140002070     MSVCRT:MSVCR100.dll
 0002:00000078       __imp__exit                0000000140002078     MSVCRT:MSVCR100.dll
 0002:00000080       __imp__ismbblead           0000000140002080     MSVCRT:MSVCR100.dll
 0002:00000088       __imp__cexit               0000000140002088     MSVCRT:MSVCR100.dll
 0002:00000090       __imp_exit                 0000000140002090     MSVCRT:MSVCR100.dll
 0002:00000098       __imp__amsg_exit           0000000140002098     MSVCRT:MSVCR100.dll
 0002:000000a0       __imp__initterm            00000001400020a0     MSVCRT:MSVCR100.dll
 0002:000000a8       __imp__initterm_e          00000001400020a8     MSVCRT:MSVCR100.dll
 0002:000000b0       __imp__configthreadlocale  00000001400020b0     MSVCRT:MSVCR100.dll
 0002:000000b8       __imp___setusermatherr     00000001400020b8     MSVCRT:MSVCR100.dll
 0002:000000c0       __imp__commode             00000001400020c0     MSVCRT:MSVCR100.dll
 0002:000000c8       __imp__fmode               00000001400020c8     MSVCRT:MSVCR100.dll
 0002:000000d0       __imp___set_app_type       00000001400020d0     MSVCRT:MSVCR100.dll
 0002:000000d8       __imp_?terminate@@YAXXZ    00000001400020d8     MSVCRT:MSVCR100.dll
 0002:000000e0       __imp__unlock              00000001400020e0     MSVCRT:MSVCR100.dll
 0002:000000e8       __imp___dllonexit          00000001400020e8     MSVCRT:MSVCR100.dll
 0002:000000f0       __imp__lock                00000001400020f0     MSVCRT:MSVCR100.dll
 0002:000000f8       __imp__onexit              00000001400020f8     MSVCRT:MSVCR100.dll
 0002:00000100       __imp__environ             0000000140002100     MSVCRT:MSVCR100.dll
 0002:00000108       __imp_getenv               0000000140002108     MSVCRT:MSVCR100.dll
 0002:00000110       __imp_printf               0000000140002110     MSVCRT:MSVCR100.dll
 0002:00000118       __imp___argc               0000000140002118     MSVCRT:MSVCR100.dll
 0002:00000120       __imp___argv               0000000140002120     MSVCRT:MSVCR100.dll
 0002:00000128       __imp__acmdln              0000000140002128     MSVCRT:MSVCR100.dll
 0002:00000130       \177MSVCR100_NULL_THUNK_DATA 0000000140002130     MSVCRT:MSVCR100.dll
 0002:00000138       __imp_JLI_CmdToArgs        0000000140002138     jli:jli.dll
 0002:00000140       __imp_JLI_GetStdArgc       0000000140002140     jli:jli.dll
 0002:00000148       __imp_JLI_MemAlloc         0000000140002148     jli:jli.dll
 0002:00000150       __imp_JLI_GetStdArgs       0000000140002150     jli:jli.dll
 0002:00000158       __imp_JLI_Launch           0000000140002158     jli:jli.dll
 0002:00000160       \177jli_NULL_THUNK_DATA    0000000140002160     jli:jli.dll
 0002:00000168       __xc_a                     0000000140002168     MSVCRT:cinitexe.obj
 0002:00000178       __xc_z                     0000000140002178     MSVCRT:cinitexe.obj
 0002:00000180       __xi_a                     0000000140002180     MSVCRT:cinitexe.obj
 0002:00000198       __xi_z                     0000000140002198     MSVCRT:cinitexe.obj
 0002:000001c0       ??_C@_07JMAJNDJI@openjdk?$AA@ 00000001400021c0     main.obj
 0002:000001c8       ??_C@_08BIJCENIG@?1classes?$AA@ 00000001400021c8     main.obj
 0002:000001d8       ??_C@_0P@MAEHPKDA@?1lib?1tools?4jar?$AA@ 00000001400021d8     main.obj
 0002:000001e8       ??_C@_0BC@INIMDFBD@?1lib?1jconsole?4jar?$AA@ 00000001400021e8     main.obj
 0002:00000200       ??_C@_0BM@LEDFCKG@sun?4tools?4jconsole?4JConsole?$AA@ 0000000140002200     main.obj
 0002:00000220       ??_C@_0BO@INIJNMDK@?9J?9Djconsole?4showOutputViewer?$AA@ 0000000140002220     main.obj
 0002:00000240       ??_C@_07EBOEHGIC@?9J?9ms8m?$AA@ 0000000140002240     main.obj
 0002:00000248       ??_C@_04EFFPLJGM@java?$AA@ 0000000140002248     main.obj
 0002:00000250       ??_C@_08NIAMKNB@JAR?5file?$AA@ 0000000140002250     main.obj
 0002:00000260       ??_C@_0L@EOAAECLN@Main?5class?$AA@ 0000000140002260     main.obj
 0002:00000270       ??_C@_07NBCGADJA@Unknown?$AA@ 0000000140002270     main.obj
 0002:00000280       ??_C@_0DM@HENMKFIJ@1?48?40?9internal?9fastdebug?9adminis@ 0000000140002280     main.obj
 0002:000002bc       ??_C@_03LDGAGIDG@1?48?$AA@ 00000001400022bc     main.obj
 0002:000002c0       ??_C@_0BE@OCLPFDNJ@wwwd_args?$FL?$CFd?$FN?5?$DN?5?$CFs?6?$AA@ 00000001400022c0     main.obj
 0002:000002d8       ??_C@_0BN@NGFJBAGH@Windows?5original?5main?5args?3?6?$AA@ 00000001400022d8     main.obj
 0002:000002f8       ??_C@_0BF@FJHGBKOC@_JAVA_LAUNCHER_DEBUG?$AA@ 00000001400022f8     main.obj
 0002:00000390       __rtc_iaa                  0000000140002390     MSVCRT:_initsect_.obj
 0002:00000398       __rtc_izz                  0000000140002398     MSVCRT:_initsect_.obj
 0002:000003a0       __rtc_taa                  00000001400023a0     MSVCRT:_initsect_.obj
 0002:000003a8       __rtc_tzz                  00000001400023a8     MSVCRT:_initsect_.obj
 0002:00000454       __IMPORT_DESCRIPTOR_jli    0000000140002454     jli:jli.dll
 0002:00000468       __IMPORT_DESCRIPTOR_MSVCR100 0000000140002468     MSVCRT:MSVCR100.dll
 0002:0000047c       __IMPORT_DESCRIPTOR_KERNEL32 000000014000247c     kernel32:KERNEL32.dll
 0002:00000490       __NULL_IMPORT_DESCRIPTOR   0000000140002490     jli:jli.dll
 0003:00000058       __native_dllmain_reason    0000000140003058     MSVCRT:natstart.obj
 0003:0000005c       __native_vcclrit_reason    000000014000305c     MSVCRT:natstart.obj
 0003:00000060       __globallocalestatus       0000000140003060     MSVCRT:xthdloc.obj
 0003:00000064       __defaultmatherr           0000000140003064     MSVCRT:merr.obj
 0003:00000068       __security_cookie          0000000140003068     MSVCRT:gs_cookie.obj
 0003:00000070       __security_cookie_complement 0000000140003070     MSVCRT:gs_cookie.obj
 0003:000000a0       _dowildcard                00000001400030a0     MSVCRT:wildcard.obj
 0003:000000a4       _newmode                   00000001400030a4     MSVCRT:_newmode.obj
 0003:000000a8       _commode                   00000001400030a8     MSVCRT:xncommod.obj
 0003:000000ac       _fmode                     00000001400030ac     MSVCRT:xtxtmode.obj
 0003:000000b0       __initenv                  00000001400030b0     <common>
 0003:000000b8       __native_startup_state     00000001400030b8     <common>
 0003:000000c0       __native_startup_lock      00000001400030c0     <common>
 0003:000000c8       __onexitend                00000001400030c8     <common>
 0003:000000d0       __onexitbegin              00000001400030d0     <common>
 0003:000000d8       __dyn_tls_init_callback    00000001400030d8     <common>

 entry point at        0001:000004ac

 Static symbols

 0001:00000174       pre_cpp_init               0000000140001174 f   MSVCRT:crtexew.obj
 0001:000001dc       __tmainCRTStartup          00000001400011dc f   MSVCRT:crtexew.obj
 0001:000003dc       pre_c_init                 00000001400013dc f   MSVCRT:crtexew.obj
 0001:00000810       __tmainCRTStartup$filt$0   0000000140001810 f   MSVCRT:crtexew.obj
 0001:0000082e       _onexit$fin$0              000000014000182e f   MSVCRT:atonexit.obj
 0001:00000850       _IsNonwritableInCurrentImage$filt$0 0000000140001850 f   MSVCRT:pesect.obj
