 splashscreen

 Timestamp is 60b79cdd (Wed Jun 02 15:59:41 2021)

 Preferred load address is 0000000180000000

 Start         Length     Name                   Class
 0001:00000000 00029642H .text                   CODE
 0001:00029650 00000092H .text$x                 CODE
 0002:00000000 000002c8H .idata$5                DATA
 0002:000002c8 00000008H .CRT$XCA                DATA
 0002:000002d0 00000008H .CRT$XCZ                DATA
 0002:000002d8 00000008H .CRT$XIA                DATA
 0002:000002e0 00000008H .CRT$XIAA               DATA
 0002:000002e8 00000008H .CRT$XIZ                DATA
 0002:000002f0 00009118H .rdata                  DATA
 0002:00009408 00000081H .rdata$debug            DATA
 0002:00009490 00000008H .rtc$IAA                DATA
 0002:00009498 00000008H .rtc$IZZ                DATA
 0002:000094a0 00000008H .rtc$TAA                DATA
 0002:000094a8 00000008H .rtc$TZZ                DATA
 0002:000094b0 00001244H .xdata                  DATA
 0002:0000a6f4 00000020H .didat$2                DATA
 0002:0000a714 00000020H .didat$3                DATA
 0002:0000a738 00000100H .didat$4                DATA
 0002:0000a838 000001f4H .didat$6                DATA
 0002:0000aa30 00000100H .didat$7                DATA
 0002:0000ab30 0000003cH .idata$2                DATA
 0002:0000ab6c 00000014H .idata$3                DATA
 0002:0000ab80 000002c8H .idata$4                DATA
 0002:0000ae48 00000548H .idata$6                DATA
 0002:0000b390 0000184dH .edata                  DATA
 0003:00000000 000000c8H .data                   DATA
 0003:000000c8 00000100H .didat$5                DATA
 0003:000001d0 000033f8H .bss                    DATA
 0004:00000000 000014f4H .pdata                  DATA
 0005:00000000 00000058H .rsrc$01                DATA
 0005:00000060 00000370H .rsrc$02                DATA

  Address         Publics by Value              Rva+Base               Lib:Object

 0000:00000000       ___safe_se_handler_table   0000000000000000     <absolute>
 0000:00000000       ___safe_se_handler_count   0000000000000000     <absolute>
 0000:00000000       __ImageBase                0000000180000000     <linker-defined>
 0001:00001278       DGifGetRecordType          0000000180002278 f   dgif_lib.obj
 0001:0000131c       DGifGetExtensionNext       000000018000231c f   dgif_lib.obj
 0001:000013f0       DGifCloseFile              00000001800023f0 f   dgif_lib.obj
 0001:0000151c       DGifGetCodeNext            000000018000251c f   dgif_lib.obj
 0001:000015f8       DGifGetScreenDesc          00000001800025f8 f   dgif_lib.obj
 0001:000017a4       DGifGetImageDesc           00000001800027a4 f   dgif_lib.obj
 0001:00001aa0       DGifGetExtension           0000000180002aa0 f   dgif_lib.obj
 0001:00001c88       DGifOpen                   0000000180002c88 f   dgif_lib.obj
 0001:000020ac       DGifGetLine                00000001800030ac f   dgif_lib.obj
 0001:0000212c       DGifSlurp                  000000018000312c f   dgif_lib.obj
 0001:00002260       MakeMapObject              0000000180003260 f   gifalloc.obj
 0001:0000232c       FreeMapObject              000000018000332c f   gifalloc.obj
 0001:00002354       AddExtensionBlock          0000000180003354 f   gifalloc.obj
 0001:00002414       FreeExtension              0000000180003414 f   gifalloc.obj
 0001:00002480       FreeSavedImages            0000000180003480 f   gifalloc.obj
 0001:00002514       inflate_fast               0000000180003514 f   inffast.obj
 0001:00002a68       inflateResetKeep           0000000180003a68 f   inflate.obj
 0001:00002b0c       inflateReset               0000000180003b0c f   inflate.obj
 0001:00002b30       inflateReset2              0000000180003b30 f   inflate.obj
 0001:00002bc4       inflateInit2_              0000000180003bc4 f   inflate.obj
 0001:00002cb8       inflateInit_               0000000180003cb8 f   inflate.obj
 0001:00002dc4       inflate                    0000000180003dc4 f   inflate.obj
 0001:00004710       inflateEnd                 0000000180005710 f   inflate.obj
 0001:00004780       inflate_table              0000000180005780 f   inftrees.obj
 0001:00004bc4       JNI_OnLoad                 0000000180005bc4 f   java_awt_SplashScreen.obj
 0001:00004bcc       Java_java_awt_SplashScreen__1update 0000000180005bcc f   java_awt_SplashScreen.obj
 0001:00004d20       Java_java_awt_SplashScreen__1isVisible 0000000180005d20 f   java_awt_SplashScreen.obj
 0001:00004d34       Java_java_awt_SplashScreen__1getBounds 0000000180005d34 f   java_awt_SplashScreen.obj
 0001:00004e68       Java_java_awt_SplashScreen__1getInstance 0000000180005e68 f   java_awt_SplashScreen.obj
 0001:00004e70       Java_java_awt_SplashScreen__1close 0000000180005e70 f   java_awt_SplashScreen.obj
 0001:00004e9c       Java_java_awt_SplashScreen__1getImageFileName 0000000180005e9c f   java_awt_SplashScreen.obj
 0001:00004ec4       Java_java_awt_SplashScreen__1getImageJarName 0000000180005ec4 f   java_awt_SplashScreen.obj
 0001:00004eec       Java_java_awt_SplashScreen__1setImageData 0000000180005eec f   java_awt_SplashScreen.obj
 0001:00004f80       Java_java_awt_SplashScreen__1getScaleFactor 0000000180005f80 f   java_awt_SplashScreen.obj
 0001:00004f98       jAbort                     0000000180005f98 f   jcomapi.obj
 0001:00004fd8       jDestroy                   0000000180005fd8 f   jcomapi.obj
 0001:00004ffc       jAlcQTable                 0000000180005ffc f   jcomapi.obj
 0001:0000501c       jAlcHTable                 000000018000601c f   jcomapi.obj
 0001:0000503c       jCreaDecompress            000000018000603c f   jdapimin.obj
 0001:00005148       jDestDecompress            0000000180006148 f   jdapimin.obj
 0001:000052dc       jConsumeInput              00000001800062dc f   jdapimin.obj
 0001:00005398       jFinDecompress             0000000180006398 f   jdapimin.obj
 0001:00005460       jReadHeader                0000000180006460 f   jdapimin.obj
 0001:000055c8       jReadScanlines             00000001800065c8 f   jdapistd.obj
 0001:00005684       jStrtDecompress            0000000180006684 f   jdapistd.obj
 0001:00006688       jIDCoefC                   0000000180007688 f   jdcoefct.obj
 0001:00006d40       jIDColor                   0000000180007d40 f   jdcolor.obj
 0001:000070f0       jIIDCT                     00000001800080f0 f   jddctmgr.obj
 0001:0000718c       jMkDDerived                000000018000818c f   jdhuff.obj
 0001:00007458       jFilBitBuf                 0000000180008458 f   jdhuff.obj
 0001:000075a0       jHufDecode                 00000001800085a0 f   jdhuff.obj
 0001:00007c90       jIHDecoder                 0000000180008c90 f   jdhuff.obj
 0001:000082b4       jIInCtlr                   00000001800092b4 f   jdinput.obj
 0001:000089f0       jIDMainC                   00000001800099f0 f   jdmainct.obj
 0001:0000a5d0       jResyncRestart             000000018000b5d0 f   jdmarker.obj
 0001:0000a718       jIMReader                  000000018000b718 f   jdmarker.obj
 0001:0000a860       jCalcDimensions            000000018000b860 f   jdmaster.obj
 0001:0000aee0       jIDMaster                  000000018000bee0 f   jdmaster.obj
 0001:0000b3fc       jIMUpsampler               000000018000c3fc f   jdmerge.obj
 0001:0000c304       jIPHDecoder                000000018000d304 f   jdphuff.obj
 0001:0000c690       jIDPostC                   000000018000d690 f   jdpostct.obj
 0001:0000ccf8       jIUpsampler                000000018000dcf8 f   jdsample.obj
 0001:0000cff0       jStdError                  000000018000dff0 f   jerror.obj
 0001:0000d05c       jRDfloat                   000000018000e05c f   jidctflt.obj
 0001:0000d50c       jRDifast                   000000018000e50c f   jidctfst.obj
 0001:0000d924       jRDislow                   000000018000e924 f   jidctint.obj
 0001:0000de28       jRD4x4                     000000018000ee28 f   jidctred.obj
 0001:0000e15c       jRD2x2                     000000018000f15c f   jidctred.obj
 0001:0000e364       jRD1x1                     000000018000f364 f   jidctred.obj
 0001:0000f0b4       jIMemMgr                   00000001800100b4 f   jmemmgr.obj
 0001:0000f238       jGetLarge                  0000000180010238 f   jmemnobs.obj
 0001:0000f238       jGetSmall                  0000000180010238 f   jmemnobs.obj
 0001:0000f244       jFreeLarge                 0000000180010244 f   jmemnobs.obj
 0001:0000f244       zcfree                     0000000180010244 f   zutil.obj
 0001:0000f244       jFreeSmall                 0000000180010244 f   jmemnobs.obj
 0001:0000f250       jMemAvail                  0000000180010250 f   jmemnobs.obj
 0001:0000f254       jOpenBackStore             0000000180010254 f   jmemnobs.obj
 0001:0000f264       jMemInit                   0000000180010264 f   jmemnobs.obj
 0001:0000ff98       jI1Quant                   0000000180010f98 f   jquant1.obj
 0001:00011390       jI2Quant                   0000000180012390 f   jquant2.obj
 0001:00011510       jDivRound                  0000000180012510 f   jutils.obj
 0001:0001151c       jRound                     000000018001251c f   jutils.obj
 0001:00011534       jCopySamples               0000000180012534 f   jutils.obj
 0001:00011594       jCopyBlocks                0000000180012594 f   jutils.obj
 0001:000115ac       jZeroFar                   00000001800125ac f   jutils.obj
 0001:000115b8       png_set_sig_bytes          00000001800125b8 f   png.obj
 0001:000115ec       png_sig_cmp                00000001800125ec f   png.obj
 0001:00011660       png_zalloc                 0000000180012660 f   png.obj
 0001:000116c0       png_zfree                  00000001800126c0 f   png.obj
 0001:000116c8       png_reset_crc              00000001800126c8 f   png.obj
 0001:000116ec       png_calculate_crc          00000001800126ec f   png.obj
 0001:00011734       png_info_init_3            0000000180012734 f   png.obj
 0001:0001177c       png_data_freer             000000018001277c f   png.obj
 0001:000117c4       png_free_data              00000001800127c4 f   png.obj
 0001:00011bfc       png_info_destroy           0000000180012bfc f   png.obj
 0001:00011c54       png_get_io_ptr             0000000180012c54 f   png.obj
 0001:00011c54       png_get_progressive_ptr    0000000180012c54 f   pngpread.obj
 0001:00011c64       png_init_io                0000000180012c64 f   png.obj
 0001:00011c74       png_convert_to_rfc1123     0000000180012c74 f   png.obj
 0001:00011eb0       png_get_copyright          0000000180012eb0 f   png.obj
 0001:00011eb8       png_get_libpng_ver         0000000180012eb8 f   png.obj
 0001:00011eb8       png_get_header_ver         0000000180012eb8 f   png.obj
 0001:00011ec0       png_get_header_version     0000000180012ec0 f   png.obj
 0001:00011ec8       png_handle_as_unknown      0000000180012ec8 f   png.obj
 0001:00011f44       png_reset_zstream          0000000180012f44 f   png.obj
 0001:00011f5c       png_access_version_number  0000000180012f5c f   png.obj
 0001:00011f64       png_check_IHDR             0000000180012f64 f   png.obj
 0001:00012198       png_check_fp_number        0000000180013198 f   png.obj
 0001:000122c8       png_check_fp_string        00000001800132c8 f   png.obj
 0001:0001236c       png_ascii_from_fp          000000018001336c f   png.obj
 0001:0001275c       png_ascii_from_fixed       000000018001375c f   png.obj
 0001:00012880       png_fixed                  0000000180013880 f   png.obj
 0001:000128e0       png_muldiv                 00000001800138e0 f   png.obj
 0001:0001295c       png_muldiv_warn            000000018001395c f   png.obj
 0001:00012990       png_reciprocal             0000000180013990 f   png.obj
 0001:000129dc       png_reciprocal2            00000001800139dc f   png.obj
 0001:00012a34       png_64bit_product          0000000180013a34 f   png.obj
 0001:00012aa8       png_gamma_8bit_correct     0000000180013aa8 f   png.obj
 0001:00012b04       png_gamma_16bit_correct    0000000180013b04 f   png.obj
 0001:00012b60       png_gamma_correct          0000000180013b60 f   png.obj
 0001:00012b8c       png_gamma_significant      0000000180013b8c f   png.obj
 0001:00012f10       png_build_gamma_table      0000000180013f10 f   png.obj
 0001:0001313c       png_user_version_check     000000018001413c f   png.obj
 0001:00013248       png_create_info_struct     0000000180014248 f   png.obj
 0001:00013290       png_destroy_info_struct    0000000180014290 f   png.obj
 0001:000132ec       png_check_cHRM_fixed       00000001800142ec f   png.obj
 0001:00013474       png_safecat                0000000180014474 f   pngerror.obj
 0001:000134b0       png_format_number          00000001800144b0 f   pngerror.obj
 0001:000135dc       png_warning_parameter      00000001800145dc f   pngerror.obj
 0001:0001360c       png_warning_parameter_unsigned 000000018001460c f   pngerror.obj
 0001:00013660       png_warning_parameter_signed 0000000180014660 f   pngerror.obj
 0001:000137b0       png_set_longjmp_fn         00000001800147b0 f   pngerror.obj
 0001:000137cc       png_longjmp                00000001800147cc f   pngerror.obj
 0001:000137ec       png_set_error_fn           00000001800147ec f   pngerror.obj
 0001:00013808       png_get_error_ptr          0000000180014808 f   pngerror.obj
 0001:00013818       png_warning                0000000180014818 f   pngerror.obj
 0001:000138a4       png_formatted_warning      00000001800148a4 f   pngerror.obj
 0001:0001395c       png_chunk_warning          000000018001495c f   pngerror.obj
 0001:000139b4       png_error                  00000001800149b4 f   pngerror.obj
 0001:00013a40       png_benign_error           0000000180014a40 f   pngerror.obj
 0001:00013a60       png_chunk_error            0000000180014a60 f   pngerror.obj
 0001:00013a94       png_chunk_benign_error     0000000180014a94 f   pngerror.obj
 0001:00013ab4       png_fixed_error            0000000180014ab4 f   pngerror.obj
 0001:00013b24       png_get_valid              0000000180014b24 f   pngget.obj
 0001:00013b38       png_get_rowbytes           0000000180014b38 f   pngget.obj
 0001:00013b4c       png_get_rows               0000000180014b4c f   pngget.obj
 0001:00013b64       png_get_image_width        0000000180014b64 f   pngget.obj
 0001:00013b74       png_get_image_height       0000000180014b74 f   pngget.obj
 0001:00013b88       png_get_bit_depth          0000000180014b88 f   pngget.obj
 0001:00013b9c       png_get_color_type         0000000180014b9c f   pngget.obj
 0001:00013bb0       png_get_filter_type        0000000180014bb0 f   pngget.obj
 0001:00013bc4       png_get_interlace_type     0000000180014bc4 f   pngget.obj
 0001:00013bd8       png_get_compression_type   0000000180014bd8 f   pngget.obj
 0001:00013bec       png_get_x_pixels_per_meter 0000000180014bec f   pngget.obj
 0001:00013c10       png_get_y_pixels_per_meter 0000000180014c10 f   pngget.obj
 0001:00013c34       png_get_pixels_per_meter   0000000180014c34 f   pngget.obj
 0001:00013c60       png_get_pixel_aspect_ratio 0000000180014c60 f   pngget.obj
 0001:00013c9c       png_get_pixel_aspect_ratio_fixed 0000000180014c9c f   pngget.obj
 0001:00013cf8       png_get_x_offset_microns   0000000180014cf8 f   pngget.obj
 0001:00013d1c       png_get_y_offset_microns   0000000180014d1c f   pngget.obj
 0001:00013d44       png_get_x_offset_pixels    0000000180014d44 f   pngget.obj
 0001:00013d68       png_get_y_offset_pixels    0000000180014d68 f   pngget.obj
 0001:00013dc8       png_get_pixels_per_inch    0000000180014dc8 f   pngget.obj
 0001:00013ddc       png_get_x_pixels_per_inch  0000000180014ddc f   pngget.obj
 0001:00013e04       png_get_y_pixels_per_inch  0000000180014e04 f   pngget.obj
 0001:00013e2c       png_get_x_offset_inches_fixed 0000000180014e2c f   pngget.obj
 0001:00013e60       png_get_y_offset_inches_fixed 0000000180014e60 f   pngget.obj
 0001:00013e98       png_get_x_offset_inches    0000000180014e98 f   pngget.obj
 0001:00013ed0       png_get_y_offset_inches    0000000180014ed0 f   pngget.obj
 0001:00013f0c       png_get_pHYs_dpi           0000000180014f0c f   pngget.obj
 0001:00013fc4       png_get_channels           0000000180014fc4 f   pngget.obj
 0001:00013fd8       png_get_signature          0000000180014fd8 f   pngget.obj
 0001:00013fec       png_get_bKGD               0000000180014fec f   pngget.obj
 0001:00014010       png_get_cHRM               0000000180015010 f   pngget.obj
 0001:00014128       png_get_cHRM_fixed         0000000180015128 f   pngget.obj
 0001:000141d8       png_get_gAMA_fixed         00000001800151d8 f   pngget.obj
 0001:000141fc       png_get_gAMA               00000001800151fc f   pngget.obj
 0001:0001422c       png_get_sRGB               000000018001522c f   pngget.obj
 0001:00014250       png_get_iCCP               0000000180015250 f   pngget.obj
 0001:000142b0       png_get_sPLT               00000001800152b0 f   pngget.obj
 0001:000142d4       png_get_hIST               00000001800152d4 f   pngget.obj
 0001:000142fc       png_get_IHDR               00000001800152fc f   pngget.obj
 0001:000143e4       png_get_oFFs               00000001800153e4 f   pngget.obj
 0001:0001442c       png_get_pCAL               000000018001542c f   pngget.obj
 0001:000144f4       png_get_sCAL_fixed         00000001800154f4 f   pngget.obj
 0001:0001458c       png_get_sCAL               000000018001558c f   pngget.obj
 0001:000145f4       png_get_sCAL_s             00000001800155f4 f   pngget.obj
 0001:00014630       png_get_pHYs               0000000180015630 f   pngget.obj
 0001:00014684       png_get_PLTE               0000000180015684 f   pngget.obj
 0001:000146b0       png_get_sBIT               00000001800156b0 f   pngget.obj
 0001:000146d4       png_get_text               00000001800156d4 f   pngget.obj
 0001:0001470c       png_get_tIME               000000018001570c f   pngget.obj
 0001:00014730       png_get_tRNS               0000000180015730 f   pngget.obj
 0001:000147a0       png_get_unknown_chunks     00000001800157a0 f   pngget.obj
 0001:000147c4       png_get_rgb_to_gray_status 00000001800157c4 f   pngget.obj
 0001:000147d4       png_get_user_chunk_ptr     00000001800157d4 f   pngget.obj
 0001:000147e4       png_get_compression_buffer_size 00000001800157e4 f   pngget.obj
 0001:000147f4       png_get_user_width_max     00000001800157f4 f   pngget.obj
 0001:00014804       png_get_user_height_max    0000000180015804 f   pngget.obj
 0001:00014814       png_get_chunk_cache_max    0000000180015814 f   pngget.obj
 0001:00014824       png_get_chunk_malloc_max   0000000180015824 f   pngget.obj
 0001:00014834       png_get_io_state           0000000180015834 f   pngget.obj
 0001:0001483c       png_get_io_chunk_type      000000018001583c f   pngget.obj
 0001:00014868       png_get_io_chunk_name      0000000180015868 f   pngget.obj
 0001:00014870       png_create_struct_2        0000000180015870 f   pngmem.obj
 0001:00014908       png_destroy_struct_2       0000000180015908 f   pngmem.obj
 0001:00014960       png_malloc_default         0000000180015960 f   pngmem.obj
 0001:00014978       png_free_default           0000000180015978 f   pngmem.obj
 0001:00014994       png_set_mem_fn             0000000180015994 f   pngmem.obj
 0001:000149b0       png_get_mem_ptr            00000001800159b0 f   pngmem.obj
 0001:000149c0       png_create_struct          00000001800159c0 f   pngmem.obj
 0001:000149cc       png_destroy_struct         00000001800159cc f   pngmem.obj
 0001:000149d8       png_malloc                 00000001800159d8 f   pngmem.obj
 0001:00014a30       png_free                   0000000180015a30 f   pngmem.obj
 0001:00014a60       png_malloc_warn            0000000180015a60 f   pngmem.obj
 0001:00014aa0       png_calloc                 0000000180015aa0 f   pngmem.obj
 0001:00014ad8       png_process_data_skip      0000000180015ad8 f   pngpread.obj
 0001:00014b40       png_push_fill_buffer       0000000180015b40 f   pngpread.obj
 0001:00014bfc       png_push_save_buffer       0000000180015bfc f   pngpread.obj
 0001:00014d3c       png_read_push_finish_row   0000000180015d3c f   pngpread.obj
 0001:00014efc       png_push_handle_tEXt       0000000180015efc f   pngpread.obj
 0001:00014f70       png_push_handle_zTXt       0000000180015f70 f   pngpread.obj
 0001:00014fe4       png_push_handle_iTXt       0000000180015fe4 f   pngpread.obj
 0001:00015058       png_push_handle_unknown    0000000180016058 f   pngpread.obj
 0001:000151d4       png_progressive_combine_row 00000001800161d4 f   pngpread.obj
 0001:00015244       png_set_progressive_read_fn 0000000180016244 f   pngpread.obj
 0001:00015278       png_process_data_pause     0000000180016278 f   pngpread.obj
 0001:000152b4       png_push_read_sig          00000001800162b4 f   pngpread.obj
 0001:00015374       png_push_read_chunk        0000000180016374 f   pngpread.obj
 0001:00015c68       png_push_crc_finish        0000000180016c68 f   pngpread.obj
 0001:00015d54       png_push_process_row       0000000180016d54 f   pngpread.obj
 0001:000162d0       png_push_read_tEXt         00000001800172d0 f   pngpread.obj
 0001:0001640c       png_push_read_zTXt         000000018001740c f   pngpread.obj
 0001:00016738       png_push_read_iTXt         0000000180017738 f   pngpread.obj
 0001:000168c4       png_process_IDAT_data      00000001800178c4 f   pngpread.obj
 0001:00016a58       png_push_read_IDAT         0000000180017a58 f   pngpread.obj
 0001:00016c5c       png_process_some_data      0000000180017c5c f   pngpread.obj
 0001:00016ce0       png_process_data           0000000180017ce0 f   pngpread.obj
 0001:00016d40       png_create_read_struct_2   0000000180017d40 f   pngread.obj
 0001:00016f78       png_read_info              0000000180017f78 f   pngread.obj
 0001:0001756c       png_read_update_info       000000018001856c f   pngread.obj
 0001:000175b4       png_start_read_image       00000001800185b4 f   pngread.obj
 0001:000175e0       png_read_row               00000001800185e0 f   pngread.obj
 0001:00017a98       png_read_rows              0000000180018a98 f   pngread.obj
 0001:00017b48       png_read_image             0000000180018b48 f   pngread.obj
 0001:00017c0c       png_read_end               0000000180018c0c f   pngread.obj
 0001:00018170       png_read_destroy           0000000180019170 f   pngread.obj
 0001:0001846c       png_set_read_status_fn     000000018001946c f   pngread.obj
 0001:0001847c       png_read_png               000000018001947c f   pngread.obj
 0001:000186a4       png_create_read_struct     00000001800196a4 f   pngread.obj
 0001:000186c4       png_destroy_read_struct    00000001800196c4 f   pngread.obj
 0001:000187b8       png_read_data              00000001800197b8 f   pngrio.obj
 0001:000187dc       png_default_read_data      00000001800197dc f   pngrio.obj
 0001:0001882c       png_set_read_fn            000000018001982c f   pngrio.obj
 0001:00018874       png_set_crc_action         0000000180019874 f   pngrtran.obj
 0001:0001892c       png_set_background_fixed   000000018001992c f   pngrtran.obj
 0001:000189c8       png_set_background         00000001800199c8 f   pngrtran.obj
 0001:00018a24       png_set_scale_16           0000000180019a24 f   pngrtran.obj
 0001:00018a34       png_set_strip_16           0000000180019a34 f   pngrtran.obj
 0001:00018a44       png_set_strip_alpha        0000000180019a44 f   pngrtran.obj
 0001:00018ac4       png_set_alpha_mode_fixed   0000000180019ac4 f   pngrtran.obj
 0001:00018c3c       png_set_alpha_mode         0000000180019c3c f   pngrtran.obj
 0001:00018c6c       png_set_quantize           0000000180019c6c f   pngrtran.obj
 0001:00019560       png_set_gamma_fixed        000000018001a560 f   pngrtran.obj
 0001:000195d4       png_set_gamma              000000018001a5d4 f   pngrtran.obj
 0001:00019620       png_set_palette_to_rgb     000000018001a620 f   pngrtran.obj
 0001:00019620       png_set_expand             000000018001a620 f   pngrtran.obj
 0001:00019638       png_set_expand_gray_1_2_4_to_8 000000018001a638 f   pngrtran.obj
 0001:00019650       png_set_tRNS_to_alpha      000000018001a650 f   pngrtran.obj
 0001:00019664       png_set_expand_16          000000018001a664 f   pngrtran.obj
 0001:00019684       png_set_gray_to_rgb        000000018001a684 f   pngrtran.obj
 0001:0001969c       png_set_rgb_to_gray_fixed  000000018001a69c f   pngrtran.obj
 0001:000197b8       png_set_rgb_to_gray        000000018001a7b8 f   pngrtran.obj
 0001:00019824       png_set_read_user_transform_fn 000000018001a824 f   pngrtran.obj
 0001:00019a8c       png_init_read_transformations 000000018001aa8c f   pngrtran.obj
 0001:0001a458       png_read_transform_info    000000018001b458 f   pngrtran.obj
 0001:0001a684       png_do_unpack              000000018001b684 f   pngrtran.obj
 0001:0001a7bc       png_do_unshift             000000018001b7bc f   pngrtran.obj
 0001:0001a980       png_do_scale_16_to_8       000000018001b980 f   pngrtran.obj
 0001:0001a9dc       png_do_chop                000000018001b9dc f   pngrtran.obj
 0001:0001aa20       png_do_read_swap_alpha     000000018001ba20 f   pngrtran.obj
 0001:0001ab94       png_do_read_invert_alpha   000000018001bb94 f   pngrtran.obj
 0001:0001ac64       png_do_read_filler         000000018001bc64 f   pngrtran.obj
 0001:0001af34       png_do_gray_to_rgb         000000018001bf34 f   pngrtran.obj
 0001:0001b0b0       png_do_rgb_to_gray         000000018001c0b0 f   pngrtran.obj
 0001:0001b750       png_build_grayscale_palette 000000018001c750 f   pngrtran.obj
 0001:0001b7c8       png_do_compose             000000018001c7c8 f   pngrtran.obj
 0001:0001c808       png_do_gamma               000000018001d808 f   pngrtran.obj
 0001:0001cc18       png_do_encode_alpha        000000018001dc18 f   pngrtran.obj
 0001:0001cd04       png_do_expand_palette      000000018001dd04 f   pngrtran.obj
 0001:0001cf50       png_do_expand              000000018001df50 f   pngrtran.obj
 0001:0001d384       png_do_expand_16           000000018001e384 f   pngrtran.obj
 0001:0001d3cc       png_do_quantize            000000018001e3cc f   pngrtran.obj
 0001:0001d518       png_do_read_intrapixel     000000018001e518 f   pngrtran.obj
 0001:0001d5f0       png_do_read_transformations 000000018001e5f0 f   pngrtran.obj
 0001:0001db08       png_get_uint_31            000000018001eb08 f   pngrutil.obj
 0001:0001dba4       png_get_int_32             000000018001eba4 f   pngrutil.obj
 0001:0001dba4       png_get_uint_32            000000018001eba4 f   pngrutil.obj
 0001:0001dbc4       png_get_uint_16            000000018001ebc4 f   pngrutil.obj
 0001:0001dbd8       png_read_sig               000000018001ebd8 f   pngrutil.obj
 0001:0001dc98       png_crc_read               000000018001ec98 f   pngrutil.obj
 0001:0001dcd8       png_crc_error              000000018001ecd8 f   pngrutil.obj
 0001:0001ded8       png_decompress_chunk       000000018001eed8 f   pngrutil.obj
 0001:0001e0b4       png_check_chunk_name       000000018001f0b4 f   pngrutil.obj
 0001:0001e134       png_combine_row            000000018001f134 f   pngrutil.obj
 0001:0001e464       png_do_read_interlace      000000018001f464 f   pngrutil.obj
 0001:0001e860       png_read_filter_row        000000018001f860 f   pngrutil.obj
 0001:0001ea2c       png_read_start_row         000000018001fa2c f   pngrutil.obj
 0001:0001edac       png_read_chunk_header      000000018001fdac f   pngrutil.obj
 0001:0001ee64       png_crc_finish             000000018001fe64 f   pngrutil.obj
 0001:0001ef20       png_handle_IHDR            000000018001ff20 f   pngrutil.obj
 0001:0001f0a0       png_handle_PLTE            00000001800200a0 f   pngrutil.obj
 0001:0001f250       png_handle_IEND            0000000180020250 f   pngrutil.obj
 0001:0001f2ac       png_handle_gAMA            00000001800202ac f   pngrutil.obj
 0001:0001f400       png_handle_sBIT            0000000180020400 f   pngrutil.obj
 0001:0001f530       png_handle_cHRM            0000000180020530 f   pngrutil.obj
 0001:0001f8c4       png_handle_sRGB            00000001800208c4 f   pngrutil.obj
 0001:0001fad4       png_handle_iCCP            0000000180020ad4 f   pngrutil.obj
 0001:0001fd48       png_handle_sPLT            0000000180020d48 f   pngrutil.obj
 0001:0002002c       png_handle_tRNS            000000018002102c f   pngrutil.obj
 0001:00020250       png_handle_bKGD            0000000180021250 f   pngrutil.obj
 0001:00020418       png_handle_hIST            0000000180021418 f   pngrutil.obj
 0001:00020540       png_handle_pHYs            0000000180021540 f   pngrutil.obj
 0001:00020654       png_handle_oFFs            0000000180021654 f   pngrutil.obj
 0001:00020768       png_handle_pCAL            0000000180021768 f   pngrutil.obj
 0001:00020a5c       png_handle_sCAL            0000000180021a5c f   pngrutil.obj
 0001:00020c3c       png_handle_tIME            0000000180021c3c f   pngrutil.obj
 0001:00020d38       png_handle_tEXt            0000000180021d38 f   pngrutil.obj
 0001:00020efc       png_handle_zTXt            0000000180021efc f   pngrutil.obj
 0001:00021110       png_handle_iTXt            0000000180022110 f   pngrutil.obj
 0001:000213b0       png_handle_unknown         00000001800223b0 f   pngrutil.obj
 0001:0002159c       png_read_finish_row        000000018002259c f   pngrutil.obj
 0001:00021888       png_set_bKGD               0000000180022888 f   pngset.obj
 0001:000218bc       png_set_cHRM_fixed         00000001800228bc f   pngset.obj
 0001:000219a0       png_set_cHRM               00000001800229a0 f   pngset.obj
 0001:00021af8       png_set_gAMA_fixed         0000000180022af8 f   pngset.obj
 0001:00021b30       png_set_gAMA               0000000180022b30 f   pngset.obj
 0001:00021b68       png_set_hIST               0000000180022b68 f   pngset.obj
 0001:00021c40       png_set_IHDR               0000000180022c40 f   pngset.obj
 0001:00021d40       png_set_oFFs               0000000180022d40 f   pngset.obj
 0001:00021d68       png_set_pCAL               0000000180022d68 f   pngset.obj
 0001:00021f90       png_set_sCAL_s             0000000180022f90 f   pngset.obj
 0001:0002212c       png_set_sCAL               000000018002312c f   pngset.obj
 0001:000221e8       png_set_sCAL_fixed         00000001800231e8 f   pngset.obj
 0001:0002228c       png_set_pHYs               000000018002328c f   pngset.obj
 0001:000222b4       png_set_PLTE               00000001800232b4 f   pngset.obj
 0001:00022398       png_set_sBIT               0000000180023398 f   pngset.obj
 0001:000223cc       png_set_sRGB               00000001800233cc f   pngset.obj
 0001:000223e0       png_set_sRGB_gAMA_and_cHRM 00000001800233e0 f   pngset.obj
 0001:00022460       png_set_iCCP               0000000180023460 f   pngset.obj
 0001:00022588       png_set_text_2             0000000180023588 f   pngset.obj
 0001:00022844       png_set_tIME               0000000180023844 f   pngset.obj
 0001:00022884       png_set_tRNS               0000000180023884 f   pngset.obj
 0001:0002299c       png_set_sPLT               000000018002399c f   pngset.obj
 0001:00022b44       png_set_unknown_chunks     0000000180023b44 f   pngset.obj
 0001:00022cbc       png_set_unknown_chunk_location 0000000180023cbc f   pngset.obj
 0001:00022ce8       png_permit_mng_features    0000000180023ce8 f   pngset.obj
 0001:00022d00       png_set_keep_unknown_chunks 0000000180023d00 f   pngset.obj
 0001:00022e2c       png_set_read_user_chunk_fn 0000000180023e2c f   pngset.obj
 0001:00022e40       png_set_rows               0000000180023e40 f   pngset.obj
 0001:00022e94       png_set_compression_buffer_size 0000000180023e94 f   pngset.obj
 0001:00022f20       png_set_invalid            0000000180023f20 f   pngset.obj
 0001:00022f34       png_set_user_limits        0000000180023f34 f   pngset.obj
 0001:00022f48       png_set_chunk_cache_max    0000000180023f48 f   pngset.obj
 0001:00022f54       png_set_chunk_malloc_max   0000000180023f54 f   pngset.obj
 0001:00022f64       png_set_benign_errors      0000000180023f64 f   pngset.obj
 0001:00022f7c       png_set_text               0000000180023f7c f   pngset.obj
 0001:00022fa4       png_set_bgr                0000000180023fa4 f   pngtrans.obj
 0001:00022fb4       png_set_swap               0000000180023fb4 f   pngtrans.obj
 0001:00022fcc       png_set_packing            0000000180023fcc f   pngtrans.obj
 0001:00022fec       png_set_packswap           0000000180023fec f   pngtrans.obj
 0001:00023004       png_set_shift              0000000180024004 f   pngtrans.obj
 0001:00023024       png_set_interlace_handling 0000000180024024 f   pngtrans.obj
 0001:00023048       png_set_filler             0000000180024048 f   pngtrans.obj
 0001:0002309c       png_set_add_alpha          000000018002409c f   pngtrans.obj
 0001:000230b8       png_set_swap_alpha         00000001800240b8 f   pngtrans.obj
 0001:000230c8       png_set_invert_alpha       00000001800240c8 f   pngtrans.obj
 0001:000230d8       png_set_invert_mono        00000001800240d8 f   pngtrans.obj
 0001:000230e8       png_do_invert              00000001800240e8 f   pngtrans.obj
 0001:00023170       png_do_swap                0000000180024170 f   pngtrans.obj
 0001:0002319c       png_do_packswap            000000018002419c f   pngtrans.obj
 0001:000231f0       png_do_strip_channel       00000001800241f0 f   pngtrans.obj
 0001:00023354       png_do_bgr                 0000000180024354 f   pngtrans.obj
 0001:00023424       png_set_user_transform_info 0000000180024424 f   pngtrans.obj
 0001:00023440       png_get_user_transform_ptr 0000000180024440 f   pngtrans.obj
 0001:00023450       png_get_current_row_number 0000000180024450 f   pngtrans.obj
 0001:00023460       png_get_current_pass_number 0000000180024460 f   pngtrans.obj
 0001:00023470       blendRGB                   0000000180024470 f i splashscreen_gfx_impl.obj
 0001:0002351c       putRGBADither              000000018002451c f i splashscreen_gfx_impl.obj
 0001:0002373c       getRGBA                    000000018002473c f i splashscreen_gfx_impl.obj
 0001:00023908       initDither                 0000000180024908 f   splashscreen_gfx_impl.obj
 0001:000239a4       quantizeColors             00000001800249a4 f   splashscreen_gfx_impl.obj
 0001:00023ac4       initColorCube              0000000180024ac4 f   splashscreen_gfx_impl.obj
 0001:00023bf0       convertLine                0000000180024bf0 f   splashscreen_gfx_impl.obj
 0001:00023da8       initRect                   0000000180024da8 f   splashscreen_gfx_impl.obj
 0001:00023e14       convertRect2               0000000180024e14 f   splashscreen_gfx_impl.obj
 0001:00023f50       fillRect                   0000000180024f50 f   splashscreen_gfx_impl.obj
 0001:0002402c       initFormat                 000000018002502c f   splashscreen_gfx_impl.obj
 0001:000240bc       convertRect                00000001800250bc f   splashscreen_gfx_impl.obj
 0001:000240c4       SplashStreamGifInputFunc   00000001800250c4 f   splashscreen_gif.obj
 0001:000240d0       SplashDecodeGif            00000001800250d0 f   splashscreen_gif.obj
 0001:00024834       SplashDecodeGifStream      0000000180025834 f   splashscreen_gif.obj
 0001:0002486c       SplashGetInstance          000000018002586c f   splashscreen_impl.obj
 0001:000248ac       SplashSetFileJarName       00000001800258ac f   splashscreen_impl.obj
 0001:00024920       SplashInit                 0000000180025920 f   splashscreen_impl.obj
 0001:00024984       SplashClose                0000000180025984 f   splashscreen_impl.obj
 0001:000249c0       SplashCleanup              00000001800259c0 f   splashscreen_impl.obj
 0001:00024a6c       SplashSetScaleFactor       0000000180025a6c f   splashscreen_impl.obj
 0001:00024a90       SplashDone                 0000000180025a90 f   splashscreen_impl.obj
 0001:00024aac       SplashIsStillLooping       0000000180025aac f   splashscreen_impl.obj
 0001:00024ad8       SplashUpdateScreenData     0000000180025ad8 f   splashscreen_impl.obj
 0001:00024c28       SplashNextFrame            0000000180025c28 f   splashscreen_impl.obj
 0001:00024cc0       BitmapToYXBandedRectangles 0000000180025cc0 f   splashscreen_impl.obj
 0001:00024e1c       SplashStart                0000000180025e1c f   splashscreen_impl.obj
 0001:00024f20       SplashStreamInitFile       0000000180025f20 f   splashscreen_impl.obj
 0001:00025058       SplashLoadFile             0000000180026058 f   splashscreen_impl.obj
 0001:0002508c       SplashLoadMemory           000000018002608c f   splashscreen_impl.obj
 0001:000251c0       jMemTerm                   00000001800261c0 f   jmemnobs.obj
 0001:000251c4       SplashDecodeJpeg           00000001800261c4 f   splashscreen_jpeg.obj
 0001:000254a4       SplashDecodeJpegStream     00000001800264a4 f   splashscreen_jpeg.obj
 0001:000255f8       my_png_read_stream         00000001800265f8 f   splashscreen_png.obj
 0001:00025648       SplashDecodePng            0000000180026648 f   splashscreen_png.obj
 0001:00025a8c       SplashDecodePngStream      0000000180026a8c f   splashscreen_png.obj
 0001:00025b08       SplashConvertStringAlloc   0000000180026b08 f   splashscreen_sys.obj
 0001:00025be4       SplashTime                 0000000180026be4 f   splashscreen_sys.obj
 0001:00025bec       SplashInitFrameShape       0000000180026bec f   splashscreen_sys.obj
 0001:00025d94       SplashPaint                0000000180026d94 f   splashscreen_sys.obj
 0001:00026070       SplashRedrawWindow         0000000180027070 f   splashscreen_sys.obj
 0001:00026378       SplashReconfigureNow       0000000180027378 f   splashscreen_sys.obj
 0001:00026408       SplashLock                 0000000180027408 f   splashscreen_sys.obj
 0001:00026418       SplashUnlock               0000000180027418 f   splashscreen_sys.obj
 0001:00026428       SplashInitPlatform         0000000180027428 f   splashscreen_sys.obj
 0001:00026610       SplashCleanupPlatform      0000000180027610 f   splashscreen_sys.obj
 0001:000266a8       SplashDonePlatform         00000001800276a8 f   splashscreen_sys.obj
 0001:000266c4       SplashMessagePump          00000001800276c4 f   splashscreen_sys.obj
 0001:000266fc       SplashClosePlatform        00000001800276fc f   splashscreen_sys.obj
 0001:00026714       SplashUpdate               0000000180027714 f   splashscreen_sys.obj
 0001:00026730       SplashReconfigure          0000000180027730 f   splashscreen_sys.obj
 0001:0002674c       SplashGetScaledImageName   000000018002774c f   splashscreen_sys.obj
 0001:00026904       SplashCreateWindow         0000000180027904 f   splashscreen_sys.obj
 0001:00026a60       SplashScreenThread         0000000180027a60 f   splashscreen_sys.obj
 0001:00026af4       SplashCreateThread         0000000180027af4 f   splashscreen_sys.obj
 0001:000274d4       _tr_tally                  00000001800284d4 f   trees.obj
 0001:00027d8c       _tr_stored_block           0000000180028d8c f   trees.obj
 0001:00027e58       _tr_flush_bits             0000000180028e58 f   trees.obj
 0001:00027e60       _tr_flush_block            0000000180028e60 f   trees.obj
 0001:00028164       adler32                    0000000180029164 f   zadler32.obj
 0001:00028744       crc32                      0000000180029744 f   zcrc32.obj
 0001:00028754       z_error                    0000000180029754 f   zutil.obj
 0001:00028784       zcalloc                    0000000180029784 f   zutil.obj
 0001:00028791       __imp_load_SetTimer        0000000180029791     user32:USER32.dll
 0001:0002879d       __tailMerge_USER32_dll     000000018002979d     user32:USER32.dll
 0001:00028816       __imp_load_SetCursor       0000000180029816     user32:USER32.dll
 0001:00028822       __imp_load_LoadCursorA     0000000180029822     user32:USER32.dll
 0001:0002882e       __imp_load_SetCursorPos    000000018002982e     user32:USER32.dll
 0001:0002883a       __imp_load_WindowFromPoint 000000018002983a     user32:USER32.dll
 0001:00028846       __imp_load_GetCursorPos    0000000180029846     user32:USER32.dll
 0001:00028852       __imp_load_ShowWindow      0000000180029852     user32:USER32.dll
 0001:0002885e       __imp_load_IsWindowVisible 000000018002985e     user32:USER32.dll
 0001:0002886a       __imp_load_UpdateWindow    000000018002986a     user32:USER32.dll
 0001:00028876       __imp_load_SetWindowRgn    0000000180029876     user32:USER32.dll
 0001:00028882       __imp_load_InvalidateRect  0000000180029882     user32:USER32.dll
 0001:0002888e       __imp_load_ReleaseDC       000000018002988e     user32:USER32.dll
 0001:0002889a       __imp_load_UpdateLayeredWindow 000000018002989a     user32:USER32.dll
 0001:000288a6       __imp_load_GetWindowRect   00000001800298a6     user32:USER32.dll
 0001:000288b2       __imp_load_GetDC           00000001800298b2     user32:USER32.dll
 0001:000288be       __imp_load_KillTimer       00000001800298be     user32:USER32.dll
 0001:000288ca       __imp_load_MoveWindow      00000001800298ca     user32:USER32.dll
 0001:000288d6       __imp_load_GetSystemMetrics 00000001800298d6     user32:USER32.dll
 0001:000288e2       __imp_load_DestroyWindow   00000001800298e2     user32:USER32.dll
 0001:000288ee       __imp_load_GetMessageA     00000001800298ee     user32:USER32.dll
 0001:000288fa       __imp_load_DispatchMessageA 00000001800298fa     user32:USER32.dll
 0001:00028906       __imp_load_TranslateMessage 0000000180029906     user32:USER32.dll
 0001:00028912       __imp_load_PostMessageA    0000000180029912     user32:USER32.dll
 0001:0002891e       __imp_load_PostQuitMessage 000000018002991e     user32:USER32.dll
 0001:0002892a       __imp_load_EndPaint        000000018002992a     user32:USER32.dll
 0001:00028936       __imp_load_BeginPaint      0000000180029936     user32:USER32.dll
 0001:00028942       __imp_load_GetWindowLongPtrA 0000000180029942     user32:USER32.dll
 0001:0002894e       __imp_load_DefWindowProcA  000000018002994e     user32:USER32.dll
 0001:0002895a       __imp_load_SetWindowLongPtrA 000000018002995a     user32:USER32.dll
 0001:00028966       __imp_load_CreateWindowExA 0000000180029966     user32:USER32.dll
 0001:00028972       __imp_load_RegisterClassExA 0000000180029972     user32:USER32.dll
 0001:00028980       __delayLoadHelper2         0000000180029980 f   delayimp:delayhlp.obj
 0001:00028c42       memcpy                     0000000180029c42 f   MSVCRT:MSVCR100.dll
 0001:00028c48       memset                     0000000180029c48 f   MSVCRT:MSVCR100.dll
 0001:00028c4e       memcmp                     0000000180029c4e f   MSVCRT:MSVCR100.dll
 0001:00028c54       __GSHandlerCheckCommon     0000000180029c54 f   MSVCRT:gshandler.obj
 0001:00028cb8       __GSHandlerCheck           0000000180029cb8 f   MSVCRT:gshandler.obj
 0001:00028cf0       __security_check_cookie    0000000180029cf0 f   MSVCRT:amdsecgs.obj
 0001:00028d10       strlen                     0000000180029d10 f   MSVCRT:MSVCR100.dll
 0001:00028d16       pow                        0000000180029d16 f   MSVCRT:MSVCR100.dll
 0001:00028d1c       _setjmp                    0000000180029d1c f   MSVCRT:MSVCR100.dll
 0001:00028d22       abs                        0000000180029d22 f   MSVCRT:MSVCR100.dll
 0001:00028d40       __chkstk                   0000000180029d40 f   MSVCRT:chkstk.obj
 0001:00028d40       _alloca_probe              0000000180029d40     MSVCRT:chkstk.obj
 0001:00028df0       _CRT_INIT                  0000000180029df0 f   MSVCRT:crtdll.obj
 0001:00029188       _DllMainCRTStartup         000000018002a188 f   MSVCRT:crtdll.obj
 0001:000291c8       __report_gsfailure         000000018002a1c8 f   MSVCRT:gs_report.obj
 0001:00029314       __clean_type_info_names    000000018002a314 f   MSVCRT:tncleanup.obj
 0001:00029320       _onexit                    000000018002a320 f   MSVCRT:atonexit.obj
 0001:000293d0       atexit                     000000018002a3d0 f   MSVCRT:atonexit.obj
 0001:000293e8       _RTC_Initialize            000000018002a3e8 f   MSVCRT:_initsect_.obj
 0001:00029420       _RTC_Terminate             000000018002a420 f   MSVCRT:_initsect_.obj
 0001:00029460       _ValidateImageBase         000000018002a460 f   MSVCRT:pesect.obj
 0001:00029490       _FindPESection             000000018002a490 f   MSVCRT:pesect.obj
 0001:000294e0       _IsNonwritableInCurrentImage 000000018002a4e0 f   MSVCRT:pesect.obj
 0001:00029522       _initterm                  000000018002a522 f   MSVCRT:MSVCR100.dll
 0001:00029528       _initterm_e                000000018002a528 f   MSVCRT:MSVCR100.dll
 0001:0002952e       _amsg_exit                 000000018002a52e f   MSVCRT:MSVCR100.dll
 0001:00029534       __C_specific_handler       000000018002a534 f   MSVCRT:MSVCR100.dll
 0001:0002953a       __CppXcptFilter            000000018002a53a f   MSVCRT:MSVCR100.dll
 0001:00029540       DllMain                    000000018002a540 f   MSVCRT:dllmain.obj
 0001:00029564       __security_init_cookie     000000018002a564 f   MSVCRT:gs_support.obj
 0001:00029618       __crt_debugger_hook        000000018002a618 f   MSVCRT:MSVCR100.dll
 0001:0002961e       __clean_type_info_names_internal 000000018002a61e f   MSVCRT:MSVCR100.dll
 0001:00029624       _unlock                    000000018002a624 f   MSVCRT:MSVCR100.dll
 0001:0002962a       __dllonexit                000000018002a62a f   MSVCRT:MSVCR100.dll
 0001:00029630       _lock                      000000018002a630 f   MSVCRT:MSVCR100.dll
 0001:00029636       RtlVirtualUnwind           000000018002a636 f   kernel32:KERNEL32.dll
 0001:0002963c       RtlLookupFunctionEntry     000000018002a63c f   kernel32:KERNEL32.dll
 0002:00000000       __imp_RealizePalette       000000018002b000     gdi32:GDI32.dll
 0002:00000008       __imp_GetDeviceCaps        000000018002b008     gdi32:GDI32.dll
 0002:00000010       __imp_CreateCompatibleDC   000000018002b010     gdi32:GDI32.dll
 0002:00000018       __imp_CreateDIBSection     000000018002b018     gdi32:GDI32.dll
 0002:00000020       __imp_SelectObject         000000018002b020     gdi32:GDI32.dll
 0002:00000028       __imp_DeleteObject         000000018002b028     gdi32:GDI32.dll
 0002:00000030       __imp_DeleteDC             000000018002b030     gdi32:GDI32.dll
 0002:00000038       __imp_CreateRectRgn        000000018002b038     gdi32:GDI32.dll
 0002:00000040       __imp_CombineRgn           000000018002b040     gdi32:GDI32.dll
 0002:00000048       __imp_CreatePalette        000000018002b048     gdi32:GDI32.dll
 0002:00000050       __imp_ExtCreateRegion      000000018002b050     gdi32:GDI32.dll
 0002:00000058       __imp_StretchDIBits        000000018002b058     gdi32:GDI32.dll
 0002:00000060       __imp_SelectPalette        000000018002b060     gdi32:GDI32.dll
 0002:00000068       \177GDI32_NULL_THUNK_DATA  000000018002b068     gdi32:GDI32.dll
 0002:00000070       __imp_CreateThread         000000018002b070     kernel32:KERNEL32.dll
 0002:00000078       __imp_GetModuleHandleA     000000018002b078     kernel32:KERNEL32.dll
 0002:00000080       __imp_InitializeCriticalSection 000000018002b080     kernel32:KERNEL32.dll
 0002:00000088       __imp_LeaveCriticalSection 000000018002b088     kernel32:KERNEL32.dll
 0002:00000090       __imp_EnterCriticalSection 000000018002b090     kernel32:KERNEL32.dll
 0002:00000098       __imp_GetTickCount         000000018002b098     kernel32:KERNEL32.dll
 0002:000000a0       __imp_MultiByteToWideChar  000000018002b0a0     kernel32:KERNEL32.dll
 0002:000000a8       __imp_lstrlenA             000000018002b0a8     kernel32:KERNEL32.dll
 0002:000000b0       __imp_ExitProcess          000000018002b0b0     kernel32:KERNEL32.dll
 0002:000000b8       __imp_GetCurrentProcessId  000000018002b0b8     kernel32:KERNEL32.dll
 0002:000000c0       __imp_GetCurrentThreadId   000000018002b0c0     kernel32:KERNEL32.dll
 0002:000000c8       __imp_QueryPerformanceCounter 000000018002b0c8     kernel32:KERNEL32.dll
 0002:000000d0       __imp_DisableThreadLibraryCalls 000000018002b0d0     kernel32:KERNEL32.dll
 0002:000000d8       __imp_RtlCaptureContext    000000018002b0d8     kernel32:KERNEL32.dll
 0002:000000e0       __imp_RtlLookupFunctionEntry 000000018002b0e0     kernel32:KERNEL32.dll
 0002:000000e8       __imp_RtlVirtualUnwind     000000018002b0e8     kernel32:KERNEL32.dll
 0002:000000f0       __imp_IsDebuggerPresent    000000018002b0f0     kernel32:KERNEL32.dll
 0002:000000f8       __imp_SetUnhandledExceptionFilter 000000018002b0f8     kernel32:KERNEL32.dll
 0002:00000100       __imp_UnhandledExceptionFilter 000000018002b100     kernel32:KERNEL32.dll
 0002:00000108       __imp_GetCurrentProcess    000000018002b108     kernel32:KERNEL32.dll
 0002:00000110       __imp_TerminateProcess     000000018002b110     kernel32:KERNEL32.dll
 0002:00000118       __imp_Sleep                000000018002b118     kernel32:KERNEL32.dll
 0002:00000120       __imp_DecodePointer        000000018002b120     kernel32:KERNEL32.dll
 0002:00000128       __imp_EncodePointer        000000018002b128     kernel32:KERNEL32.dll
 0002:00000130       __imp_RaiseException       000000018002b130     kernel32:KERNEL32.dll
 0002:00000138       __imp_LoadLibraryA         000000018002b138     kernel32:KERNEL32.dll
 0002:00000140       __imp_GetLastError         000000018002b140     kernel32:KERNEL32.dll
 0002:00000148       __imp_FreeLibrary          000000018002b148     kernel32:KERNEL32.dll
 0002:00000150       __imp_GetProcAddress       000000018002b150     kernel32:KERNEL32.dll
 0002:00000158       __imp_LocalAlloc           000000018002b158     kernel32:KERNEL32.dll
 0002:00000160       __imp_GetSystemTimeAsFileTime 000000018002b160     kernel32:KERNEL32.dll
 0002:00000168       \177KERNEL32_NULL_THUNK_DATA 000000018002b168     kernel32:KERNEL32.dll
 0002:00000170       __imp_floor                000000018002b170     MSVCRT:MSVCR100.dll
 0002:00000178       __imp_modf                 000000018002b178     MSVCRT:MSVCR100.dll
 0002:00000180       __imp_getenv               000000018002b180     MSVCRT:MSVCR100.dll
 0002:00000188       __imp_pow                  000000018002b188     MSVCRT:MSVCR100.dll
 0002:00000190       __imp_atof                 000000018002b190     MSVCRT:MSVCR100.dll
 0002:00000198       __imp_longjmp              000000018002b198     MSVCRT:MSVCR100.dll
 0002:000001a0       __imp__setjmp              000000018002b1a0     MSVCRT:MSVCR100.dll
 0002:000001a8       __imp_abs                  000000018002b1a8     MSVCRT:MSVCR100.dll
 0002:000001b0       __imp_ungetc               000000018002b1b0     MSVCRT:MSVCR100.dll
 0002:000001b8       __imp_fgetc                000000018002b1b8     MSVCRT:MSVCR100.dll
 0002:000001c0       __imp_fopen                000000018002b1c0     MSVCRT:MSVCR100.dll
 0002:000001c8       __imp_isgraph              000000018002b1c8     MSVCRT:MSVCR100.dll
 0002:000001d0       __imp_exit                 000000018002b1d0     MSVCRT:MSVCR100.dll
 0002:000001d8       __imp__malloc_crt          000000018002b1d8     MSVCRT:MSVCR100.dll
 0002:000001e0       __imp__initterm            000000018002b1e0     MSVCRT:MSVCR100.dll
 0002:000001e8       __imp__initterm_e          000000018002b1e8     MSVCRT:MSVCR100.dll
 0002:000001f0       __imp__encoded_null        000000018002b1f0     MSVCRT:MSVCR100.dll
 0002:000001f8       __imp__amsg_exit           000000018002b1f8     MSVCRT:MSVCR100.dll
 0002:00000200       __imp___C_specific_handler 000000018002b200     MSVCRT:MSVCR100.dll
 0002:00000208       __imp___CppXcptFilter      000000018002b208     MSVCRT:MSVCR100.dll
 0002:00000210       __imp___crt_debugger_hook  000000018002b210     MSVCRT:MSVCR100.dll
 0002:00000218       __imp___clean_type_info_names_internal 000000018002b218     MSVCRT:MSVCR100.dll
 0002:00000220       __imp__unlock              000000018002b220     MSVCRT:MSVCR100.dll
 0002:00000228       __imp___dllonexit          000000018002b228     MSVCRT:MSVCR100.dll
 0002:00000230       __imp__lock                000000018002b230     MSVCRT:MSVCR100.dll
 0002:00000238       __imp__onexit              000000018002b238     MSVCRT:MSVCR100.dll
 0002:00000240       __imp_sscanf               000000018002b240     MSVCRT:MSVCR100.dll
 0002:00000248       __imp_strlen               000000018002b248     MSVCRT:MSVCR100.dll
 0002:00000250       __imp_calloc               000000018002b250     MSVCRT:MSVCR100.dll
 0002:00000258       __imp_strncmp              000000018002b258     MSVCRT:MSVCR100.dll
 0002:00000260       __imp_realloc              000000018002b260     MSVCRT:MSVCR100.dll
 0002:00000268       __imp_malloc               000000018002b268     MSVCRT:MSVCR100.dll
 0002:00000270       __imp_free                 000000018002b270     MSVCRT:MSVCR100.dll
 0002:00000278       __imp_fclose               000000018002b278     MSVCRT:MSVCR100.dll
 0002:00000280       __imp_fread                000000018002b280     MSVCRT:MSVCR100.dll
 0002:00000288       __imp_memcmp               000000018002b288     MSVCRT:MSVCR100.dll
 0002:00000290       __imp___iob_func           000000018002b290     MSVCRT:MSVCR100.dll
 0002:00000298       __imp_fprintf              000000018002b298     MSVCRT:MSVCR100.dll
 0002:000002a0       __imp_putc                 000000018002b2a0     MSVCRT:MSVCR100.dll
 0002:000002a8       __imp_memset               000000018002b2a8     MSVCRT:MSVCR100.dll
 0002:000002b0       __imp_memcpy               000000018002b2b0     MSVCRT:MSVCR100.dll
 0002:000002b8       __imp_frexp                000000018002b2b8     MSVCRT:MSVCR100.dll
 0002:000002c0       \177MSVCR100_NULL_THUNK_DATA 000000018002b2c0     MSVCRT:MSVCR100.dll
 0002:000002c8       __xc_a                     000000018002b2c8     MSVCRT:cinitexe.obj
 0002:000002d0       __xc_z                     000000018002b2d0     MSVCRT:cinitexe.obj
 0002:000002d8       __xi_a                     000000018002b2d8     MSVCRT:cinitexe.obj
 0002:000002e8       __xi_z                     000000018002b2e8     MSVCRT:cinitexe.obj
 0002:0000030c       ??_C@_05IAIEPMAK@1?42?48?$AA@ 000000018002b30c     compress.obj
 0002:00000320       deflate_copyright          000000018002b320     deflate.obj
 0002:00000410       ??_C@_09CCLLMDGP@wild?5scan?$AA@ 000000018002b410     deflate.obj
 0002:00000420       ??_C@_09CMMMJAKE@match?$FL2?$FN?$DP?$AA@ 000000018002b420     deflate.obj
 0002:00000430       ??_C@_09FDCFPLJ@no?5future?$AA@ 000000018002b430     deflate.obj
 0002:00000440       ??_C@_0P@NHOGBJFC@need?5lookahead?$AA@ 000000018002b440     deflate.obj
 0002:00000450       ??_C@_0BA@BJIBMGP@Code?5too?5clever?$AA@ 000000018002b450     deflate.obj
 0002:00000460       ??_C@_08FICKDADI@?2?$FL?$CFd?0?$CFd?$FN?$AA@ 000000018002b460     deflate.obj
 0002:00000470       ??_C@_0O@BBCAOIOL@invalid?5match?$AA@ 000000018002b470     deflate.obj
 0002:00000480       ??_C@_04GJDJEMBE@?$CFc?$CFc?$AA@ 000000018002b480     deflate.obj
 0002:00000488       ??_C@_0CA@BDOMDBAB@?5start?5?$CFu?0?5match?5?$CFu?0?5length?5?$CFd?6?$AA@ 000000018002b488     deflate.obj
 0002:000004a8       ??_C@_0BL@EJADJAAF@not?5enough?5room?5for?5search?$AA@ 000000018002b4a8     deflate.obj
 0002:000004c8       ??_C@_08DANOBKNC@more?5?$DM?52?$AA@ 000000018002b4c8     deflate.obj
 0002:000004d8       ??_C@_0BJ@IEKGFKDO@already?5enough?5lookahead?$AA@ 000000018002b4d8     deflate.obj
 0002:000004f8       ??_C@_07JFAHFKME@?$FLFLUSH?$FN?$AA@ 000000018002b4f8     deflate.obj
 0002:00000500       ??_C@_0L@BGCMEENA@block?5gone?$AA@ 000000018002b500     deflate.obj
 0002:00000510       ??_C@_0P@BPDFKABC@slide?5too?5late?$AA@ 000000018002b510     deflate.obj
 0002:00000520       ??_C@_02HAOIJKIC@?$CFc?$AA@ 000000018002b520     deflate.obj
 0002:00000528       ??_C@_09GIAFOJPO@no?5flush?$DP?$AA@ 000000018002b528     deflate.obj
 0002:00000534       ??_C@_06MGBLNLI@GIFVER?$AA@ 000000018002b534     dgif_lib.obj
 0002:0000053c       ??_C@_02JDPG@rb?$AA@       000000018002b53c     dgif_lib.obj
 0002:00000540       ??_C@_01EEMJAFIK@?6?$AA@   000000018002b540     gifalloc.obj
 0002:00000542       ??_C@_00CNPNBAHC@?$AA@     000000018002b542     gzlib.obj
 0002:00000df8       ??_C@_0BE@MEDJIBLJ@inflate?3?5allocated?6?$AA@ 000000018002bdf8     infback.obj
 0002:00000e10       ??_C@_0BN@HIEFEHNA@inflate?3?5?5?5?5?5stored?5block?$CFs?6?$AA@ 000000018002be10     infback.obj
 0002:00000e30       ??_C@_0CC@OMPNBKKJ@inflate?3?5?5?5?5?5fixed?5codes?5block?$CFs@ 000000018002be30     infback.obj
 0002:00000e58       ??_C@_0CE@MLGPDPJL@inflate?3?5?5?5?5?5dynamic?5codes?5block@ 000000018002be58     infback.obj
 0002:00000e80       ??_C@_07CKKJPEPC@?5?$CIlast?$CJ?$AA@ 000000018002be80     infback.obj
 0002:00000e88       ??_C@_0BD@PJCBIDD@invalid?5block?5type?$AA@ 000000018002be88     infback.obj
 0002:00000ea0       ??_C@_0BL@JFENPKIA@inflate?3?5?5?5?5?5?5?5stored?5end?6?$AA@ 000000018002bea0     infback.obj
 0002:00000ec0       ??_C@_0CB@NBIHBHGP@inflate?3?5?5?5?5?5?5?5stored?5length?5?$CFu?6@ 000000018002bec0     infback.obj
 0002:00000ee8       ??_C@_0BN@LGAADGOK@invalid?5stored?5block?5lengths?$AA@ 000000018002bee8     infback.obj
 0002:00000f08       ??_C@_0CE@GMIGFPBB@too?5many?5length?5or?5distance?5symb@ 000000018002bf08     infback.obj
 0002:00000f30       ??_C@_0BO@NHKGAPBM@inflate?3?5?5?5?5?5?5?5?5?5distance?5?$CFu?6?$AA@ 000000018002bf30     infback.obj
 0002:00000f50       ??_C@_0BO@ECPMAOGG@invalid?5distance?5too?5far?5back?$AA@ 000000018002bf50     infback.obj
 0002:00000f70       ??_C@_0BG@LBKINIKP@invalid?5distance?5code?$AA@ 000000018002bf70     infback.obj
 0002:00000f88       ??_C@_0BM@DMHHFBFF@inflate?3?5?5?5?5?5?5?5?5?5length?5?$CFu?6?$AA@ 000000018002bf88     infback.obj
 0002:00000fa8       ??_C@_0BM@FFFLPBBC@invalid?5literal?1length?5code?$AA@ 000000018002bfa8     infback.obj
 0002:00000fc8       ??_C@_0BP@CPLIBFLB@inflate?3?5?5?5?5?5?5?5?5?5end?5of?5block?6?$AA@ 000000018002bfc8     infback.obj
 0002:00000fe8       ??_C@_0CB@HMKHCMMK@inflate?3?5?5?5?5?5?5?5?5?5literal?50x?$CF02x?6@ 000000018002bfe8     infback.obj
 0002:00001010       ??_C@_0BP@ECFBKOHI@inflate?3?5?5?5?5?5?5?5?5?5literal?5?8?$CFc?8?6?$AA@ 000000018002c010     infback.obj
 0002:00001030       ??_C@_0BJ@NOHBBEIH@inflate?3?5?5?5?5?5?5?5codes?5ok?6?$AA@ 000000018002c030     infback.obj
 0002:00001050       ??_C@_0BG@GMDFCBGP@invalid?5distances?5set?$AA@ 000000018002c050     infback.obj
 0002:00001068       ??_C@_0BM@IIMGAINC@invalid?5literal?1lengths?5set?$AA@ 000000018002c068     infback.obj
 0002:00001088       ??_C@_0CF@DGDMADCD@invalid?5code?5?9?9?5missing?5end?9of?9b@ 000000018002c088     infback.obj
 0002:000010b0       ??_C@_0BK@BMMPFBBH@invalid?5bit?5length?5repeat?$AA@ 000000018002c0b0     infback.obj
 0002:000010d0       ??_C@_0CA@POFACBEE@inflate?3?5?5?5?5?5?5?5code?5lengths?5ok?6?$AA@ 000000018002c0d0     infback.obj
 0002:000010f0       ??_C@_0BJ@HDEPPGOH@invalid?5code?5lengths?5set?$AA@ 000000018002c0f0     infback.obj
 0002:00001110       ??_C@_0BP@FPHLNNHK@inflate?3?5?5?5?5?5?5?5table?5sizes?5ok?6?$AA@ 000000018002c110     infback.obj
 0002:00001130       ??_C@_0O@FKLPLCLB@inflate?3?5end?6?$AA@ 000000018002c130     infback.obj
 0002:000019e8       ??_C@_0BA@IJNMBKE@inflate?3?5reset?6?$AA@ 000000018002c9e8     inflate.obj
 0002:000019f8       ??_C@_0CD@NBBEGPPB@inflate?3?5?5?5length?5matches?5traile@ 000000018002c9f8     inflate.obj
 0002:00001a20       ??_C@_0BH@FGKKJGOC@incorrect?5length?5check?$AA@ 000000018002ca20     inflate.obj
 0002:00001a38       ??_C@_0CC@MPICEEGM@inflate?3?5?5?5check?5matches?5trailer@ 000000018002ca38     inflate.obj
 0002:00001a60       ??_C@_0BF@MEIGEHBE@incorrect?5data?5check?$AA@ 000000018002ca60     inflate.obj
 0002:00001a78       ??_C@_0BE@GONKLEPM@header?5crc?5mismatch?$AA@ 000000018002ca78     inflate.obj
 0002:00001a90       ??_C@_0BH@LIBMMIGA@incorrect?5header?5check?$AA@ 000000018002ca90     inflate.obj
 0002:00001aa8       ??_C@_0BE@EMOGCLGO@invalid?5window?5size?$AA@ 000000018002caa8     inflate.obj
 0002:00001ac0       ??_C@_0BL@HBJJBDDK@inflate?3?5?5?5zlib?5header?5ok?6?$AA@ 000000018002cac0     inflate.obj
 0002:00001ae0       ??_C@_0BJ@BLBBCOMO@unknown?5header?5flags?5set?$AA@ 000000018002cae0     inflate.obj
 0002:00001b00       ??_C@_0BL@IHKGDAEE@unknown?5compression?5method?$AA@ 000000018002cb00     inflate.obj
 0002:00001b20       inflate_copyright          000000018002cb20     inftrees.obj
 0002:00001c50       ??_C@_06FALKBLGB@?$DMinit?$DO?$AA@ 000000018002cc50     java_awt_SplashScreen.obj
 0002:00001c58       ??_C@_07CBAIJIEJ@?$CIIIII?$CJV?$AA@ 000000018002cc58     java_awt_SplashScreen.obj
 0002:00001c60       ??_C@_0BD@KACEDCCP@java?1awt?1Rectangle?$AA@ 000000018002cc60     java_awt_SplashScreen.obj
 0002:00001c74       __real@3f800000            000000018002cc74     java_awt_SplashScreen.obj
 0002:00001d40       __real@3ff0000000000000    000000018002cd40     jcdctmgr.obj
 0002:000022f0       ??_C@_0CL@OCGBAKPF@Application?5transferred?5too?5many@ 000000018002d2f0     jerror.obj
 0002:00002320       ??_C@_0CL@BAKCGOKJ@Invalid?5SOS?5parameters?5for?5seque@ 000000018002d320     jerror.obj
 0002:00002350       ??_C@_0DI@NFMBADOH@Corrupt?5JPEG?5data?3?5found?5marker?5@ 000000018002d350     jerror.obj
 0002:00002388       ??_C@_0BL@DPFPFMLM@Premature?5end?5of?5JPEG?5file?$AA@ 000000018002d388     jerror.obj
 0002:000023a8       ??_C@_0CO@ODCCEDLN@Warning?3?5unknown?5JFIF?5revision?5n@ 000000018002d3a8     jerror.obj
 0002:000023d8       ??_C@_0CE@PBLDOPKB@Corrupt?5JPEG?5data?3?5bad?5Huffman?5c@ 000000018002d3d8     jerror.obj
 0002:00002400       ??_C@_0DB@PGMEPGHN@Corrupt?5JPEG?5data?3?5premature?5end@ 000000018002d400     jerror.obj
 0002:00002438       ??_C@_0DM@PCOGCKJB@Corrupt?5JPEG?5data?3?5?$CFu?5extraneous@ 000000018002d438     jerror.obj
 0002:00002480       ??_C@_0EC@CBCJOINE@Inconsistent?5progression?5sequenc@ 000000018002d480     jerror.obj
 0002:000024c8       ??_C@_0CG@KEGHCDOM@Unknown?5Adobe?5color?5transform?5co@ 000000018002d4c8     jerror.obj
 0002:000024f0       ??_C@_0BH@LJLGPEFF@Obtained?5XMS?5handle?5?$CFu?$AA@ 000000018002d4f0     jerror.obj
 0002:00002508       ??_C@_0BE@FOGGKKAO@Freed?5XMS?5handle?5?$CFu?$AA@ 000000018002d508     jerror.obj
 0002:00002520       ??_C@_0DE@EEJCDLOO@Unrecognized?5component?5IDs?5?$CFd?5?$CFd@ 000000018002d520     jerror.obj
 0002:00002558       ??_C@_0DG@FCFDGNHE@JFIF?5extension?5marker?3?5RGB?5thumb@ 000000018002d558     jerror.obj
 0002:00002590       ??_C@_0DK@JGAPDCJL@JFIF?5extension?5marker?3?5palette?5t@ 000000018002d590     jerror.obj
 0002:000025d0       ??_C@_0EC@ELDEPOJP@JFIF?5extension?5marker?3?5JPEG?9comp@ 000000018002d5d0     jerror.obj
 0002:00002618       ??_C@_0BJ@GOCABEP@Opened?5temporary?5file?5?$CFs?$AA@ 000000018002d618     jerror.obj
 0002:00002638       ??_C@_0BJ@KDCGAOJB@Closed?5temporary?5file?5?$CFs?$AA@ 000000018002d638     jerror.obj
 0002:00002658       ??_C@_0BN@GAMIJLDC@?5?5Ss?$DN?$CFd?0?5Se?$DN?$CFd?0?5Ah?$DN?$CFd?0?5Al?$DN?$CFd?$AA@ 000000018002d658     jerror.obj
 0002:00002678       ??_C@_0BO@CDEKFGLC@?5?5?5?5Component?5?$CFd?3?5dc?$DN?$CFd?5ac?$DN?$CFd?$AA@ 000000018002d678     jerror.obj
 0002:00002698       ??_C@_0BN@BLOOHNC@Start?5Of?5Scan?3?5?$CFd?5components?$AA@ 000000018002d698     jerror.obj
 0002:000026b8       ??_C@_0P@JLCHJELA@Start?5of?5Image?$AA@ 000000018002d6b8     jerror.obj
 0002:000026c8       ??_C@_0BP@EDCAMHHE@?5?5?5?5Component?5?$CFd?3?5?$CFdhx?$CFdv?5q?$DN?$CFd?$AA@ 000000018002d6c8     jerror.obj
 0002:000026e8       ??_C@_0DK@DMINKOGN@Start?5Of?5Frame?50x?$CF02x?3?5width?$DN?$CFu?0@ 000000018002d6e8     jerror.obj
 0002:00002728       ??_C@_0DJ@PCBCLFML@Smoothing?5not?5supported?5with?5non@ 000000018002d728     jerror.obj
 0002:00002764       ??_C@_05LLAPAOG@RST?$CFd?$AA@ 000000018002d764     jerror.obj
 0002:00002770       ??_C@_0CF@NIMOLBCP@At?5marker?50x?$CF02x?0?5recovery?5actio@ 000000018002d770     jerror.obj
 0002:00002798       ??_C@_0CE@FDPBEAOO@Selected?5?$CFd?5colors?5for?5quantizat@ 000000018002d798     jerror.obj
 0002:000027c0       ??_C@_0BI@NEIBNACE@Quantizing?5to?5?$CFd?5colors?$AA@ 000000018002d7c0     jerror.obj
 0002:000027d8       ??_C@_0CD@CNNAOOFA@Quantizing?5to?5?$CFd?5?$DN?5?$CFd?$CK?$CFd?$CK?$CFd?5colo@ 000000018002d7d8     jerror.obj
 0002:00002800       ??_C@_0CI@GHPOCOCL@?5?5?5?5?5?5?5?5?$CF4u?5?$CF4u?5?$CF4u?5?$CF4u?5?$CF4u?5?$CF4u?5@ 000000018002d800     jerror.obj
 0002:00002828       ??_C@_0BJ@COPODLDN@Unexpected?5marker?50x?$CF02x?$AA@ 000000018002d828     jerror.obj
 0002:00002848       ??_C@_0CH@EHHJCMGA@Miscellaneous?5marker?50x?$CF02x?0?5len@ 000000018002d848     jerror.obj
 0002:00002870       ??_C@_0CB@BADBMAAB@?5?5?5?5with?5?$CFd?5x?5?$CFd?5thumbnail?5image@ 000000018002d870     jerror.obj
 0002:00002898       ??_C@_0CO@KKPHGHBA@JFIF?5extension?5marker?3?5type?50x?$CF0@ 000000018002d898     jerror.obj
 0002:000028c8       ??_C@_0DM@JLHNPIBE@Warning?3?5thumbnail?5image?5size?5do@ 000000018002d8c8     jerror.obj
 0002:00002908       ??_C@_0DF@LOKNABIG@JFIF?5APP0?5marker?3?5version?5?$CFd?4?$CF02@ 000000018002d908     jerror.obj
 0002:00002940       ??_C@_0CI@FKGPAJC@?5?5?5?5?5?5?5?5?$CF3d?5?$CF3d?5?$CF3d?5?$CF3d?5?$CF3d?5?$CF3d?5@ 000000018002d940     jerror.obj
 0002:00002968       ??_C@_0N@HJHFKELG@End?5Of?5Image?$AA@ 000000018002d968     jerror.obj
 0002:00002978       ??_C@_0BH@GIPOLIGC@Obtained?5EMS?5handle?5?$CFu?$AA@ 000000018002d978     jerror.obj
 0002:00002990       ??_C@_0BE@IPCOOGDJ@Freed?5EMS?5handle?5?$CFu?$AA@ 000000018002d990     jerror.obj
 0002:000029a8       ??_C@_0BL@EMFIKBEK@Define?5Restart?5Interval?5?$CFu?$AA@ 000000018002d9a8     jerror.obj
 0002:000029c8       ??_C@_0CL@KLDOJIKN@Define?5Quantization?5Table?5?$CFd?5?5pr@ 000000018002d9c8     jerror.obj
 0002:000029f8       ??_C@_0BM@MDIEILCE@Define?5Huffman?5Table?50x?$CF02x?$AA@ 000000018002d9f8     jerror.obj
 0002:00002a18       ??_C@_0CH@KIJGKPAA@Define?5Arithmetic?5Table?50x?$CF02x?3?5@ 000000018002da18     jerror.obj
 0002:00002a40       ??_C@_0CM@CAEPHFAA@Unknown?5APP14?5marker?5?$CInot?5Adobe?$CJ@ 000000018002da40     jerror.obj
 0002:00002a70       ??_C@_0CK@HCPFFNKJ@Unknown?5APP0?5marker?5?$CInot?5JFIF?$CJ?0?5@ 000000018002da70     jerror.obj
 0002:00002aa0       ??_C@_0EC@EHPKAOHA@Adobe?5APP14?5marker?3?5version?5?$CFd?0?5@ 000000018002daa0     jerror.obj
 0002:00002ae8       ??_C@_0DO@EGLODMBB@Caution?3?5quantization?5tables?5are@ 000000018002dae8     jerror.obj
 0002:00002b28       ??_C@_0BA@LIJBPGPA@6b?5?527?9Mar?91998?$AA@ 000000018002db28     jerror.obj
 0002:00002b38       ??_C@_0CD@IMBKIDCD@Copyright?5?$CIC?$CJ?51998?0?5Thomas?5G?4?5La@ 000000018002db38     jerror.obj
 0002:00002b60       ??_C@_0BE@FDPDCBIN@Write?5to?5XMS?5failed?$AA@ 000000018002db60     jerror.obj
 0002:00002b78       ??_C@_0BF@EKLGFGNM@Read?5from?5XMS?5failed?$AA@ 000000018002db78     jerror.obj
 0002:00002b90       ??_C@_0CH@LJLHCCHC@Image?5too?5wide?5for?5this?5implemen@ 000000018002db90     jerror.obj
 0002:00002bb8       ??_C@_0CD@GCLFJCHC@Virtual?5array?5controller?5messed?5@ 000000018002dbb8     jerror.obj
 0002:00002be0       ??_C@_0BP@BPKOBOIP@Unsupported?5marker?5type?50x?$CF02x?$AA@ 000000018002dbe0     jerror.obj
 0002:00002c00       ??_C@_0CK@EPADOAKC@Application?5transferred?5too?5few?5@ 000000018002dc00     jerror.obj
 0002:00002c30       ??_C@_0DG@KALDLIJB@Write?5failed?5on?5temporary?5file?5?9@ 000000018002dc30     jerror.obj
 0002:00002c68       ??_C@_0BO@GOBJOAAI@Seek?5failed?5on?5temporary?5file?$AA@ 000000018002dc68     jerror.obj
 0002:00002c88       ??_C@_0BO@EEPJGHHI@Read?5failed?5on?5temporary?5file?$AA@ 000000018002dc88     jerror.obj
 0002:00002ca8       ??_C@_0CD@POKNOPOF@Failed?5to?5create?5temporary?5file?5@ 000000018002dca8     jerror.obj
 0002:00002cd0       ??_C@_0CM@HONLBDPH@Invalid?5JPEG?5file?5structure?3?5SOS@ 000000018002dcd0     jerror.obj
 0002:00002d00       ??_C@_0CN@HGJCMLNE@Invalid?5JPEG?5file?5structure?3?5two@ 000000018002dd00     jerror.obj
 0002:00002d30       ??_C@_0CK@HMKECJK@Unsupported?5JPEG?5process?3?5SOF?5ty@ 000000018002dd30     jerror.obj
 0002:00002d60       ??_C@_0DA@GJIJGINK@Invalid?5JPEG?5file?5structure?3?5mis@ 000000018002dd60     jerror.obj
 0002:00002d90       ??_C@_0CN@IHJJJAFJ@Invalid?5JPEG?5file?5structure?3?5two@ 000000018002dd90     jerror.obj
 0002:00002dc0       ??_C@_0CH@NHMNHHIB@Cannot?5quantize?5to?5more?5than?5?$CFd?5@ 000000018002ddc0     jerror.obj
 0002:00002de8       ??_C@_0CI@PLMPLCNO@Cannot?5quantize?5to?5fewer?5than?5?$CFd@ 000000018002dde8     jerror.obj
 0002:00002e10       ??_C@_0CO@HPDBAEEA@Cannot?5quantize?5more?5than?5?$CFd?5col@ 000000018002de10     jerror.obj
 0002:00002e40       ??_C@_0BO@DJPLELIB@Insufficient?5memory?5?$CIcase?5?$CFd?$CJ?$AA@ 000000018002de40     jerror.obj
 0002:00002e60       ??_C@_0CL@GNLFDFCL@Not?5a?5JPEG?5file?3?5starts?5with?50x?$CF@ 000000018002de60     jerror.obj
 0002:00002e90       ??_C@_0CK@CCHKIENB@Quantization?5table?50x?$CF02x?5was?5no@ 000000018002de90     jerror.obj
 0002:00002ec0       ??_C@_0CC@BKPLBDLJ@JPEG?5datastream?5contains?5no?5imag@ 000000018002dec0     jerror.obj
 0002:00002ee8       ??_C@_0CF@BKANFCCL@Huffman?5table?50x?$CF02x?5was?5not?5def@ 000000018002dee8     jerror.obj
 0002:00002f10       ??_C@_0BM@HJHFKLAF@Backing?5store?5not?5supported?$AA@ 000000018002df10     jerror.obj
 0002:00002f30       ??_C@_0CO@BEHINNOI@Requested?5feature?5was?5omitted?5at@ 000000018002df30     jerror.obj
 0002:00002f60       ??_C@_0BE@EOAAHHJ@Not?5implemented?5yet?$AA@ 000000018002df60     jerror.obj
 0002:00002f78       ??_C@_0CH@EFBBPPCK@Invalid?5color?5quantization?5mode?5@ 000000018002df78     jerror.obj
 0002:00002fa0       ??_C@_0CH@NIBDNILP@Scan?5script?5does?5not?5transmit?5al@ 000000018002dfa0     jerror.obj
 0002:00002fc8       ??_C@_0DO@OPNPKGO@Cannot?5transcode?5due?5to?5multiple@ 000000018002dfc8     jerror.obj
 0002:00003008       ??_C@_0BM@KEKMMNGA@Premature?5end?5of?5input?5file?$AA@ 000000018002e008     jerror.obj
 0002:00003028       ??_C@_0BB@JJAIKFBB@Empty?5input?5file?$AA@ 000000018002e028     jerror.obj
 0002:00003040       ??_C@_0CP@EKFPGPNP@Maximum?5supported?5image?5dimensio@ 000000018002e040     jerror.obj
 0002:00003070       ??_C@_0CB@LFBMFPHI@Missing?5Huffman?5code?5table?5entry@ 000000018002e070     jerror.obj
 0002:00003098       ??_C@_0CB@LLDOGNPJ@Huffman?5code?5size?5table?5overflow@ 000000018002e098     jerror.obj
 0002:000030c0       ??_C@_0CI@EKDDDHFF@Fractional?5sampling?5not?5implemen@ 000000018002e0c0     jerror.obj
 0002:000030e8       ??_C@_0CP@IDOBLGGD@Output?5file?5write?5error?5?9?9?9?5out?5@ 000000018002e0e8     jerror.obj
 0002:00003118       ??_C@_0BG@BALCKDNL@Input?5file?5read?5error?$AA@ 000000018002e118     jerror.obj
 0002:00003130       ??_C@_0CB@DMGINPNE@Didn?8t?5expect?5more?5than?5one?5scan@ 000000018002e130     jerror.obj
 0002:00003158       ??_C@_0BE@DGJBKIEB@Write?5to?5EMS?5failed?$AA@ 000000018002e158     jerror.obj
 0002:00003170       ??_C@_0BF@CPNENPBA@Read?5from?5EMS?5failed?$AA@ 000000018002e170     jerror.obj
 0002:00003188       ??_C@_0CF@DAGGEAPM@Empty?5JPEG?5image?5?$CIDNL?5not?5suppor@ 000000018002e188     jerror.obj
 0002:000031b0       ??_C@_0BD@DIMECAOP@Bogus?5DQT?5index?5?$CFd?$AA@ 000000018002e1b0     jerror.obj
 0002:000031c8       ??_C@_0BD@KJHFPHIC@Bogus?5DHT?5index?5?$CFd?$AA@ 000000018002e1c8     jerror.obj
 0002:000031e0       ??_C@_0BF@CLIOOJFM@Bogus?5DAC?5value?50x?$CFx?$AA@ 000000018002e1e0     jerror.obj
 0002:000031f8       ??_C@_0BD@LDBBBMFL@Bogus?5DAC?5index?5?$CFd?$AA@ 000000018002e1f8     jerror.obj
 0002:00003210       ??_C@_0CF@JDLOPNGO@Unsupported?5color?5conversion?5req@ 000000018002e210     jerror.obj
 0002:00003238       ??_C@_0CG@BEBDNOCG@Too?5many?5color?5components?3?5?$CFd?0?5m@ 000000018002e238     jerror.obj
 0002:00003260       ??_C@_0CF@LAEFHNAH@CCIR601?5sampling?5not?5implemented@ 000000018002e260     jerror.obj
 0002:00003288       ??_C@_0BM@PKHCPJDH@Suspension?5not?5allowed?5here?$AA@ 000000018002e288     jerror.obj
 0002:000032a8       ??_C@_0CL@JKHIPJLJ@Buffer?5passed?5to?5JPEG?5library?5is@ 000000018002e2a8     jerror.obj
 0002:000032d8       ??_C@_0BL@CBOEEPLK@Bogus?5virtual?5array?5access?$AA@ 000000018002e2d8     jerror.obj
 0002:00003300       ??_C@_0EN@DKAEGIBH@JPEG?5parameter?5struct?5mismatch?3?5@ 000000018002e300     jerror.obj
 0002:00003350       ??_C@_0CK@BAMFIBMM@Improper?5call?5to?5JPEG?5library?5in@ 000000018002e350     jerror.obj
 0002:00003380       ??_C@_0CA@MJDDICLK@Invalid?5scan?5script?5at?5entry?5?$CFd?$AA@ 000000018002e380     jerror.obj
 0002:000033a0       ??_C@_0BH@HMMHPOPE@Bogus?5sampling?5factors?$AA@ 000000018002e3a0     jerror.obj
 0002:000033b8       ??_C@_0DH@HIKEGPKP@Invalid?5progressive?5parameters?5a@ 000000018002e3b8     jerror.obj
 0002:000033f0       ??_C@_0DH@LNGGEGOL@Invalid?5progressive?5parameters?5S@ 000000018002e3f0     jerror.obj
 0002:00003428       ??_C@_0CD@LDBDNLHK@Unsupported?5JPEG?5data?5precision?5@ 000000018002e428     jerror.obj
 0002:00003450       ??_C@_0BM@OEMICEFD@Invalid?5memory?5pool?5code?5?$CFd?$AA@ 000000018002e450     jerror.obj
 0002:00003470       ??_C@_0DA@HLEOHNPA@Sampling?5factors?5too?5large?5for?5i@ 000000018002e470     jerror.obj
 0002:000034a0       ??_C@_0DN@ELFKFKL@Wrong?5JPEG?5library?5version?3?5libr@ 000000018002e4a0     jerror.obj
 0002:000034e0       ??_C@_0BE@OGLAEMOG@Bogus?5marker?5length?$AA@ 000000018002e4e0     jerror.obj
 0002:000034f8       ??_C@_0BG@NEGIHEMC@Bogus?5JPEG?5colorspace?$AA@ 000000018002e4f8     jerror.obj
 0002:00003510       ??_C@_0BH@BGDIGLHC@Bogus?5input?5colorspace?$AA@ 000000018002e510     jerror.obj
 0002:00003528       ??_C@_0BP@EOFJNLFD@Bogus?5Huffman?5table?5definition?$AA@ 000000018002e528     jerror.obj
 0002:00003548       ??_C@_0CI@MBJANLAP@IDCT?5output?5block?5size?5?$CFd?5not?5su@ 000000018002e548     jerror.obj
 0002:00003570       ??_C@_0BN@OJEJKKDL@DCT?5coefficient?5out?5of?5range?$AA@ 000000018002e570     jerror.obj
 0002:00003590       ??_C@_0BP@ONFLCDHG@Invalid?5component?5ID?5?$CFd?5in?5SOS?$AA@ 000000018002e590     jerror.obj
 0002:000035b0       ??_C@_0BK@DKALDNKG@Bogus?5buffer?5control?5mode?$AA@ 000000018002e5b0     jerror.obj
 0002:000035d0       ??_C@_0CF@DENLILGA@MAX_ALLOC_CHUNK?5is?5wrong?0?5please@ 000000018002e5d0     jerror.obj
 0002:000035f8       ??_C@_0CA@FDMPGPNI@ALIGN_TYPE?5is?5wrong?0?5please?5fix?$AA@ 000000018002e5f8     jerror.obj
 0002:00003618       ??_C@_0DJ@KONAFFHE@Sorry?0?5there?5are?5legal?5restricti@ 000000018002e618     jerror.obj
 0002:00003658       ??_C@_0BG@MIBALFBH@Bogus?5message?5code?5?$CFd?$AA@ 000000018002e658     jerror.obj
 0002:00003670       jMsgTable                  000000018002e670     jerror.obj
 0002:00003a58       ??_C@_03OFAPEBGM@?$CFs?6?$AA@ 000000018002ea58     jerror.obj
 0002:00003a5c       __real@3fec835e            000000018002ea5c     jidctflt.obj
 0002:00003a60       __real@40273d75            000000018002ea60     jidctflt.obj
 0002:00003a64       __real@3f8a8bd4            000000018002ea64     jidctflt.obj
 0002:00003a68       __real@3fb504f3            000000018002ea68     jidctflt.obj
 0002:00003a90       ??_C@_04BMELEEFH@?$CFu?$CFc?$AA@ 000000018002ea90     jmemmgr.obj
 0002:00003a98       ??_C@_07OOOLPGAB@JPEGMEM?$AA@ 000000018002ea98     jmemmgr.obj
 0002:00003bb0       jZAGTable                  000000018002ebb0     jutils.obj
 0002:00003d20       ??_C@_0CB@IKHEGJHB@Too?5many?5bytes?5for?5PNG?5signature@ 000000018002ed20     png.obj
 0002:00003d48       ??_C@_0CD@PGGPKBFM@Potential?5overflow?5in?5png_zalloc@ 000000018002ed48     png.obj
 0002:00003d70       ??_C@_0CK@NLJEIHPL@Unknown?5freer?5parameter?5in?5png_d@ 000000018002ed70     png.obj
 0002:00003d9c       ??_C@_06GKGCHPKM@?5?$CL0000?$AA@ 000000018002ed9c     png.obj
 0002:00003db0       ??_C@_0MC@EFHIIFFO@libpng?5version?51?45?44?5?9?5July?57?0?52@ 000000018002edb0     png.obj
 0002:00003e74       ??_C@_05LBOGILLP@1?45?44?$AA@ 000000018002ee74     png.obj
 0002:00003e80       ??_C@_0CG@LDKBMGEJ@?5libpng?5version?51?45?44?5?9?5July?57?0?5@ 000000018002ee80     png.obj
 0002:00003ea8       ??_C@_0BC@MEPNMCAI@Invalid?5IHDR?5data?$AA@ 000000018002eea8     png.obj
 0002:00003ec0       ??_C@_0BO@PAJOKPHG@Invalid?5filter?5method?5in?5IHDR?$AA@ 000000018002eec0     png.obj
 0002:00003ee0       ??_C@_0BO@KOOEGEDO@Unknown?5filter?5method?5in?5IHDR?$AA@ 000000018002eee0     png.obj
 0002:00003f00       ??_C@_0DB@CJBLKABO@MNG?5features?5are?5not?5allowed?5in?5@ 000000018002ef00     png.obj
 0002:00003f38       ??_C@_0CD@DDOOCEDP@Unknown?5compression?5method?5in?5IH@ 000000018002ef38     png.obj
 0002:00003f60       ??_C@_0CB@EMHJMLOA@Unknown?5interlace?5method?5in?5IHDR@ 000000018002ef60     png.obj
 0002:00003f88       ??_C@_0DB@FGMBGHOJ@Invalid?5color?5type?1bit?5depth?5com@ 000000018002ef88     png.obj
 0002:00003fc0       ??_C@_0BL@KPIFPGMP@Invalid?5color?5type?5in?5IHDR?$AA@ 000000018002efc0     png.obj
 0002:00003fe0       ??_C@_0BK@OAKOLNFJ@Invalid?5bit?5depth?5in?5IHDR?$AA@ 000000018002efe0     png.obj
 0002:00004000       ??_C@_0DA@KJHOLOOI@Width?5is?5too?5large?5for?5libpng?5to@ 000000018002f000     png.obj
 0002:00004030       ??_C@_0BN@NOEKCPOM@Invalid?5image?5height?5in?5IHDR?$AA@ 000000018002f030     png.obj
 0002:00004050       ??_C@_0BM@KHHGCJLE@Invalid?5image?5width?5in?5IHDR?$AA@ 000000018002f050     png.obj
 0002:00004070       ??_C@_0CI@HDNDADNB@Image?5height?5exceeds?5user?5limit?5@ 000000018002f070     png.obj
 0002:00004098       ??_C@_0CH@COHNFPDF@Image?5width?5exceeds?5user?5limit?5i@ 000000018002f098     png.obj
 0002:000040c0       ??_C@_0BN@CMEOFBLN@Image?5height?5is?5zero?5in?5IHDR?$AA@ 000000018002f0c0     png.obj
 0002:000040e0       ??_C@_0BM@CEAELHL@Image?5width?5is?5zero?5in?5IHDR?$AA@ 000000018002f0e0     png.obj
 0002:00004100       __real@4024000000000000    000000018002f100     png.obj
 0002:00004108       ??_C@_0CC@CGOHABGI@ASCII?5conversion?5buffer?5too?5smal@ 000000018002f108     png.obj
 0002:00004130       __real@4022000000000000    000000018002f130     png.obj
 0002:00004138       __real@3fe0000000000000    000000018002f138     png.obj
 0002:00004140       __real@7fefffffffffffff    000000018002f140     png.obj
 0002:00004148       __real@0010000000000000    000000018002f148     png.obj
 0002:00004150       __mask@@NegDouble@         000000018002f150     png.obj
 0002:00004160       __real@c1e0000000000000    000000018002f160     png.obj
 0002:00004168       __real@41dfffffffc00000    000000018002f168     png.obj
 0002:00004170       __real@40f86a0000000000    000000018002f170     png.obj
 0002:00004178       ??_C@_0BN@JAKEKIAL@fixed?5point?5overflow?5ignored?$AA@ 000000018002f178     png.obj
 0002:00004198       __real@4202a05f20000000    000000018002f198     png.obj
 0002:000041a0       __real@3ee4f8b588e368f1    000000018002f1a0     png.obj
 0002:000041a8       __real@430c6bf526340000    000000018002f1a8     png.obj
 0002:000041b0       __real@406fe00000000000    000000018002f1b0     png.obj
 0002:000041b8       __real@40efffe000000000    000000018002f1b8     png.obj
 0002:000041c0       ??_C@_0BD@IECHPOPJ@?5but?5running?5with?5?$AA@ 000000018002f1c0     png.obj
 0002:000041d8       ??_C@_0BP@LLMNPADO@Application?5built?5with?5libpng?9?$AA@ 000000018002f1d8     png.obj
 0002:000041f8       ??_C@_0DJ@CKKHAMBA@Ignoring?5attempt?5to?5set?5cHRM?5RGB@ 000000018002f1f8     png.obj
 0002:00004238       ??_C@_0BI@GNBEGBIO@Invalid?5cHRM?5blue?5point?$AA@ 000000018002f238     png.obj
 0002:00004250       ??_C@_0BJ@OMNHHNBI@Invalid?5cHRM?5green?5point?$AA@ 000000018002f250     png.obj
 0002:00004270       ??_C@_0BH@MNPFDHMO@Invalid?5cHRM?5red?5point?$AA@ 000000018002f270     png.obj
 0002:00004288       ??_C@_0BJ@FAHLKGEB@Invalid?5cHRM?5white?5point?$AA@ 000000018002f288     png.obj
 0002:000042a8       ??_C@_0DE@IIKHIEFN@Ignoring?5attempt?5to?5set?5negative@ 000000018002f2a8     png.obj
 0002:00004308       ??_C@_0BD@OLJIBHNB@libpng?5warning?3?5?$CFs?$AA@ 000000018002f308     pngerror.obj
 0002:00004320       ??_C@_0BB@FHIOKKKG@libpng?5error?3?5?$CFs?$AA@ 000000018002f320     pngerror.obj
[...]
 0002:000093f0       _pDefaultRawDllMain        00000001800343f0     MSVCRT:crtdll.obj
 0002:00009490       __rtc_iaa                  0000000180034490     MSVCRT:_initsect_.obj
 0002:00009498       __rtc_izz                  0000000180034498     MSVCRT:_initsect_.obj
 0002:000094a0       __rtc_taa                  00000001800344a0     MSVCRT:_initsect_.obj
 0002:000094a8       __rtc_tzz                  00000001800344a8     MSVCRT:_initsect_.obj
 0002:0000a6f4       __DELAY_IMPORT_DESCRIPTOR_USER32_dll 00000001800356f4     user32:USER32.dll
 0002:0000a714       __NULL_DELAY_IMPORT_DESCRIPTOR 0000000180035714     user32:USER32.dll
 0002:0000a830       \177USER32_NULL_THUNK_DATA_DLN 0000000180035830     user32:USER32.dll
 0002:0000aa38       \177USER32_NULL_THUNK_DATA_DLB 0000000180035a38     user32:USER32.dll
 0002:0000ab30       __IMPORT_DESCRIPTOR_KERNEL32 0000000180035b30     kernel32:KERNEL32.dll
 0002:0000ab44       __IMPORT_DESCRIPTOR_GDI32  0000000180035b44     gdi32:GDI32.dll
 0002:0000ab58       __IMPORT_DESCRIPTOR_MSVCR100 0000000180035b58     MSVCRT:MSVCR100.dll
 0002:0000ab6c       __NULL_IMPORT_DESCRIPTOR   0000000180035b6c     kernel32:KERNEL32.dll
 0003:00000098       __security_cookie          0000000180038098     MSVCRT:gs_cookie.obj
 0003:000000a0       __security_cookie_complement 00000001800380a0     MSVCRT:gs_cookie.obj
 0003:000000b0       _fltused                   00000001800380b0     MSVCRT:dllsupp.obj
 0003:000000c0       __native_dllmain_reason    00000001800380c0     MSVCRT:natstart.obj
 0003:000000c4       __native_vcclrit_reason    00000001800380c4     MSVCRT:natstart.obj
 0003:000000c8       __imp_SetTimer             00000001800380c8     user32:USER32.dll
 0003:000000d0       __imp_SetCursor            00000001800380d0     user32:USER32.dll
 0003:000000d8       __imp_LoadCursorA          00000001800380d8     user32:USER32.dll
 0003:000000e0       __imp_SetCursorPos         00000001800380e0     user32:USER32.dll
 0003:000000e8       __imp_WindowFromPoint      00000001800380e8     user32:USER32.dll
 0003:000000f0       __imp_GetCursorPos         00000001800380f0     user32:USER32.dll
 0003:000000f8       __imp_ShowWindow           00000001800380f8     user32:USER32.dll
 0003:00000100       __imp_IsWindowVisible      0000000180038100     user32:USER32.dll
 0003:00000108       __imp_UpdateWindow         0000000180038108     user32:USER32.dll
 0003:00000110       __imp_SetWindowRgn         0000000180038110     user32:USER32.dll
 0003:00000118       __imp_InvalidateRect       0000000180038118     user32:USER32.dll
 0003:00000120       __imp_ReleaseDC            0000000180038120     user32:USER32.dll
 0003:00000128       __imp_UpdateLayeredWindow  0000000180038128     user32:USER32.dll
 0003:00000130       __imp_GetWindowRect        0000000180038130     user32:USER32.dll
 0003:00000138       __imp_GetDC                0000000180038138     user32:USER32.dll
 0003:00000140       __imp_KillTimer            0000000180038140     user32:USER32.dll
 0003:00000148       __imp_MoveWindow           0000000180038148     user32:USER32.dll
 0003:00000150       __imp_GetSystemMetrics     0000000180038150     user32:USER32.dll
 0003:00000158       __imp_DestroyWindow        0000000180038158     user32:USER32.dll
 0003:00000160       __imp_GetMessageA          0000000180038160     user32:USER32.dll
 0003:00000168       __imp_DispatchMessageA     0000000180038168     user32:USER32.dll
 0003:00000170       __imp_TranslateMessage     0000000180038170     user32:USER32.dll
 0003:00000178       __imp_PostMessageA         0000000180038178     user32:USER32.dll
 0003:00000180       __imp_PostQuitMessage      0000000180038180     user32:USER32.dll
 0003:00000188       __imp_EndPaint             0000000180038188     user32:USER32.dll
 0003:00000190       __imp_BeginPaint           0000000180038190     user32:USER32.dll
 0003:00000198       __imp_GetWindowLongPtrA    0000000180038198     user32:USER32.dll
 0003:000001a0       __imp_DefWindowProcA       00000001800381a0     user32:USER32.dll
 0003:000001a8       __imp_SetWindowLongPtrA    00000001800381a8     user32:USER32.dll
 0003:000001b0       __imp_CreateWindowExA      00000001800381b0     user32:USER32.dll
 0003:000001b8       __imp_RegisterClassExA     00000001800381b8     user32:USER32.dll
 0003:000001c0       \177USER32_NULL_THUNK_DATA_DLA 00000001800381c0     user32:USER32.dll
 0003:000001d0       _GifError                  00000001800381d0     gif_err.obj
 0003:00002fe8       splashIsVisible            000000018003afe8     splashscreen_impl.obj
 0003:00002ff0       z_verbose                  000000018003aff0     zutil.obj
 0003:00002ff8       __hmod__USER32_dll         000000018003aff8     user32:USER32.dll
 0003:00003000       __puiHead                  000000018003b000     delayimp:delayhlp.obj
 0003:00003008       __pfnDliFailureHook2       000000018003b008     delayimp:delayhk1.obj
 0003:00003010       __pfnDliNotifyHook2        000000018003b010     delayimp:delayhk2.obj
 0003:00003590       ?__type_info_root_node@@3U__type_info_node@@A 000000018003b590     MSVCRT:tncleanup.obj
 0003:000035a0       __native_startup_state     000000018003b5a0     <common>
 0003:000035a8       __native_startup_lock      000000018003b5a8     <common>
 0003:000035b0       __onexitend                000000018003b5b0     <common>
 0003:000035b8       __onexitbegin              000000018003b5b8     <common>
 0003:000035c0       __dyn_tls_init_callback    000000018003b5c0     <common>

 entry point at        0001:00029188

 Static symbols

 0001:00000000       flush_pending              0000000180001000 f   deflate.obj
 0001:00000074       longest_match              0000000180001074 f   deflate.obj
 0001:000002cc       check_match                00000001800012cc f   deflate.obj
 0001:000003cc       fill_window                00000001800013cc f   deflate.obj
 0001:000006c4       deflate_stored             00000001800016c4 f   deflate.obj
 0001:00000968       deflate_fast               0000000180001968 f   deflate.obj
 0001:00000d40       deflate_slow               0000000180001d40 f   deflate.obj
 0001:000014ac       DGifGetWord                00000001800024ac f   dgif_lib.obj
 0001:00001b38       DGifDecompressInput        0000000180002b38 f   dgif_lib.obj
 0001:00001df4       DGifDecompressLine         0000000180002df4 f   dgif_lib.obj
 0001:00002cc8       updatewindow               0000000180003cc8 f   inflate.obj
 0001:00005150       default_decompress_parms   0000000180006150 f   jdapimin.obj
 0001:000054e4       output_pass_setup          00000001800064e4 f   jdapistd.obj
 0001:00005768       start_iMCU_row             0000000180006768 f   jdcoefct.obj
 0001:000057ac       start_input_pass           00000001800067ac f   jdcoefct.obj
 0001:000057b8       decompress_onepass         00000001800067b8 f   jdcoefct.obj
 0001:00005a44       consume_data               0000000180006a44 f   jdcoefct.obj
 0001:00005c40       decompress_data            0000000180006c40 f   jdcoefct.obj
 0001:00005e24       smoothing_ok               0000000180006e24 f   jdcoefct.obj
 0001:00005f44       decompress_smooth_data     0000000180006f44 f   jdcoefct.obj
 0001:00006638       start_output_pass          0000000180007638 f   jdcoefct.obj
 0001:000067ec       build_ycc_rgb_table        00000001800077ec f   jdcolor.obj
 0001:000068d8       ycc_rgb_convert            00000001800078d8 f   jdcolor.obj
 0001:00006a50       null_convert               0000000180007a50 f   jdcolor.obj
 0001:00006af4       grayscale_convert          0000000180007af4 f   jdcolor.obj
 0001:00006b2c       gray_rgb_convert           0000000180007b2c f   jdcolor.obj
 0001:00006b94       ycck_cmyk_convert          0000000180007b94 f   jdcolor.obj
 0001:00006ec8       start_pass                 0000000180007ec8 f   jddctmgr.obj
 0001:000076a0       decode_mcu                 00000001800086a0 f   jdhuff.obj
 0001:00007b20       start_pass_huff_decoder    0000000180008b20 f   jdhuff.obj
 0001:00007ce8       initial_setup              0000000180008ce8 f   jdinput.obj
 0001:00007edc       per_scan_setup             0000000180008edc f   jdinput.obj
 0001:00008098       start_input_pass           0000000180009098 f   jdinput.obj
 0001:00008188       consume_markers            0000000180009188 f   jdinput.obj
 0001:00008250       reset_input_controller     0000000180009250 f   jdinput.obj
 0001:000082a0       finish_input_pass          00000001800092a0 f   jdinput.obj
 0001:00008310       alloc_funny_pointers       0000000180009310 f   jdmainct.obj
 0001:000083fc       make_funny_pointers        00000001800093fc f   jdmainct.obj
 0001:00008548       set_wraparound_pointers    0000000180009548 f   jdmainct.obj
 0001:00008660       set_bottom_pointers        0000000180009660 f   jdmainct.obj
 0001:00008720       process_data_simple_main   0000000180009720 f   jdmainct.obj
 0001:000087c8       process_data_context_main  00000001800097c8 f   jdmainct.obj
 0001:00008944       process_data_crank_post    0000000180009944 f   jdmainct.obj
 0001:00008970       start_pass_main            0000000180009970 f   jdmainct.obj
 0001:00008b00       get_soi                    0000000180009b00 f   jdmarker.obj
 0001:00008bb4       get_sof                    0000000180009bb4 f   jdmarker.obj
 0001:00008f08       get_sos                    0000000180009f08 f   jdmarker.obj
 0001:00009268       get_dht                    000000018000a268 f   jdmarker.obj
 0001:000095a0       get_dqt                    000000018000a5a0 f   jdmarker.obj
 0001:00009820       get_dri                    000000018000a820 f   jdmarker.obj
 0001:00009944       examine_app0               000000018000a944 f   jdmarker.obj
 0001:00009b80       examine_app14              000000018000ab80 f   jdmarker.obj
 0001:00009c5c       get_interesting_appn       000000018000ac5c f   jdmarker.obj
 0001:00009ddc       save_marker                000000018000addc f   jdmarker.obj
 0001:0000a030       skip_variable              000000018000b030 f   jdmarker.obj
 0001:0000a10c       next_marker                000000018000b10c f   jdmarker.obj
 0001:0000a220       read_markers               000000018000b220 f   jdmarker.obj
 0001:0000a53c       read_restart_marker        000000018000b53c f   jdmarker.obj
 0001:0000a6ec       reset_marker_reader        000000018000b6ec f   jdmarker.obj
 0001:0000a7e0       use_merged_upsample        000000018000b7e0 f   jdmaster.obj
 0001:0000aa94       master_selection           000000018000ba94 f   jdmaster.obj
 0001:0000ad50       prepare_for_output_pass    000000018000bd50 f   jdmaster.obj
 0001:0000aeb8       finish_output_pass         000000018000beb8 f   jdmaster.obj
 0001:0000af28       start_pass_merged_upsample 000000018000bf28 f   jdmerge.obj
 0001:0000af40       merged_2v_upsample         000000018000bf40 f   jdmerge.obj
 0001:0000b028       merged_1v_upsample         000000018000c028 f   jdmerge.obj
 0001:0000b064       h2v1_merged_upsample       000000018000c064 f   jdmerge.obj
 0001:0000b1d8       h2v2_merged_upsample       000000018000c1d8 f   jdmerge.obj
 0001:0000b580       process_restart            000000018000c580 f   jdphuff.obj
 0001:0000b604       decode_mcu_DC_first        000000018000c604 f   jdphuff.obj
 0001:0000b860       decode_mcu_AC_first        000000018000c860 f   jdphuff.obj
 0001:0000bab4       decode_mcu_DC_refine       000000018000cab4 f   jdphuff.obj
 0001:0000bbc8       decode_mcu_AC_refine       000000018000cbc8 f   jdphuff.obj
 0001:0000c06c       start_pass_phuff_decoder   000000018000d06c f   jdphuff.obj
 0001:0000c39c       post_process_1pass         000000018000d39c f   jdpostct.obj
 0001:0000c430       post_process_prepass       000000018000d430 f   jdpostct.obj
 0001:0000c514       post_process_2pass         000000018000d514 f   jdpostct.obj
 0001:0000c5c8       start_pass_dpost           000000018000d5c8 f   jdpostct.obj
 0001:0000c760       start_pass_upsample        000000018000d760 f   jdsample.obj
 0001:0000c780       sep_upsample               000000018000d780 f   jdsample.obj
 0001:0000c8ac       fullsize_upsample          000000018000d8ac f   jdsample.obj
 0001:0000c8b0       noop_upsample              000000018000d8b0 f   jdsample.obj
 0001:0000c8b8       int_upsample               000000018000d8b8 f   jdsample.obj
 0001:0000c9e4       h2v1_upsample              000000018000d9e4 f   jdsample.obj
 0001:0000ca40       h2v2_upsample              000000018000da40 f   jdsample.obj
 0001:0000cae8       h2v1_fancy_upsample        000000018000dae8 f   jdsample.obj
 0001:0000cbb8       h2v2_fancy_upsample        000000018000dbb8 f   jdsample.obj
 0001:0000cf28       error_exit                 000000018000df28 f   jerror.obj
 0001:0000cf44       output_message             000000018000df44 f   jerror.obj
 0001:0000cf9c       emit_message               000000018000df9c f   jerror.obj
 0001:0000cfd8       format_message             000000018000dfd8 f   jerror.obj
 0001:0000cfdc       reset_error_mgr            000000018000dfdc f   jerror.obj
 0001:0000e39c       alloc_small                000000018000f39c f   jmemmgr.obj
 0001:0000e514       alloc_large                000000018000f514 f   jmemmgr.obj
 0001:0000e604       alloc_sarray               000000018000f604 f   jmemmgr.obj
 0001:0000e6e4       alloc_barray               000000018000f6e4 f   jmemmgr.obj
 0001:0000e7d0       request_virt_sarray        000000018000f7d0 f   jmemmgr.obj
 0001:0000e86c       request_virt_barray        000000018000f86c f   jmemmgr.obj
 0001:0000e908       realize_virt_arrays        000000018000f908 f   jmemmgr.obj
 0001:0000eaf4       do_sarray_io               000000018000faf4 f   jmemmgr.obj
 0001:0000ebac       do_barray_io               000000018000fbac f   jmemmgr.obj
 0001:0000ec68       access_virt_sarray         000000018000fc68 f   jmemmgr.obj
 0001:0000edcc       access_virt_barray         000000018000fdcc f   jmemmgr.obj
 0001:0000ef34       free_pool                  000000018000ff34 f   jmemmgr.obj
 0001:0000f068       self_destruct              0000000180010068 f   jmemmgr.obj
 0001:0000f264       dummy_consume_data         0000000180010264 f   jmemnobs.obj
 0001:0000f268       create_colormap            0000000180010268 f   jquant1.obj
 0001:0000f4d0       create_colorindex          00000001800104d0 f   jquant1.obj
 0001:0000f638       create_odither_tables      0000000180010638 f   jquant1.obj
 0001:0000f744       color_quantize             0000000180010744 f   jquant1.obj
 0001:0000f7e4       color_quantize3            00000001800107e4 f   jquant1.obj
 0001:0000f884       quantize_ord_dither        0000000180010884 f   jquant1.obj
 0001:0000f9f4       quantize3_ord_dither       00000001800109f4 f   jquant1.obj
 0001:0000fb58       quantize_fs_dither         0000000180010b58 f   jquant1.obj
 0001:0000fdf4       alloc_fs_workspace         0000000180010df4 f   jquant1.obj
 0001:0000fe68       start_pass_1_quant         0000000180010e68 f   jquant1.obj
 0001:0000ff88       new_color_map_1_quant      0000000180010f88 f   jquant1.obj
 0001:00010050       prescan_quantize           0000000180011050 f   jquant2.obj
 0001:000100f4       update_box                 00000001800110f4 f   jquant2.obj
 0001:00010444       compute_color              0000000180011444 f   jquant2.obj
 0001:000105f4       select_colors              00000001800115f4 f   jquant2.obj
 0001:00010804       find_nearby_colors         0000000180011804 f   jquant2.obj
 0001:00010a10       fill_inverse_cmap          0000000180011a10 f   jquant2.obj
 0001:00010c90       pass2_no_dither            0000000180011c90 f   jquant2.obj
 0001:00010d7c       pass2_fs_dither            0000000180011d7c f   jquant2.obj
 0001:0001113c       init_error_limit           000000018001213c f   jquant2.obj
 0001:000111f0       finish_pass1               00000001800121f0 f   jquant2.obj
 0001:00011220       start_pass_2_quant         0000000180012220 f   jquant2.obj
 0001:00011380       new_color_map_2_quant      0000000180012380 f   jquant2.obj
 0001:00012318       png_pow10                  0000000180013318 f   png.obj
 0001:00012ba0       png_build_16bit_table      0000000180013ba0 f   png.obj
 0001:00012d3c       png_build_16to8_table      0000000180013d3c f   png.obj
 0001:00012ea0       png_build_8bit_table       0000000180013ea0 f   png.obj
 0001:000136d4       png_format_buffer          00000001800146d4 f   pngerror.obj
 0001:00013d90       ppi_from_ppm               0000000180014d90 f   pngget.obj
 0001:00018a54       convert_gamma_value        0000000180019a54 f   pngrtran.obj
 0001:0001983c       png_init_palette_transformations 000000018001a83c f   pngrtran.obj
 0001:00019938       png_init_rgb_transformations 000000018001a938 f   pngrtran.obj
 0001:0001db50       png_get_fixed_point        000000018001eb50 f   pngrutil.obj
 0001:0001dd80       png_inflate                000000018001ed80 f   pngrutil.obj
 0001:00024e44       readFile                   0000000180025e44 f   splashscreen_impl.obj
 0001:00024e60       peekFile                   0000000180025e60 f   splashscreen_impl.obj
 0001:00024e98       closeFile                  0000000180025e98 f   splashscreen_impl.obj
 0001:00024ea4       readMem                    0000000180025ea4 f   splashscreen_impl.obj
 0001:00024f0c       peekMem                    0000000180025f0c f   splashscreen_impl.obj
 0001:00024f74       SplashLoadStream           0000000180025f74 f   splashscreen_impl.obj
 0001:000250dc       stream_init_source         00000001800260dc f   splashscreen_jpeg.obj
 0001:000250e8       stream_fill_input_buffer   00000001800260e8 f   splashscreen_jpeg.obj
 0001:00025174       stream_skip_input_data     0000000180026174 f   splashscreen_jpeg.obj
 0001:000251c0       finish_pass_1_quant        00000001800261c0 f   splashscreen_jpeg.obj
 0001:000251c0       stream_term_source         00000001800261c0 f   splashscreen_jpeg.obj
 0001:000251c0       closeMem                   00000001800261c0 f   splashscreen_jpeg.obj
 0001:000251c0       start_pass_dcolor          00000001800261c0 f   splashscreen_jpeg.obj
 0001:000251c0       finish_pass2               00000001800261c0 f   splashscreen_jpeg.obj
 0001:00025484       my_error_exit              0000000180026484 f   splashscreen_jpeg.obj
 0001:00026758       SplashWndProc              0000000180027758 f   splashscreen_sys.obj
 0001:00026b20       send_bits                  0000000180027b20 f   trees.obj
 0001:00026c04       init_block                 0000000180027c04 f   trees.obj
 0001:00026c74       pqdownheap                 0000000180027c74 f   trees.obj
 0001:00026d28       gen_bitlen                 0000000180027d28 f   trees.obj
 0001:00026fb8       scan_tree                  0000000180027fb8 f   trees.obj
 0001:000270ac       send_tree                  00000001800280ac f   trees.obj
 0001:00027300       send_all_trees             0000000180028300 f   trees.obj
 0001:00027608       compress_block             0000000180028608 f   trees.obj
 0001:00027874       bi_flush                   0000000180028874 f   trees.obj
 0001:000278ec       bi_windup                  00000001800288ec f   trees.obj
 0001:00027958       build_tree                 0000000180028958 f   trees.obj
 0001:00027ccc       build_bl_tree              0000000180028ccc f   trees.obj
 0001:00028438       crc32_little               0000000180029438 f   zcrc32.obj
 0001:00028d90       pre_c_init                 0000000180029d90 f   MSVCRT:crtdll.obj
 0001:0002904c       __DllMainCRTStartup        000000018002a04c f   MSVCRT:crtdll.obj
 0001:00029650       __DllMainCRTStartup$filt$0 000000018002a650 f   MSVCRT:crtdll.obj
 0001:00029680       __DllMainCRTStartup$fin$1  000000018002a680 f   MSVCRT:crtdll.obj
 0001:0002969a       _onexit$fin$0              000000018002a69a f   MSVCRT:atonexit.obj
 0001:000296c0       _IsNonwritableInCurrentImage$filt$0 000000018002a6c0 f   MSVCRT:pesect.obj
