 mlib_image

 Timestamp is 60b79d1f (Wed Jun 02 16:00:47 2021)

 Preferred load address is 0000000180000000

 Start         Length     Name                   Class
 0001:00000000 0008c342H .text                   CODE
 0001:0008c350 00000092H .text$x                 CODE
 0002:00000000 00000120H .idata$5                DATA
 0002:00000120 00000008H .CRT$XCA                DATA
 0002:00000128 00000008H .CRT$XCZ                DATA
 0002:00000130 00000008H .CRT$XIA                DATA
 0002:00000138 00000008H .CRT$XIAA               DATA
 0002:00000140 00000008H .CRT$XIZ                DATA
 0002:00000150 0000b460H .rdata                  DATA
 0002:0000b5b0 0000007dH .rdata$debug            DATA
 0002:0000b630 00000008H .rtc$IAA                DATA
 0002:0000b638 00000008H .rtc$IZZ                DATA
 0002:0000b640 00000008H .rtc$TAA                DATA
 0002:0000b648 00000008H .rtc$TZZ                DATA
 0002:0000b650 00003340H .xdata                  DATA
 0002:0000e990 00000028H .idata$2                DATA
 0002:0000e9b8 00000014H .idata$3                DATA
 0002:0000e9d0 00000120H .idata$4                DATA
 0002:0000eaf0 00000282H .idata$6                DATA
 0002:0000ed80 00000122H .edata                  DATA
 0003:00000000 000002e8H .data                   DATA
 0003:000002f0 000005b8H .bss                    DATA
 0004:00000000 00001adcH .pdata                  DATA
 0005:00000000 00000058H .rsrc$01                DATA
 0005:00000060 00000368H .rsrc$02                DATA

  Address         Publics by Value              Rva+Base               Lib:Object

 0000:00000000       ___safe_se_handler_table   0000000000000000     <absolute>
 0000:00000000       ___safe_se_handler_count   0000000000000000     <absolute>
 0000:00000000       __ImageBase                0000000180000000     <linker-defined>
 0001:00000000       mlib_ImageAffine_alltypes  0000000180001000 f   mlib_ImageAffine.obj
 0001:00000430       j2d_mlib_ImageAffine       0000000180001430 f   mlib_ImageAffine.obj
 0001:00000490       mlib_ImageAffineEdgeZero   0000000180001490 f   mlib_ImageAffineEdge.obj
 0001:00000c70       mlib_ImageAffineEdgeNearest 0000000180001c70 f   mlib_ImageAffineEdge.obj
 0001:000022e0       mlib_ImageAffineEdgeExtend_BL 00000001800032e0 f   mlib_ImageAffineEdge.obj
 0001:0000e960       mlib_ImageAffineEdgeExtend_BC 000000018000f960 f   mlib_ImageAffineEdge.obj
 0001:00021f10       mlib_ImageAffine_d64_1ch_bc 0000000180022f10 f   mlib_ImageAffine_BC_D64.obj
 0001:00022940       mlib_ImageAffine_d64_2ch_bc 0000000180023940 f   mlib_ImageAffine_BC_D64.obj
 0001:00023450       mlib_ImageAffine_d64_3ch_bc 0000000180024450 f   mlib_ImageAffine_BC_D64.obj
 0001:00023f60       mlib_ImageAffine_d64_4ch_bc 0000000180024f60 f   mlib_ImageAffine_BC_D64.obj
 0001:00024a70       mlib_ImageAffine_f32_1ch_bc 0000000180025a70 f   mlib_ImageAffine_BC_F32.obj
 0001:00025460       mlib_ImageAffine_f32_2ch_bc 0000000180026460 f   mlib_ImageAffine_BC_F32.obj
 0001:00025f30       mlib_ImageAffine_f32_3ch_bc 0000000180026f30 f   mlib_ImageAffine_BC_F32.obj
 0001:00026a00       mlib_ImageAffine_f32_4ch_bc 0000000180027a00 f   mlib_ImageAffine_BC_F32.obj
 0001:000274d0       mlib_ImageAffine_s32_1ch_bc 00000001800284d0 f   mlib_ImageAffine_BC_S32.obj
 0001:00028050       mlib_ImageAffine_s32_2ch_bc 0000000180029050 f   mlib_ImageAffine_BC_S32.obj
 0001:00028c30       mlib_ImageAffine_s32_3ch_bc 0000000180029c30 f   mlib_ImageAffine_BC_S32.obj
 0001:00029810       mlib_ImageAffine_s32_4ch_bc 000000018002a810 f   mlib_ImageAffine_BC_S32.obj
 0001:0002a410       mlib_ImageAffine_d64_1ch_bl 000000018002b410 f   mlib_ImageAffine_BL_D64.obj
 0001:0002a9e0       mlib_ImageAffine_d64_2ch_bl 000000018002b9e0 f   mlib_ImageAffine_BL_D64.obj
 0001:0002b200       mlib_ImageAffine_d64_3ch_bl 000000018002c200 f   mlib_ImageAffine_BL_D64.obj
 0001:0002b6c0       mlib_ImageAffine_d64_4ch_bl 000000018002c6c0 f   mlib_ImageAffine_BL_D64.obj
 0001:0002bcd0       mlib_ImageAffine_f32_1ch_bl 000000018002ccd0 f   mlib_ImageAffine_BL_F32.obj
 0001:0002c290       mlib_ImageAffine_f32_2ch_bl 000000018002d290 f   mlib_ImageAffine_BL_F32.obj
 0001:0002ca80       mlib_ImageAffine_f32_3ch_bl 000000018002da80 f   mlib_ImageAffine_BL_F32.obj
 0001:0002cf30       mlib_ImageAffine_f32_4ch_bl 000000018002df30 f   mlib_ImageAffine_BL_F32.obj
 0001:0002d540       mlib_ImageAffine_s32_1ch_bl 000000018002e540 f   mlib_ImageAffine_BL_S32.obj
 0001:0002dc70       mlib_ImageAffine_s32_2ch_bl 000000018002ec70 f   mlib_ImageAffine_BL_S32.obj
 0001:0002e140       mlib_ImageAffine_s32_3ch_bl 000000018002f140 f   mlib_ImageAffine_BL_S32.obj
 0001:0002e760       mlib_ImageAffine_s32_4ch_bl 000000018002f760 f   mlib_ImageAffine_BL_S32.obj
 0001:0002eee0       mlib_ImageAffine_s32_1ch_nn 000000018002fee0 f   mlib_ImageAffine_NN.obj
 0001:0002f250       mlib_ImageAffine_s32_2ch_nn 0000000180030250 f   mlib_ImageAffine_NN.obj
 0001:0002f4c0       mlib_ImageAffine_s32_3ch_nn 00000001800304c0 f   mlib_ImageAffine_NN.obj
 0001:0002f740       mlib_ImageAffine_s32_4ch_nn 0000000180030740 f   mlib_ImageAffine_NN.obj
 0001:0002f9d0       mlib_ImageAffine_d64_1ch_nn 00000001800309d0 f   mlib_ImageAffine_NN.obj
 0001:0002fc30       mlib_ImageAffine_d64_2ch_nn 0000000180030c30 f   mlib_ImageAffine_NN.obj
 0001:0002feb0       mlib_ImageAffine_d64_3ch_nn 0000000180030eb0 f   mlib_ImageAffine_NN.obj
 0001:00030140       mlib_ImageAffine_d64_4ch_nn 0000000180031140 f   mlib_ImageAffine_NN.obj
 0001:000303e0       mlib_ImageAffine_bit_1ch_nn 00000001800313e0 f   mlib_ImageAffine_NN_Bit.obj
 0001:00030830       mlib_ImageClippingMxN      0000000180031830 f   mlib_ImageClipping.obj
 0001:00030b00       mlib_search_quadrant_U8_3  0000000180031b00 f   mlib_ImageColorTrue2Index.obj
 0001:00030c20       mlib_search_quadrant_part_to_left_U8_3 0000000180031c20 f   mlib_ImageColorTrue2Index.obj
 0001:00030ef0       mlib_search_quadrant_part_to_right_U8_3 0000000180031ef0 f   mlib_ImageColorTrue2Index.obj
 0001:000311c0       mlib_search_quadrant_S16_3 00000001800321c0 f   mlib_ImageColorTrue2Index.obj
 0001:00031300       mlib_search_quadrant_part_to_left_S16_3 0000000180032300 f   mlib_ImageColorTrue2Index.obj
 0001:00031620       mlib_search_quadrant_part_to_right_S16_3 0000000180032620 f   mlib_ImageColorTrue2Index.obj
 0001:00031930       mlib_search_quadrant_U8_4  0000000180032930 f   mlib_ImageColorTrue2Index.obj
 0001:00031a70       mlib_search_quadrant_part_to_left_U8_4 0000000180032a70 f   mlib_ImageColorTrue2Index.obj
 0001:00031d80       mlib_search_quadrant_part_to_right_U8_4 0000000180032d80 f   mlib_ImageColorTrue2Index.obj
 0001:00032080       mlib_search_quadrant_S16_4 0000000180033080 f   mlib_ImageColorTrue2Index.obj
 0001:000321f0       mlib_search_quadrant_part_to_left_S16_4 00000001800331f0 f   mlib_ImageColorTrue2Index.obj
 0001:00032550       mlib_search_quadrant_part_to_right_S16_4 0000000180033550 f   mlib_ImageColorTrue2Index.obj
 0001:000328a0       mlib_ImageColorTrue2IndexLine_U8_U8_3 00000001800338a0 f   mlib_ImageColorTrue2Index.obj
 0001:00032e40       mlib_ImageColorTrue2IndexLine_U8_U8_4 0000000180033e40 f   mlib_ImageColorTrue2Index.obj
 0001:000335c0       mlib_ImageColorTrue2IndexLine_U8_S16_3 00000001800345c0 f   mlib_ImageColorTrue2Index.obj
 0001:00035f70       mlib_ImageColorTrue2IndexLine_U8_S16_4 0000000180036f70 f   mlib_ImageColorTrue2Index.obj
 0001:0003a3c0       mlib_ImageColorTrue2IndexLine_S16_S16_3 000000018003b3c0 f   mlib_ImageColorTrue2Index.obj
 0001:0003cee0       mlib_ImageColorTrue2IndexLine_S16_S16_4 000000018003dee0 f   mlib_ImageColorTrue2Index.obj
 0001:00041690       mlib_ImageColorTrue2IndexLine_S16_U8_3 0000000180042690 f   mlib_ImageColorTrue2Index.obj
 0001:00041cc0       mlib_ImageColorTrue2IndexLine_S16_U8_4 0000000180042cc0 f   mlib_ImageColorTrue2Index.obj
 0001:000424a0       mlib_ImageConvClearEdge_Bit 00000001800434a0 f   mlib_ImageConvClearEdge_Bit.obj
 0001:000429c0       mlib_ImageConvClearEdge_Fp 00000001800439c0 f   mlib_ImageConvClearEdge_Fp.obj
 0001:00042ea0       mlib_ImageConvCopyEdge_Bit 0000000180043ea0 f   mlib_ImageConvCopyEdge_Bit.obj
 0001:00043c10       j2d_mlib_ImageConvKernelConvert 0000000180044c10 f   mlib_ImageConvKernelConvert.obj
 0001:00044630       mlib_ImageConvMxN_f        0000000180045630 f   mlib_ImageConvMxN.obj
 0001:00044c10       j2d_mlib_ImageConvMxN      0000000180045c10 f   mlib_ImageConvMxN.obj
 0001:000455f0       mlib_convMxNext_f32        00000001800465f0 f   mlib_ImageConvMxN_Fp.obj
 0001:00046280       mlib_convMxNext_d64        0000000180047280 f   mlib_ImageConvMxN_Fp.obj
 0001:000469f0       mlib_convMxNext_s32        00000001800479f0 f   mlib_ImageConvMxN_ext.obj
 0001:00047d90       mlib_convMxNext_s16        0000000180048d90 f   mlib_ImageConv_16ext.obj
 0001:00049e00       mlib_i_convMxNext_s16      000000018004ae00 f   mlib_ImageConv_16ext.obj
 0001:0004c3d0       mlib_convMxNnw_s16         000000018004d3d0 f   mlib_ImageConv_16nw.obj
 0001:0004df30       mlib_i_convMxNnw_s16       000000018004ef30 f   mlib_ImageConv_16nw.obj
 0001:0004fbf0       mlib_convMxNnw_s32         0000000180050bf0 f   mlib_ImageConv_32nw.obj
 0001:000524e0       mlib_c_convMxNext_u8       00000001800534e0 f   mlib_ImageConv_8ext.obj
 0001:000544e0       mlib_i_convMxNext_u8       00000001800554e0 f   mlib_ImageConv_8ext.obj
 0001:00056a00       mlib_c_convMxNnw_u8        0000000180057a00 f   mlib_ImageConv_8nw.obj
 0001:00058570       mlib_i_convMxNnw_u8        0000000180059570 f   mlib_ImageConv_8nw.obj
 0001:0005a020       mlib_convMxNnw_d64         000000018005b020 f   mlib_ImageConv_D64nw.obj
 0001:0005b830       mlib_convMxNnw_f32         000000018005c830 f   mlib_ImageConv_F32nw.obj
 0001:0005d710       mlib_convMxNext_u16        000000018005e710 f   mlib_ImageConv_u16ext.obj
 0001:0005f7e0       mlib_i_convMxNext_u16      00000001800607e0 f   mlib_ImageConv_u16ext.obj
 0001:00061eb0       mlib_convMxNnw_u16         0000000180062eb0 f   mlib_ImageConv_u16nw.obj
 0001:00063ae0       mlib_i_convMxNnw_u16       0000000180064ae0 f   mlib_ImageConv_u16nw.obj
 0001:00064cf0       mlib_ImageCopy_bit_na      0000000180065cf0 f   mlib_ImageCopy_Bit.obj
 0001:00064ef0       mlib_ImageSet              0000000180065ef0 f   mlib_ImageCreate.obj
 0001:000650c0       j2d_mlib_ImageCreateStruct 00000001800660c0 f   mlib_ImageCreate.obj
 0001:00065160       j2d_mlib_ImageCreate       0000000180066160 f   mlib_ImageCreate.obj
 0001:00065370       mlib_ImageSetSubimage      0000000180066370 f   mlib_ImageCreate.obj
 0001:000654b0       j2d_mlib_ImageDelete       00000001800664b0 f   mlib_ImageCreate.obj
 0001:00065500       mlib_ImageLookUp_U8_D64    0000000180066500 f   mlib_ImageLookUp_64.obj
 0001:000661b0       mlib_ImageLookUp_S16_D64   00000001800671b0 f   mlib_ImageLookUp_64.obj
 0001:00066540       mlib_ImageLookUp_U16_D64   0000000180067540 f   mlib_ImageLookUp_64.obj
 0001:000668e0       mlib_ImageLookUp_S32_D64   00000001800678e0 f   mlib_ImageLookUp_64.obj
 0001:00066c60       mlib_ImageLookUpSI_U8_D64  0000000180067c60 f   mlib_ImageLookUp_64.obj
 0001:00067bd0       mlib_ImageLookUpSI_S16_D64 0000000180068bd0 f   mlib_ImageLookUp_64.obj
 0001:00067ee0       mlib_ImageLookUpSI_U16_D64 0000000180068ee0 f   mlib_ImageLookUp_64.obj
 0001:000681f0       mlib_ImageLookUpSI_S32_D64 00000001800691f0 f   mlib_ImageLookUp_64.obj
 0001:000684f0       mlib_ImageLookUp_Bit_U8_1  00000001800694f0 f   mlib_ImageLookUp_Bit.obj
 0001:00068820       mlib_ImageLookUp_Bit_U8_2  0000000180069820 f   mlib_ImageLookUp_Bit.obj
 0001:00068ab0       mlib_ImageLookUp_Bit_U8_3  0000000180069ab0 f   mlib_ImageLookUp_Bit.obj
 0001:00068fd0       mlib_ImageLookUp_Bit_U8_4  0000000180069fd0 f   mlib_ImageLookUp_Bit.obj
 0001:00069300       mlib_AffineEdges           000000018006a300 f   mlib_ImageScanPoly.obj
 0001:0006a3b0       mlib_ilogb                 000000018006b3b0 f   mlib_ImageUtils.obj
 0001:0006a420       mlib_ImageAffineIndex_U8_U8_3CH_BC 000000018006b420 f   mlib_c_ImageAffineIndex_BC.obj
 0001:0006b310       mlib_ImageAffineIndex_U8_S16_3CH_BC 000000018006c310 f   mlib_c_ImageAffineIndex_BC.obj
 0001:0006c1e0       mlib_ImageAffineIndex_U8_U8_4CH_BC 000000018006d1e0 f   mlib_c_ImageAffineIndex_BC.obj
 0001:0006d430       mlib_ImageAffineIndex_U8_S16_4CH_BC 000000018006e430 f   mlib_c_ImageAffineIndex_BC.obj
 0001:0006e660       mlib_ImageAffineIndex_S16_U8_3CH_BC 000000018006f660 f   mlib_c_ImageAffineIndex_BC.obj
 0001:0006f590       mlib_ImageAffineIndex_S16_S16_3CH_BC 0000000180070590 f   mlib_c_ImageAffineIndex_BC.obj
 0001:000704a0       mlib_ImageAffineIndex_S16_U8_4CH_BC 00000001800714a0 f   mlib_c_ImageAffineIndex_BC.obj
 0001:00071750       mlib_ImageAffineIndex_S16_S16_4CH_BC 0000000180072750 f   mlib_c_ImageAffineIndex_BC.obj
 0001:000729e0       mlib_ImageAffineIndex_U8_U8_3CH_BL 00000001800739e0 f   mlib_c_ImageAffineIndex_BL.obj
 0001:00073090       mlib_ImageAffineIndex_U8_S16_3CH_BL 0000000180074090 f   mlib_c_ImageAffineIndex_BL.obj
 0001:00073700       mlib_ImageAffineIndex_U8_U8_4CH_BL 0000000180074700 f   mlib_c_ImageAffineIndex_BL.obj
 0001:00073eb0       mlib_ImageAffineIndex_U8_S16_4CH_BL 0000000180074eb0 f   mlib_c_ImageAffineIndex_BL.obj
 0001:00074620       mlib_ImageAffineIndex_S16_U8_3CH_BL 0000000180075620 f   mlib_c_ImageAffineIndex_BL.obj
 0001:00074cc0       mlib_ImageAffineIndex_S16_S16_3CH_BL 0000000180075cc0 f   mlib_c_ImageAffineIndex_BL.obj
 0001:00075310       mlib_ImageAffineIndex_S16_U8_4CH_BL 0000000180076310 f   mlib_c_ImageAffineIndex_BL.obj
 0001:00075ac0       mlib_ImageAffineIndex_S16_S16_4CH_BL 0000000180076ac0 f   mlib_c_ImageAffineIndex_BL.obj
 0001:00076240       mlib_ImageAffine_u8_1ch_bc 0000000180077240 f   mlib_c_ImageAffine_BC.obj
 0001:00076790       mlib_ImageAffine_u8_2ch_bc 0000000180077790 f   mlib_c_ImageAffine_BC.obj
 0001:00076db0       mlib_ImageAffine_u8_3ch_bc 0000000180077db0 f   mlib_c_ImageAffine_BC.obj
 0001:000773d0       mlib_ImageAffine_u8_4ch_bc 00000001800783d0 f   mlib_c_ImageAffine_BC.obj
 0001:00077a00       mlib_ImageAffine_s16_1ch_bc 0000000180078a00 f   mlib_c_ImageAffine_BC_S16.obj
 0001:00077f60       mlib_ImageAffine_s16_2ch_bc 0000000180078f60 f   mlib_c_ImageAffine_BC_S16.obj
 0001:00078570       mlib_ImageAffine_s16_3ch_bc 0000000180079570 f   mlib_c_ImageAffine_BC_S16.obj
 0001:00078b80       mlib_ImageAffine_s16_4ch_bc 0000000180079b80 f   mlib_c_ImageAffine_BC_S16.obj
 0001:00079190       mlib_ImageAffine_u16_1ch_bc 000000018007a190 f   mlib_c_ImageAffine_BC_U16.obj
 0001:000796f0       mlib_ImageAffine_u16_2ch_bc 000000018007a6f0 f   mlib_c_ImageAffine_BC_U16.obj
 0001:00079d30       mlib_ImageAffine_u16_3ch_bc 000000018007ad30 f   mlib_c_ImageAffine_BC_U16.obj
 0001:0007a370       mlib_ImageAffine_u16_4ch_bc 000000018007b370 f   mlib_c_ImageAffine_BC_U16.obj
 0001:0007a9c0       mlib_ImageAffine_u8_1ch_bl 000000018007b9c0 f   mlib_c_ImageAffine_BL.obj
 0001:0007acb0       mlib_ImageAffine_u8_2ch_bl 000000018007bcb0 f   mlib_c_ImageAffine_BL.obj
 0001:0007b080       mlib_ImageAffine_u8_3ch_bl 000000018007c080 f   mlib_c_ImageAffine_BL.obj
 0001:0007b520       mlib_ImageAffine_u8_4ch_bl 000000018007c520 f   mlib_c_ImageAffine_BL.obj
 0001:0007bab0       mlib_ImageAffine_s16_1ch_bl 000000018007cab0 f   mlib_c_ImageAffine_BL_S16.obj
 0001:0007bdd0       mlib_ImageAffine_s16_2ch_bl 000000018007cdd0 f   mlib_c_ImageAffine_BL_S16.obj
 0001:0007c1c0       mlib_ImageAffine_s16_3ch_bl 000000018007d1c0 f   mlib_c_ImageAffine_BL_S16.obj
 0001:0007c6a0       mlib_ImageAffine_s16_4ch_bl 000000018007d6a0 f   mlib_c_ImageAffine_BL_S16.obj
 0001:0007ccb0       mlib_ImageAffine_u16_1ch_bl 000000018007dcb0 f   mlib_c_ImageAffine_BL_U16.obj
 0001:0007cfd0       mlib_ImageAffine_u16_2ch_bl 000000018007dfd0 f   mlib_c_ImageAffine_BL_U16.obj
 0001:0007d3c0       mlib_ImageAffine_u16_3ch_bl 000000018007e3c0 f   mlib_c_ImageAffine_BL_U16.obj
 0001:0007d8a0       mlib_ImageAffine_u16_4ch_bl 000000018007e8a0 f   mlib_c_ImageAffine_BL_U16.obj
 0001:0007deb0       mlib_ImageAffine_u8_1ch_nn 000000018007eeb0 f   mlib_c_ImageAffine_NN.obj
 0001:0007dfb0       mlib_ImageAffine_u8_2ch_nn 000000018007efb0 f   mlib_c_ImageAffine_NN.obj
 0001:0007e170       mlib_ImageAffine_u8_3ch_nn 000000018007f170 f   mlib_c_ImageAffine_NN.obj
 0001:0007e370       mlib_ImageAffine_u8_4ch_nn 000000018007f370 f   mlib_c_ImageAffine_NN.obj
 0001:0007e5b0       mlib_ImageAffine_s16_1ch_nn 000000018007f5b0 f   mlib_c_ImageAffine_NN.obj
 0001:0007e720       mlib_ImageAffine_s16_2ch_nn 000000018007f720 f   mlib_c_ImageAffine_NN.obj
 0001:0007e8e0       mlib_ImageAffine_s16_3ch_nn 000000018007f8e0 f   mlib_c_ImageAffine_NN.obj
 0001:0007eaf0       mlib_ImageAffine_s16_4ch_nn 000000018007faf0 f   mlib_c_ImageAffine_NN.obj
 0001:0007ed40       mlib_ImageConvClearEdge    000000018007fd40 f   mlib_c_ImageConvClearEdge.obj
 0001:0007f400       mlib_ImageConvZeroEdge     0000000180080400 f   mlib_c_ImageConvClearEdge.obj
 0001:0007f4b0       mlib_ImageConvCopyEdge     00000001800804b0 f   mlib_c_ImageConvCopyEdge.obj
 0001:000805d0       mlib_ImageConvVersion      00000001800815d0 f   mlib_c_ImageConvVersion.obj
 0001:00080660       mlib_convMxNnw_u8          0000000180081660 f   mlib_c_ImageConv_f.obj
 0001:00080710       mlib_convMxNext_u8         0000000180081710 f   mlib_c_ImageConv_f.obj
 0001:000807d0       mlib_ImageCopy_na          00000001800817d0 f   mlib_c_ImageCopy.obj
 0001:000809f0       j2d_mlib_ImageLookUp       00000001800819f0 f   mlib_c_ImageLookUp.obj
 0001:000814c0       mlib_c_ImageLookUp_U8_U8   00000001800824c0 f   mlib_c_ImageLookUp_f.obj
 0001:00082480       mlib_c_ImageLookUp_S16_U8  0000000180083480 f   mlib_c_ImageLookUp_f.obj
 0001:000827a0       mlib_c_ImageLookUp_U16_U8  00000001800837a0 f   mlib_c_ImageLookUp_f.obj
 0001:00082ad0       mlib_c_ImageLookUp_S32_U8  0000000180083ad0 f   mlib_c_ImageLookUp_f.obj
 0001:00082dc0       mlib_c_ImageLookUp_U8_S16  0000000180083dc0 f   mlib_c_ImageLookUp_f.obj
 0001:00084020       mlib_c_ImageLookUp_S16_S16 0000000180085020 f   mlib_c_ImageLookUp_f.obj
 0001:00084300       mlib_c_ImageLookUp_U16_S16 0000000180085300 f   mlib_c_ImageLookUp_f.obj
 0001:00084610       mlib_c_ImageLookUp_S32_S16 0000000180085610 f   mlib_c_ImageLookUp_f.obj
 0001:00084960       mlib_c_ImageLookUp_S16_U16 0000000180085960 f   mlib_c_ImageLookUp_f.obj
 0001:00084c40       mlib_c_ImageLookUp_U16_U16 0000000180085c40 f   mlib_c_ImageLookUp_f.obj
 0001:00084f50       mlib_c_ImageLookUp_S32_U16 0000000180085f50 f   mlib_c_ImageLookUp_f.obj
 0001:000852a0       mlib_c_ImageLookUp_U8_S32  00000001800862a0 f   mlib_c_ImageLookUp_f.obj
 0001:00085db0       mlib_c_ImageLookUp_S16_S32 0000000180086db0 f   mlib_c_ImageLookUp_f.obj
 0001:000860e0       mlib_c_ImageLookUp_U16_S32 00000001800870e0 f   mlib_c_ImageLookUp_f.obj
 0001:00086410       mlib_c_ImageLookUp_S32_S32 0000000180087410 f   mlib_c_ImageLookUp_f.obj
 0001:000866f0       mlib_c_ImageLookUpSI_U8_U8 00000001800876f0 f   mlib_c_ImageLookUp_f.obj
 0001:00087220       mlib_c_ImageLookUpSI_S16_U8 0000000180088220 f   mlib_c_ImageLookUp_f.obj
 0001:00088550       mlib_c_ImageLookUpSI_U16_U8 0000000180089550 f   mlib_c_ImageLookUp_f.obj
 0001:00088c70       mlib_c_ImageLookUpSI_S32_U8 0000000180089c70 f   mlib_c_ImageLookUp_f.obj
 0001:00088ec0       mlib_c_ImageLookUpSI_U8_S16 0000000180089ec0 f   mlib_c_ImageLookUp_f.obj
 0001:000899b0       mlib_c_ImageLookUpSI_S16_S16 000000018008a9b0 f   mlib_c_ImageLookUp_f.obj
 0001:00089c40       mlib_c_ImageLookUpSI_U16_S16 000000018008ac40 f   mlib_c_ImageLookUp_f.obj
 0001:00089eb0       mlib_c_ImageLookUpSI_S32_S16 000000018008aeb0 f   mlib_c_ImageLookUp_f.obj
 0001:0008a130       mlib_c_ImageLookUpSI_S16_U16 000000018008b130 f   mlib_c_ImageLookUp_f.obj
 0001:0008a3c0       mlib_c_ImageLookUpSI_U16_U16 000000018008b3c0 f   mlib_c_ImageLookUp_f.obj
 0001:0008a630       mlib_c_ImageLookUpSI_S32_U16 000000018008b630 f   mlib_c_ImageLookUp_f.obj
 0001:0008a8b0       mlib_c_ImageLookUpSI_U8_S32 000000018008b8b0 f   mlib_c_ImageLookUp_f.obj
 0001:0008b210       mlib_c_ImageLookUpSI_S16_S32 000000018008c210 f   mlib_c_ImageLookUp_f.obj
 0001:0008b480       mlib_c_ImageLookUpSI_U16_S32 000000018008c480 f   mlib_c_ImageLookUp_f.obj
 0001:0008b6e0       mlib_c_ImageLookUpSI_S32_S32 000000018008c6e0 f   mlib_c_ImageLookUp_f.obj
 0001:0008b950       mlib_malloc                000000018008c950 f   mlib_sys.obj
 0001:0008b960       mlib_free                  000000018008c960 f   mlib_sys.obj
 0001:0008b968       __GSHandlerCheckCommon     000000018008c968 f   MSVCRT:gshandler.obj
 0001:0008b9cc       __GSHandlerCheck           000000018008c9cc f   MSVCRT:gshandler.obj
 0001:0008ba00       __security_check_cookie    000000018008ca00 f   MSVCRT:amdsecgs.obj
 0001:0008ba20       memset                     000000018008ca20 f   MSVCRT:MSVCR100.dll
 0001:0008ba40       __chkstk                   000000018008ca40 f   MSVCRT:chkstk.obj
 0001:0008ba40       _alloca_probe              000000018008ca40     MSVCRT:chkstk.obj
 0001:0008ba8e       memcpy                     000000018008ca8e f   MSVCRT:MSVCR100.dll
 0001:0008baf4       _CRT_INIT                  000000018008caf4 f   MSVCRT:crtdll.obj
 0001:0008be8c       _DllMainCRTStartup         000000018008ce8c f   MSVCRT:crtdll.obj
 0001:0008becc       __report_gsfailure         000000018008cecc f   MSVCRT:gs_report.obj
 0001:0008c018       __clean_type_info_names    000000018008d018 f   MSVCRT:tncleanup.obj
 0001:0008c024       _onexit                    000000018008d024 f   MSVCRT:atonexit.obj
 0001:0008c0d4       atexit                     000000018008d0d4 f   MSVCRT:atonexit.obj
 0001:0008c0ec       _RTC_Initialize            000000018008d0ec f   MSVCRT:_initsect_.obj
 0001:0008c124       _RTC_Terminate             000000018008d124 f   MSVCRT:_initsect_.obj
 0001:0008c160       _ValidateImageBase         000000018008d160 f   MSVCRT:pesect.obj
 0001:0008c190       _FindPESection             000000018008d190 f   MSVCRT:pesect.obj
 0001:0008c1e0       _IsNonwritableInCurrentImage 000000018008d1e0 f   MSVCRT:pesect.obj
 0001:0008c222       _initterm                  000000018008d222 f   MSVCRT:MSVCR100.dll
 0001:0008c228       _initterm_e                000000018008d228 f   MSVCRT:MSVCR100.dll
 0001:0008c22e       _amsg_exit                 000000018008d22e f   MSVCRT:MSVCR100.dll
 0001:0008c234       __C_specific_handler       000000018008d234 f   MSVCRT:MSVCR100.dll
 0001:0008c23a       __CppXcptFilter            000000018008d23a f   MSVCRT:MSVCR100.dll
 0001:0008c240       DllMain                    000000018008d240 f   MSVCRT:dllmain.obj
 0001:0008c264       __security_init_cookie     000000018008d264 f   MSVCRT:gs_support.obj
 0001:0008c318       __crt_debugger_hook        000000018008d318 f   MSVCRT:MSVCR100.dll
 0001:0008c31e       __clean_type_info_names_internal 000000018008d31e f   MSVCRT:MSVCR100.dll
 0001:0008c324       _unlock                    000000018008d324 f   MSVCRT:MSVCR100.dll
 0001:0008c32a       __dllonexit                000000018008d32a f   MSVCRT:MSVCR100.dll
 0001:0008c330       _lock                      000000018008d330 f   MSVCRT:MSVCR100.dll
 0001:0008c336       RtlVirtualUnwind           000000018008d336 f   kernel32:KERNEL32.dll
 0001:0008c33c       RtlLookupFunctionEntry     000000018008d33c f   kernel32:KERNEL32.dll
 0002:00000000       __imp_GetCurrentProcessId  000000018008e000     kernel32:KERNEL32.dll
 0002:00000008       __imp_GetCurrentThreadId   000000018008e008     kernel32:KERNEL32.dll
 0002:00000010       __imp_GetTickCount         000000018008e010     kernel32:KERNEL32.dll
 0002:00000018       __imp_QueryPerformanceCounter 000000018008e018     kernel32:KERNEL32.dll
 0002:00000020       __imp_DisableThreadLibraryCalls 000000018008e020     kernel32:KERNEL32.dll
 0002:00000028       __imp_RtlCaptureContext    000000018008e028     kernel32:KERNEL32.dll
 0002:00000030       __imp_RtlLookupFunctionEntry 000000018008e030     kernel32:KERNEL32.dll
 0002:00000038       __imp_RtlVirtualUnwind     000000018008e038     kernel32:KERNEL32.dll
 0002:00000040       __imp_IsDebuggerPresent    000000018008e040     kernel32:KERNEL32.dll
 0002:00000048       __imp_SetUnhandledExceptionFilter 000000018008e048     kernel32:KERNEL32.dll
 0002:00000050       __imp_UnhandledExceptionFilter 000000018008e050     kernel32:KERNEL32.dll
 0002:00000058       __imp_GetCurrentProcess    000000018008e058     kernel32:KERNEL32.dll
 0002:00000060       __imp_TerminateProcess     000000018008e060     kernel32:KERNEL32.dll
 0002:00000068       __imp_Sleep                000000018008e068     kernel32:KERNEL32.dll
 0002:00000070       __imp_DecodePointer        000000018008e070     kernel32:KERNEL32.dll
 0002:00000078       __imp_EncodePointer        000000018008e078     kernel32:KERNEL32.dll
 0002:00000080       __imp_GetSystemTimeAsFileTime 000000018008e080     kernel32:KERNEL32.dll
 0002:00000088       \177KERNEL32_NULL_THUNK_DATA 000000018008e088     kernel32:KERNEL32.dll
 0002:00000090       __imp__unlock              000000018008e090     MSVCRT:MSVCR100.dll
 0002:00000098       __imp___clean_type_info_names_internal 000000018008e098     MSVCRT:MSVCR100.dll
 0002:000000a0       __imp__lock                000000018008e0a0     MSVCRT:MSVCR100.dll
 0002:000000a8       __imp__onexit              000000018008e0a8     MSVCRT:MSVCR100.dll
 0002:000000b0       __imp___crt_debugger_hook  000000018008e0b0     MSVCRT:MSVCR100.dll
 0002:000000b8       __imp___CppXcptFilter      000000018008e0b8     MSVCRT:MSVCR100.dll
 0002:000000c0       __imp___C_specific_handler 000000018008e0c0     MSVCRT:MSVCR100.dll
 0002:000000c8       __imp__amsg_exit           000000018008e0c8     MSVCRT:MSVCR100.dll
 0002:000000d0       __imp__encoded_null        000000018008e0d0     MSVCRT:MSVCR100.dll
 0002:000000d8       __imp__initterm_e          000000018008e0d8     MSVCRT:MSVCR100.dll
 0002:000000e0       __imp__initterm            000000018008e0e0     MSVCRT:MSVCR100.dll
 0002:000000e8       __imp__malloc_crt          000000018008e0e8     MSVCRT:MSVCR100.dll
 0002:000000f0       __imp_free                 000000018008e0f0     MSVCRT:MSVCR100.dll
 0002:000000f8       __imp_malloc               000000018008e0f8     MSVCRT:MSVCR100.dll
 0002:00000100       __imp_memcpy               000000018008e100     MSVCRT:MSVCR100.dll
 0002:00000108       __imp___dllonexit          000000018008e108     MSVCRT:MSVCR100.dll
 0002:00000110       __imp_memset               000000018008e110     MSVCRT:MSVCR100.dll
 0002:00000118       \177MSVCR100_NULL_THUNK_DATA 000000018008e118     MSVCRT:MSVCR100.dll
 0002:00000120       __xc_a                     000000018008e120     MSVCRT:cinitexe.obj
 0002:00000128       __xc_z                     000000018008e128     MSVCRT:cinitexe.obj
 0002:00000130       __xi_a                     000000018008e130     MSVCRT:cinitexe.obj
 0002:00000140       __xi_z                     000000018008e140     MSVCRT:cinitexe.obj
 0002:00000170       mlib_AffineFunArr_nn       000000018008e170     mlib_ImageAffine.obj
 0002:000001f0       mlib_AffineFunArr_bl       000000018008e1f0     mlib_ImageAffine.obj
 0002:000002b0       mlib_AffineFunArr_bc       000000018008e2b0     mlib_ImageAffine.obj
 0002:00000370       mlib_AffineFunArr_bc_i     000000018008e370     mlib_ImageAffine.obj
 0002:000003b0       __real@3ff0000000000000    000000018008e3b0     mlib_ImageAffineEdge.obj
 0002:000003b8       __real@3ef0000000000000    000000018008e3b8     mlib_ImageAffineEdge.obj
 0002:000003c0       __real@4000000000000000    000000018008e3c0     mlib_ImageAffineEdge.obj
 0002:000003c8       __real@4004000000000000    000000018008e3c8     mlib_ImageAffineEdge.obj
 0002:000003d0       __real@4008000000000000    000000018008e3d0     mlib_ImageAffineEdge.obj
 0002:000003d8       __real@3fe0000000000000    000000018008e3d8     mlib_ImageAffineEdge.obj
 0002:000003e0       __real@c1e0000000000000    000000018008e3e0     mlib_ImageAffineEdge.obj
 0002:000003e8       __real@41dfffffffc00000    000000018008e3e8     mlib_ImageAffineEdge.obj
 0002:000003f0       __real@41dfffe000000000    000000018008e3f0     mlib_ImageAffineEdge.obj
 0002:000003f8       __real@41dfe00000000000    000000018008e3f8     mlib_ImageAffineEdge.obj
 0002:00000400       __real@40200000            000000018008e400     mlib_ImageAffine_BC_F32.obj
 0002:00000404       __real@3f000000            000000018008e404     mlib_ImageAffine_BC_F32.obj
 0002:00000408       __real@40000000            000000018008e408     mlib_ImageAffine_BC_F32.obj
 0002:0000040c       __real@3f800000            000000018008e40c     mlib_ImageAffine_BC_F32.obj
 0002:00000410       __real@37800000            000000018008e410     mlib_ImageAffine_BC_F32.obj
 0002:00000414       __real@40400000            000000018008e414     mlib_ImageAffine_BC_F32.obj
 0002:00000418       __real@bfc0000000000000    000000018008e418     mlib_ImageColorTrue2Index.obj
 0002:00000420       __real@3e10000000000000    000000018008e420     mlib_ImageConv2x2_f.obj
 0002:00000428       __real@40f0000000000000    000000018008e428     mlib_ImageConv2x2_f.obj
 0002:00000430       __real@41e0000000000000    000000018008e430     mlib_ImageConv2x2_f.obj
 0002:00000438       __real@4170000000000000    000000018008e438     mlib_ImageConv2x2_f.obj
 0002:00000440       __real@41d0000000000000    000000018008e440     mlib_ImageConvKernelConvert.obj
 0002:00000450       __mask@@AbsDouble@         000000018008e450     mlib_ImageConvKernelConvert.obj
 0002:00000460       __real@3f10000000000000    000000018008e460     mlib_ImageConv_16ext.obj
 0002:00000468       __real@3f90000000000000    000000018008e468     mlib_ImageConv_8ext.obj
 0002:00000470       mlib_div6_tab              000000018008e470     mlib_ImageDivTables.obj
 0002:00000670       mlib_div1_tab              000000018008e670     mlib_ImageDivTables.obj
 0002:00000870       mlib_HSL2RGB_L2            000000018008e870     mlib_ImageDivTables.obj
 0002:00000c70       mlib_HSL2RGB_F             000000018008ec70     mlib_ImageDivTables.obj
 0002:00001070       mlib_U82F32                000000018008f070     mlib_ImageDivTables.obj
 0002:00001480       mlib_U82D64                000000018008f480     mlib_ImageDivTables.obj
 0002:00001c90       mlib_FlipAndFixRotateTable 000000018008fc90     mlib_ImageDivTables.obj
 0002:00002490       mlib_filters_u8f_bc        0000000180090490     mlib_ImageFilters.obj
 0002:00003490       mlib_filters_u8f_bc2       0000000180091490     mlib_ImageFilters.obj
 0002:00004490       mlib_filters_s16f_bc       0000000180092490     mlib_ImageFilters.obj
 0002:00006490       mlib_filters_s16f_bc2      0000000180094490     mlib_ImageFilters.obj
 0002:00008490       mlib_filters_u8_bc         0000000180096490     mlib_ImageFilters.obj
 0002:00008c90       mlib_filters_u8_bc2        0000000180096c90     mlib_ImageFilters.obj
 0002:00009490       mlib_filters_s16_bc        0000000180097490     mlib_ImageFilters.obj
 0002:0000a490       mlib_filters_s16_bc2       0000000180098490     mlib_ImageFilters.obj
 0002:0000b510       __mask@@NegDouble@         0000000180099510     mlib_ImageScanPoly.obj
 0002:0000b520       __real@bfe0000000000000    0000000180099520     mlib_ImageScanPoly.obj
 0002:0000b528       __real@4330000000000000    0000000180099528     mlib_ImageUtils.obj
 0002:0000b530       __real@0000000000000000    0000000180099530     mlib_ImageUtils.obj
 0002:0000b540       mlib_AffineFunArr_bl_i     0000000180099540     mlib_c_ImageAffineIndex_BL.obj
 0002:0000b580       __real@4040000000000000    0000000180099580     mlib_c_ImageConvVersion.obj
 0002:0000b588       __real@4020000000000000    0000000180099588     mlib_c_ImageConvVersion.obj
 0002:0000b590       __real@40e0000000000000    0000000180099590     mlib_c_ImageConvVersion.obj
 0002:0000b598       _pRawDllMain               0000000180099598     MSVCRT:crtdll.obj
 0002:0000b598       _pDefaultRawDllMain        0000000180099598     MSVCRT:crtdll.obj
 0002:0000b630       __rtc_iaa                  0000000180099630     MSVCRT:_initsect_.obj
 0002:0000b638       __rtc_izz                  0000000180099638     MSVCRT:_initsect_.obj
 0002:0000b640       __rtc_taa                  0000000180099640     MSVCRT:_initsect_.obj
 0002:0000b648       __rtc_tzz                  0000000180099648     MSVCRT:_initsect_.obj
 0002:0000e990       __IMPORT_DESCRIPTOR_MSVCR100 000000018009c990     MSVCRT:MSVCR100.dll
 0002:0000e9a4       __IMPORT_DESCRIPTOR_KERNEL32 000000018009c9a4     kernel32:KERNEL32.dll
 0002:0000e9b8       __NULL_IMPORT_DESCRIPTOR   000000018009c9b8     MSVCRT:MSVCR100.dll
 0003:000002c0       __security_cookie          000000018009d2c0     MSVCRT:gs_cookie.obj
 0003:000002c8       __security_cookie_complement 000000018009d2c8     MSVCRT:gs_cookie.obj
 0003:000002d0       _fltused                   000000018009d2d0     MSVCRT:dllsupp.obj
 0003:000002e0       __native_dllmain_reason    000000018009d2e0     MSVCRT:natstart.obj
 0003:000002e4       __native_vcclrit_reason    000000018009d2e4     MSVCRT:natstart.obj
 0003:00000870       ?__type_info_root_node@@3U__type_info_node@@A 000000018009d870     MSVCRT:tncleanup.obj
 0003:00000880       __native_startup_state     000000018009d880     <common>
 0003:00000888       __native_startup_lock      000000018009d888     <common>
 0003:00000890       __onexitend                000000018009d890     <common>
 0003:00000898       __onexitbegin              000000018009d898     <common>
 0003:000008a0       __dyn_tls_init_callback    000000018009d8a0     <common>

 entry point at        0001:0008be8c

 Static symbols

 0001:00044cd0       mlib_ImageConvMxNMulAdd_F32 0000000180045cd0 f   mlib_ImageConvMxN_Fp.obj
 0001:00045460       mlib_ImageConvMxNF322F32_ext 0000000180046460 f   mlib_ImageConvMxN_Fp.obj
 0001:00045950       mlib_ImageConvMxNMulAdd_D64 0000000180046950 f   mlib_ImageConvMxN_Fp.obj
 0001:000460e0       mlib_ImageConvMxND642D64_ext 00000001800470e0 f   mlib_ImageConvMxN_Fp.obj
 0001:000465f0       mlib_ImageConvMxNMulAdd_S32 00000001800475f0 f   mlib_ImageConvMxN_ext.obj
 0001:00046910       mlib_ImageConvMxNS322S32_ext 0000000180047910 f   mlib_ImageConvMxN_ext.obj
 0001:00046f50       mlib_ImageConv1xN_ext      0000000180047f50 f   mlib_ImageConv_16ext.obj
 0001:0004b8a0       mlib_ImageConv1xN          000000018004c8a0 f   mlib_ImageConv_16nw.obj
 0001:0004f130       mlib_ImageConv1xN          0000000180050130 f   mlib_ImageConv_32nw.obj
 0001:00051650       mlib_ImageConv1xN_ext      0000000180052650 f   mlib_ImageConv_8ext.obj
 0001:00055f10       mlib_ImageConv1xN          0000000180056f10 f   mlib_ImageConv_8nw.obj
 0001:00059720       mlib_ImageConv1xN          000000018005a720 f   mlib_ImageConv_D64nw.obj
 0001:0005af50       mlib_ImageConv1xN          000000018005bf50 f   mlib_ImageConv_F32nw.obj
 0001:0005c820       mlib_ImageConv1xN_ext      000000018005d820 f   mlib_ImageConv_u16ext.obj
 0001:000612d0       mlib_ImageConv1xN          00000001800622d0 f   mlib_ImageConv_u16nw.obj
 0001:0008ba94       pre_c_init                 000000018008ca94 f   MSVCRT:crtdll.obj
 0001:0008bd50       __DllMainCRTStartup        000000018008cd50 f   MSVCRT:crtdll.obj
 0001:0008c350       __DllMainCRTStartup$filt$0 000000018008d350 f   MSVCRT:crtdll.obj
 0001:0008c380       __DllMainCRTStartup$fin$1  000000018008d380 f   MSVCRT:crtdll.obj
 0001:0008c39a       _onexit$fin$0              000000018008d39a f   MSVCRT:atonexit.obj
 0001:0008c3c0       _IsNonwritableInCurrentImage$filt$0 000000018008d3c0 f   MSVCRT:pesect.obj
