 dt_shmem

 Timestamp is 60b79cdd (Wed Jun 02 15:59:41 2021)

 Preferred load address is 0000000180000000

 Start         Length     Name                   Class
 0001:00000000 00003792H .text                   CODE
 0001:000037a0 00000092H .text$x                 CODE
 0002:00000000 000001e8H .idata$5                DATA
 0002:000001e8 00000008H .CRT$XCA                DATA
 0002:000001f0 00000008H .CRT$XCZ                DATA
 0002:000001f8 00000008H .CRT$XIA                DATA
 0002:00000200 00000008H .CRT$XIAA               DATA
 0002:00000208 00000008H .CRT$XIZ                DATA
 0002:00000210 00000658H .rdata                  DATA
 0002:00000868 00000079H .rdata$debug            DATA
 0002:000008e8 00000008H .rtc$IAA                DATA
 0002:000008f0 00000008H .rtc$IZZ                DATA
 0002:000008f8 00000008H .rtc$TAA                DATA
 0002:00000900 00000008H .rtc$TZZ                DATA
 0002:00000908 000002b8H .xdata                  DATA
 0002:00000bc0 00000028H .idata$2                DATA
 0002:00000be8 00000014H .idata$3                DATA
 0002:00000c00 000001e8H .idata$4                DATA
 0002:00000de8 000003eeH .idata$6                DATA
 0002:000011e0 00000358H .edata                  DATA
 0003:00000000 00000038H .data                   DATA
 0003:00000040 00000658H .bss                    DATA
 0004:00000000 00000414H .pdata                  DATA
 0005:00000000 00000058H .rsrc$01                DATA
 0005:00000060 00000360H .rsrc$02                DATA

  Address         Publics by Value              Rva+Base               Lib:Object

 0000:00000000       ___safe_se_handler_table   0000000000000000     <absolute>
 0000:00000000       ___safe_se_handler_count   0000000000000000     <absolute>
 0000:00000000       __ImageBase                0000000180000000     <linker-defined>
 0001:00000228       Java_com_sun_tools_jdi_SharedMemoryConnection_close0 0000000180001228 f   SharedMemoryConnection.obj
 0001:00000230       Java_com_sun_tools_jdi_SharedMemoryConnection_receiveByte0 0000000180001230 f   SharedMemoryConnection.obj
 0001:0000026c       Java_com_sun_tools_jdi_SharedMemoryConnection_receivePacket0 000000018000126c f   SharedMemoryConnection.obj
 0001:000002c4       Java_com_sun_tools_jdi_SharedMemoryConnection_sendByte0 00000001800012c4 f   SharedMemoryConnection.obj
 0001:000002f4       Java_com_sun_tools_jdi_SharedMemoryConnection_sendPacket0 00000001800012f4 f   SharedMemoryConnection.obj
 0001:00000498       throwException             0000000180001498 f   SharedMemoryTransport.obj
 0001:000004e4       throwShmemException        00000001800014e4 f   SharedMemoryTransport.obj
 0001:00000578       Java_com_sun_tools_jdi_SharedMemoryTransportService_accept0 0000000180001578 f   SharedMemoryTransport.obj
 0001:000005dc       Java_com_sun_tools_jdi_SharedMemoryTransportService_attach0 00000001800015dc f   SharedMemoryTransport.obj
 0001:0000068c       Java_com_sun_tools_jdi_SharedMemoryTransportService_name 000000018000168c f   SharedMemoryTransport.obj
 0001:00000708       Java_com_sun_tools_jdi_SharedMemoryTransportService_initialize 0000000180001708 f   SharedMemoryTransport.obj
 0001:00000760       Java_com_sun_tools_jdi_SharedMemoryTransportService_startListening0 0000000180001760 f   SharedMemoryTransport.obj
 0001:00000810       Java_com_sun_tools_jdi_SharedMemoryTransportService_stopListening0 0000000180001810 f   SharedMemoryTransport.obj
 0001:00000dc4       jdwpTransport_OnLoad       0000000180001dc4 f   shmemBack.obj
 0001:00000fc4       shmemBase_initialize       0000000180001fc4 f   shmemBase.obj
 0001:00001a00       shmemBase_listen           0000000180002a00 f   shmemBase.obj
 0001:00001a40       shmemBase_accept           0000000180002a40 f   shmemBase.obj
 0001:00001b00       shmemBase_attach           0000000180002b00 f   shmemBase.obj
 0001:00001cf0       shmemBase_closeConnection  0000000180002cf0 f   shmemBase.obj
 0001:00001d0c       shmemBase_closeTransport   0000000180002d0c f   shmemBase.obj
 0001:00001d28       shmemBase_name             0000000180002d28 f   shmemBase.obj
 0001:00001d30       shmemBase_getlasterror     0000000180002d30 f   shmemBase.obj
 0001:00001d64       exitTransportWithError     0000000180002d64 f   shmemBase.obj
 0001:00001e0c       shmemBase_sendByte         0000000180002e0c f   shmemBase.obj
 0001:00001f88       shmemBase_receiveByte      0000000180002f88 f   shmemBase.obj
 0001:000022ec       shmemBase_sendPacket       00000001800032ec f   shmemBase.obj
 0001:000025e0       shmemBase_receivePacket    00000001800035e0 f   shmemBase.obj
 0001:00002700       sysSharedMemCreate         0000000180003700 f   shmem_md.obj
 0001:00002810       sysSharedMemOpen           0000000180003810 f   shmem_md.obj
 0001:000028cc       sysSharedMemClose          00000001800038cc f   shmem_md.obj
 0001:00002904       sysIPMutexCreate           0000000180003904 f   shmem_md.obj
 0001:000029a8       sysIPMutexOpen             00000001800039a8 f   shmem_md.obj
 0001:00002a2c       sysIPMutexEnter            0000000180003a2c f   shmem_md.obj
 0001:00002a88       sysIPMutexExit             0000000180003a88 f   shmem_md.obj
 0001:00002ad0       sysEventCreate             0000000180003ad0 f   shmem_md.obj
 0001:00002b64       sysEventOpen               0000000180003b64 f   shmem_md.obj
 0001:00002be8       sysEventWait               0000000180003be8 f   shmem_md.obj
 0001:00002c88       sysEventSignal             0000000180003c88 f   shmem_md.obj
 0001:00002cd0       sysIPMutexClose            0000000180003cd0 f   shmem_md.obj
 0001:00002cd0       sysProcessClose            0000000180003cd0 f   shmem_md.obj
 0001:00002cd0       sysEventClose              0000000180003cd0 f   shmem_md.obj
 0001:00002ce8       sysProcessGetID            0000000180003ce8 f   shmem_md.obj
 0001:00002cfc       sysProcessOpen             0000000180003cfc f   shmem_md.obj
 0001:00002d5c       sysGetLastError            0000000180003d5c f   shmem_md.obj
 0001:00002de0       sysTlsAlloc                0000000180003de0 f   shmem_md.obj
 0001:00002de8       sysTlsPut                  0000000180003de8 f   shmem_md.obj
 0001:00002df0       sysTlsGet                  0000000180003df0 f   shmem_md.obj
 0001:00002df8       sysSleep                   0000000180003df8 f   shmem_md.obj
 0001:00002e00       __GSHandlerCheckCommon     0000000180003e00 f   MSVCRT:gshandler.obj
 0001:00002e64       __GSHandlerCheck           0000000180003e64 f   MSVCRT:gshandler.obj
 0001:00002e82       free                       0000000180003e82 f   MSVCRT:MSVCR100.dll
 0001:00002ea0       __security_check_cookie    0000000180003ea0 f   MSVCRT:amdsecgs.obj
 0001:00002ec0       strcat                     0000000180003ec0 f   MSVCRT:MSVCR100.dll
 0001:00002ec6       strcpy                     0000000180003ec6 f   MSVCRT:MSVCR100.dll
 0001:00002ecc       strlen                     0000000180003ecc f   MSVCRT:MSVCR100.dll
 0001:00002ed2       memset                     0000000180003ed2 f   MSVCRT:MSVCR100.dll
 0001:00002ed8       memcpy                     0000000180003ed8 f   MSVCRT:MSVCR100.dll
 0001:00002f40       _CRT_INIT                  0000000180003f40 f   MSVCRT:crtdll.obj
 0001:000032d8       _DllMainCRTStartup         00000001800042d8 f   MSVCRT:crtdll.obj
 0001:00003318       __report_gsfailure         0000000180004318 f   MSVCRT:gs_report.obj
 0001:00003464       __clean_type_info_names    0000000180004464 f   MSVCRT:tncleanup.obj
 0001:00003470       _onexit                    0000000180004470 f   MSVCRT:atonexit.obj
 0001:00003520       atexit                     0000000180004520 f   MSVCRT:atonexit.obj
 0001:00003538       _RTC_Initialize            0000000180004538 f   MSVCRT:_initsect_.obj
 0001:00003570       _RTC_Terminate             0000000180004570 f   MSVCRT:_initsect_.obj
 0001:000035b0       _ValidateImageBase         00000001800045b0 f   MSVCRT:pesect.obj
 0001:000035e0       _FindPESection             00000001800045e0 f   MSVCRT:pesect.obj
 0001:00003630       _IsNonwritableInCurrentImage 0000000180004630 f   MSVCRT:pesect.obj
 0001:00003672       _initterm                  0000000180004672 f   MSVCRT:MSVCR100.dll
 0001:00003678       _initterm_e                0000000180004678 f   MSVCRT:MSVCR100.dll
 0001:0000367e       _amsg_exit                 000000018000467e f   MSVCRT:MSVCR100.dll
 0001:00003684       __C_specific_handler       0000000180004684 f   MSVCRT:MSVCR100.dll
 0001:0000368a       __CppXcptFilter            000000018000468a f   MSVCRT:MSVCR100.dll
 0001:00003690       DllMain                    0000000180004690 f   MSVCRT:dllmain.obj
 0001:000036b4       __security_init_cookie     00000001800046b4 f   MSVCRT:gs_support.obj
 0001:00003768       __crt_debugger_hook        0000000180004768 f   MSVCRT:MSVCR100.dll
 0001:0000376e       __clean_type_info_names_internal 000000018000476e f   MSVCRT:MSVCR100.dll
 0001:00003774       _unlock                    0000000180004774 f   MSVCRT:MSVCR100.dll
 0001:0000377a       __dllonexit                000000018000477a f   MSVCRT:MSVCR100.dll
 0001:00003780       _lock                      0000000180004780 f   MSVCRT:MSVCR100.dll
 0001:00003786       RtlVirtualUnwind           0000000180004786 f   kernel32:KERNEL32.dll
 0001:0000378c       RtlLookupFunctionEntry     000000018000478c f   kernel32:KERNEL32.dll
 0002:00000000       __imp_CreateMutexA         0000000180005000     kernel32:KERNEL32.dll
 0002:00000008       __imp_GetSystemTimeAsFileTime 0000000180005008     kernel32:KERNEL32.dll
 0002:00000010       __imp_GetCurrentThreadId   0000000180005010     kernel32:KERNEL32.dll
 0002:00000018       __imp_GetTickCount         0000000180005018     kernel32:KERNEL32.dll
 0002:00000020       __imp_QueryPerformanceCounter 0000000180005020     kernel32:KERNEL32.dll
 0002:00000028       __imp_DisableThreadLibraryCalls 0000000180005028     kernel32:KERNEL32.dll
 0002:00000030       __imp_RtlCaptureContext    0000000180005030     kernel32:KERNEL32.dll
 0002:00000038       __imp_RtlLookupFunctionEntry 0000000180005038     kernel32:KERNEL32.dll
 0002:00000040       __imp_RtlVirtualUnwind     0000000180005040     kernel32:KERNEL32.dll
 0002:00000048       __imp_IsDebuggerPresent    0000000180005048     kernel32:KERNEL32.dll
 0002:00000050       __imp_SetUnhandledExceptionFilter 0000000180005050     kernel32:KERNEL32.dll
 0002:00000058       __imp_UnhandledExceptionFilter 0000000180005058     kernel32:KERNEL32.dll
 0002:00000060       __imp_GetCurrentProcess    0000000180005060     kernel32:KERNEL32.dll
 0002:00000068       __imp_TerminateProcess     0000000180005068     kernel32:KERNEL32.dll
 0002:00000070       __imp_DecodePointer        0000000180005070     kernel32:KERNEL32.dll
 0002:00000078       __imp_EncodePointer        0000000180005078     kernel32:KERNEL32.dll
 0002:00000080       __imp_Sleep                0000000180005080     kernel32:KERNEL32.dll
 0002:00000088       __imp_TlsGetValue          0000000180005088     kernel32:KERNEL32.dll
 0002:00000090       __imp_TlsSetValue          0000000180005090     kernel32:KERNEL32.dll
 0002:00000098       __imp_TlsAlloc             0000000180005098     kernel32:KERNEL32.dll
 0002:000000a0       __imp_FormatMessageA       00000001800050a0     kernel32:KERNEL32.dll
 0002:000000a8       __imp_OpenProcess          00000001800050a8     kernel32:KERNEL32.dll
 0002:000000b0       __imp_GetCurrentProcessId  00000001800050b0     kernel32:KERNEL32.dll
 0002:000000b8       __imp_SetEvent             00000001800050b8     kernel32:KERNEL32.dll
 0002:000000c0       __imp_CloseHandle          00000001800050c0     kernel32:KERNEL32.dll
 0002:000000c8       __imp_MapViewOfFile        00000001800050c8     kernel32:KERNEL32.dll
 0002:000000d0       __imp_GetLastError         00000001800050d0     kernel32:KERNEL32.dll
 0002:000000d8       __imp_CreateFileMappingA   00000001800050d8     kernel32:KERNEL32.dll
 0002:000000e0       __imp_OpenFileMappingA     00000001800050e0     kernel32:KERNEL32.dll
 0002:000000e8       __imp_UnmapViewOfFile      00000001800050e8     kernel32:KERNEL32.dll
 0002:000000f0       __imp_OpenMutexA           00000001800050f0     kernel32:KERNEL32.dll
 0002:000000f8       __imp_WaitForMultipleObjects 00000001800050f8     kernel32:KERNEL32.dll
 0002:00000100       __imp_ReleaseMutex         0000000180005100     kernel32:KERNEL32.dll
 0002:00000108       __imp_CreateEventA         0000000180005108     kernel32:KERNEL32.dll
 0002:00000110       __imp_OpenEventA           0000000180005110     kernel32:KERNEL32.dll
 0002:00000118       \177KERNEL32_NULL_THUNK_DATA 0000000180005118     kernel32:KERNEL32.dll
 0002:00000120       __imp__onexit              0000000180005120     MSVCRT:MSVCR100.dll
 0002:00000128       __imp__lock                0000000180005128     MSVCRT:MSVCR100.dll
 0002:00000130       __imp___dllonexit          0000000180005130     MSVCRT:MSVCR100.dll
 0002:00000138       __imp__unlock              0000000180005138     MSVCRT:MSVCR100.dll
 0002:00000140       __imp___clean_type_info_names_internal 0000000180005140     MSVCRT:MSVCR100.dll
 0002:00000148       __imp___crt_debugger_hook  0000000180005148     MSVCRT:MSVCR100.dll
 0002:00000150       __imp___CppXcptFilter      0000000180005150     MSVCRT:MSVCR100.dll
 0002:00000158       __imp___C_specific_handler 0000000180005158     MSVCRT:MSVCR100.dll
 0002:00000160       __imp__amsg_exit           0000000180005160     MSVCRT:MSVCR100.dll
 0002:00000168       __imp__encoded_null        0000000180005168     MSVCRT:MSVCR100.dll
 0002:00000170       __imp__initterm_e          0000000180005170     MSVCRT:MSVCR100.dll
 0002:00000178       __imp__initterm            0000000180005178     MSVCRT:MSVCR100.dll
 0002:00000180       __imp__malloc_crt          0000000180005180     MSVCRT:MSVCR100.dll
 0002:00000188       __imp_memcpy               0000000180005188     MSVCRT:MSVCR100.dll
 0002:00000190       __imp___iob_func           0000000180005190     MSVCRT:MSVCR100.dll
 0002:00000198       __imp_fprintf              0000000180005198     MSVCRT:MSVCR100.dll
 0002:000001a0       __imp_exit                 00000001800051a0     MSVCRT:MSVCR100.dll
 0002:000001a8       __imp_memset               00000001800051a8     MSVCRT:MSVCR100.dll
 0002:000001b0       __imp_strlen               00000001800051b0     MSVCRT:MSVCR100.dll
 0002:000001b8       __imp_strcpy               00000001800051b8     MSVCRT:MSVCR100.dll
 0002:000001c0       __imp_strcat               00000001800051c0     MSVCRT:MSVCR100.dll
 0002:000001c8       __imp_sprintf              00000001800051c8     MSVCRT:MSVCR100.dll
 0002:000001d0       __imp_malloc               00000001800051d0     MSVCRT:MSVCR100.dll
 0002:000001d8       __imp_free                 00000001800051d8     MSVCRT:MSVCR100.dll
 0002:000001e0       \177MSVCR100_NULL_THUNK_DATA 00000001800051e0     MSVCRT:MSVCR100.dll
 0002:000001e8       __xc_a                     00000001800051e8     MSVCRT:cinitexe.obj
 0002:000001f0       __xc_z                     00000001800051f0     MSVCRT:cinitexe.obj
 0002:000001f8       __xi_a                     00000001800051f8     MSVCRT:cinitexe.obj
 0002:00000208       __xi_z                     0000000180005208     MSVCRT:cinitexe.obj
 0002:00000230       ??_C@_0BL@ENCPOIKC@java?1lang?1OutOfMemoryError?$AA@ 0000000180005230     SharedMemoryConnection.obj
 0002:00000250       ??_C@_0CH@FGHFIGEK@Unable?5to?5allocate?5command?5data?5@ 0000000180005250     SharedMemoryConnection.obj
 0002:00000278       ??_C@_0BN@GKDBNBKE@shmemBase_receiveByte?5failed?$AA@ 0000000180005278     SharedMemoryConnection.obj
 0002:00000298       ??_C@_0BP@GCBMDGEM@shmemBase_receivePacket?5failed?$AA@ 0000000180005298     SharedMemoryConnection.obj
 0002:000002b8       ??_C@_0BK@GCMJFCKH@shmemBase_sendByte?5failed?$AA@ 00000001800052b8     SharedMemoryConnection.obj
 0002:000002d8       ??_C@_0BM@DNIALPON@shmemBase_sendPacket?5failed?$AA@ 00000001800052d8     SharedMemoryConnection.obj
 0002:000002f8       ??_C@_0BE@EBAPEBGJ@java?1io?1IOException?$AA@ 00000001800052f8     SharedMemoryTransport.obj
 0002:00000310       ??_C@_0BE@BGICDDI@?$CFs?0?5error?5code?5?$DN?5?$CFd?$AA@ 0000000180005310     SharedMemoryTransport.obj
 0002:00000328       ??_C@_07KJFPOMFC@?$CFs?3?5?$CFs?6?$AA@ 0000000180005328     SharedMemoryTransport.obj
 0002:00000330       ??_C@_0BI@DNEMIMH@shmemBase_accept?5failed?$AA@ 0000000180005330     SharedMemoryTransport.obj
 0002:00000348       ??_C@_0CO@OJENDKD@com?1sun?1jdi?1connect?1TransportTim@ 0000000180005348     SharedMemoryTransport.obj
 0002:00000378       ??_C@_0CL@CMFJILE@Timed?5out?5waiting?5for?5target?5VM?5@ 0000000180005378     SharedMemoryTransport.obj
 0002:000003a8       ??_C@_0BI@IEJEJEDK@shmemBase_attach?5failed?$AA@ 00000001800053a8     SharedMemoryTransport.obj
 0002:000003c0       ??_C@_0BI@NBLNIHIB@java?1lang?1InternalError?$AA@ 00000001800053c0     SharedMemoryTransport.obj
 0002:000003d8       ??_C@_0BJ@NLGKCLLD@GetStringUTFChars?5failed?$AA@ 00000001800053d8     SharedMemoryTransport.obj
 0002:000003f8       ??_C@_0BI@PCCHKLBL@Unable?5to?5create?5string?$AA@ 00000001800053f8     SharedMemoryTransport.obj
 0002:00000410       ??_C@_0BG@COKFEFGE@shmemBase_name?5failed?$AA@ 0000000180005410     SharedMemoryTransport.obj
 0002:00000428       ??_C@_0CN@KCBEAAHP@Unable?5to?5initialize?5Shared?5Memo@ 0000000180005428     SharedMemoryTransport.obj
 0002:00000458       ??_C@_0BJ@GGPEOBEL@Unable?5to?5access?5Java?5VM?$AA@ 0000000180005458     SharedMemoryTransport.obj
 0002:00000478       ??_C@_0BI@BFHIKKAO@shmemBase_listen?5failed?$AA@ 0000000180005478     SharedMemoryTransport.obj
 0002:00000490       ??_C@_02LMMGGCAJ@?3?5?$AA@ 0000000180005490     shmemBack.obj
 0002:00000498       ??_C@_0BO@DLHOCIOA@write?5failed?5during?5handshake?$AA@ 0000000180005498     shmemBack.obj
 0002:000004b8       ??_C@_0CA@FNAOCLFM@receive?5failed?5during?5handshake?$AA@ 00000001800054b8     shmemBack.obj
 0002:000004d8       ??_C@_0DE@NCLMDMAA@handshake?5failed?5?9?5debugger?5sent@ 00000001800054d8     shmemBack.obj
 0002:00000510       ??_C@_0P@FPMMELAG@JDWP?9Handshake?$AA@ 0000000180005510     shmemBack.obj
 0002:00000520       ??_C@_0CH@EKPBBNGK@already?5connected?5or?5already?5lis@ 0000000180005520     shmemBack.obj
 0002:00000548       ??_C@_0CI@DELJHAAL@failed?5to?5create?5shared?5memory?5l@ 0000000180005548     shmemBack.obj
 0002:00000570       ??_C@_0O@BNNCBLEN@out?5of?5memory?$AA@ 0000000180005570     shmemBack.obj
 0002:00000580       ??_C@_0CK@HDEPCDBJ@failed?5to?5accept?5shared?5memory?5c@ 0000000180005580     shmemBack.obj
 0002:000005b0       ??_C@_0CB@NHHBLIIK@Timed?5out?5waiting?5for?5connection@ 00000001800055b0     shmemBack.obj
 0002:000005d8       ??_C@_0BI@DIJAMALI@transport?5not?5listening?$AA@ 00000001800055d8     shmemBack.obj
 0002:000005f0       ??_C@_0BC@DFIBIBIL@already?5connected?$AA@ 00000001800055f0     shmemBack.obj
 0002:00000608       ??_C@_0CN@HHANKOFH@failed?5to?5attach?5to?5shared?5memor@ 0000000180005608     shmemBack.obj
 0002:00000638       ??_C@_0BM@PMJHMKDA@Timed?5out?5waiting?5to?5attach?$AA@ 0000000180005638     shmemBack.obj
 0002:00000658       ??_C@_0BE@OGCKBGHO@write?5packet?5failed?$AA@ 0000000180005658     shmemBack.obj
 0002:00000670       ??_C@_0O@GLMIBBEG@not?5connected?$AA@ 0000000180005670     shmemBack.obj
 0002:00000680       ??_C@_0P@BHAFPBHF@invalid?5length?$AA@ 0000000180005680     shmemBack.obj
 0002:00000690       ??_C@_0P@GOGFFADL@packet?5is?5null?$AA@ 0000000180005690     shmemBack.obj
 0002:000006a0       ??_C@_0BG@EJMBIBCA@receive?5packet?5failed?$AA@ 00000001800056a0     shmemBack.obj
 0002:000006b8       ??_C@_0BJ@HPOCGHOL@Other?5process?5terminated?$AA@ 00000001800056b8     shmemBase.obj
 0002:000006d8       ??_C@_09OGKCMDDI@Timed?5out?$AA@ 00000001800056d8     shmemBase.obj
 0002:000006e4       ??_C@_03KBEBNCEG@?4?$CFd?$AA@ 00000001800056e4     shmemBase.obj
 0002:000006e8       ??_C@_0O@KJIHJJJB@stream?5closed?$AA@ 00000001800056e8     shmemBase.obj
 0002:000006f8       ??_C@_0M@LGNPDLKN@?$CFs?4hasSpace?$AA@ 00000001800056f8     shmemBase.obj
 0002:00000708       ??_C@_0L@JGHAHNJJ@?$CFs?4hasData?$AA@ 0000000180005708     shmemBase.obj
 0002:00000718       ??_C@_08KEDCEGMK@?$CFs?4mutex?$AA@ 0000000180005718     shmemBase.obj
 0002:00000724       ??_C@_06NLOBBLFL@?$CFs?4?$CFld?$AA@ 0000000180005724     shmemBase.obj
 0002:0000072c       ??_C@_05CEOPCDLH@?4stoc?$AA@ 000000018000572c     shmemBase.obj
 0002:00000734       ??_C@_05OMNKGGE@?4ctos?$AA@ 0000000180005734     shmemBase.obj
 0002:00000740       ??_C@_0DO@DBCNLCMH@Error?3?5address?5strings?5longer?5th@ 0000000180005740     shmemBase.obj
 0002:00000780       ??_C@_09EFNMJKFA@?$CFs?4attach?$AA@ 0000000180005780     shmemBase.obj
 0002:00000790       ??_C@_09POLKDEMC@?$CFs?4accept?$AA@ 0000000180005790     shmemBase.obj
 0002:000007a0       ??_C@_09PNEIJELD@javadebug?$AA@ 00000001800057a0     shmemBase.obj
 0002:000007ac       ??_C@_02DKCKIIND@?$CFs?$AA@ 00000001800057ac     shmemBase.obj
 0002:000007b0       ??_C@_0DA@JFOKPOEA@Shared?5Memory?5Transport?5?$CC?$CFs?$CC?5?$CI?$CFs@ 00000001800057b0     shmemBase.obj
 0002:000007e0       ??_C@_0BB@DBHFCHNO@assertion?5failed?$AA@ 00000001800057e0     shmemBase.obj
 0002:000007f8       ??_C@_0M@JKFPJFKH@shmemBase?4c?$AA@ 00000001800057f8     shmemBase.obj
 0002:00000808       ??_C@_0M@JHIKNIMA@Jun?5?52?52021?$AA@ 0000000180005808     shmemBase.obj
 0002:00000818       ??_C@_0CC@JALKNLCF@?$CC?$CFs?$CC?0?5line?5?$CFd?3?5assertion?5failure@ 0000000180005818     shmem_md.obj
 0002:00000840       ??_C@_0L@LKPDOBGI@shmem_md?4c?$AA@ 0000000180005840     shmem_md.obj
 0002:00000850       _pRawDllMain               0000000180005850     MSVCRT:crtdll.obj
 0002:00000850       _pDefaultRawDllMain        0000000180005850     MSVCRT:crtdll.obj
 0002:000008e8       __rtc_iaa                  00000001800058e8     MSVCRT:_initsect_.obj
 0002:000008f0       __rtc_izz                  00000001800058f0     MSVCRT:_initsect_.obj
 0002:000008f8       __rtc_taa                  00000001800058f8     MSVCRT:_initsect_.obj
 0002:00000900       __rtc_tzz                  0000000180005900     MSVCRT:_initsect_.obj
 0002:00000bc0       __IMPORT_DESCRIPTOR_MSVCR100 0000000180005bc0     MSVCRT:MSVCR100.dll
 0002:00000bd4       __IMPORT_DESCRIPTOR_KERNEL32 0000000180005bd4     kernel32:KERNEL32.dll
 0002:00000be8       __NULL_IMPORT_DESCRIPTOR   0000000180005be8     MSVCRT:MSVCR100.dll
 0003:00000018       __security_cookie          0000000180007018     MSVCRT:gs_cookie.obj
 0003:00000020       __security_cookie_complement 0000000180007020     MSVCRT:gs_cookie.obj
 0003:00000030       __native_dllmain_reason    0000000180007030     MSVCRT:natstart.obj
 0003:00000034       __native_vcclrit_reason    0000000180007034     MSVCRT:natstart.obj
 0003:00000660       ?__type_info_root_node@@3U__type_info_node@@A 0000000180007660     MSVCRT:tncleanup.obj
 0003:00000670       __native_startup_state     0000000180007670     <common>
 0003:00000678       __native_startup_lock      0000000180007678     <common>
 0003:00000680       __onexitend                0000000180007680     <common>
 0003:00000688       __onexitbegin              0000000180007688     <common>
 0003:00000690       __dyn_tls_init_callback    0000000180007690     <common>

 entry point at        0001:000032d8

 Static symbols

 0001:00000000       intToBigInt                0000000180001000 f   SharedMemoryConnection.obj
 0001:00000058       packetToByteArray          0000000180001058 f   SharedMemoryConnection.obj
 0001:0000048c       allocateWrapper            000000018000148c f   SharedMemoryTransport.obj
 0001:00000818       setLastError               0000000180001818 f   shmemBack.obj
 0001:00000940       handshake                  0000000180001940 f   shmemBack.obj
 0001:00000a0c       shmemGetCapabilities       0000000180001a0c f   shmemBack.obj
 0001:00000a40       shmemStartListening        0000000180001a40 f   shmemBack.obj
 0001:00000af8       shmemAccept                0000000180001af8 f   shmemBack.obj
 0001:00000b8c       shmemStopListening         0000000180001b8c f   shmemBack.obj
 0001:00000bb0       shmemAttach                0000000180001bb0 f   shmemBack.obj
 0001:00000c4c       shmemWritePacket           0000000180001c4c f   shmemBack.obj
 0001:00000cc4       shmemReadPacket            0000000180001cc4 f   shmemBack.obj
 0001:00000d30       shmemIsOpen                0000000180001d30 f   shmemBack.obj
 0001:00000d3c       shmemClose                 0000000180001d3c f   shmemBack.obj
 0001:00000d60       shmemGetLastError          0000000180001d60 f   shmemBack.obj
 0001:00000ebc       setLastErrorMsg            0000000180001ebc f   shmemBase.obj
 0001:00000f1c       clearLastError             0000000180001f1c f   shmemBase.obj
 0001:00000f50       setLastError               0000000180001f50 f   shmemBase.obj
 0001:00000fe8       createWithGeneratedName    0000000180001fe8 f   shmemBase.obj
 0001:00001084       createSharedMem            0000000180002084 f   shmemBase.obj
 0001:00001094       createMutex                0000000180002094 f   shmemBase.obj
 0001:0000109c       createEvent                000000018000209c f   shmemBase.obj
 0001:000010a4       enterMutex                 00000001800020a4 f   shmemBase.obj
 0001:00001108       waitForSpace               0000000180002108 f   shmemBase.obj
 0001:00001198       waitForData                0000000180002198 f   shmemBase.obj
 0001:00001238       closeStream                0000000180002238 f   shmemBase.obj
 0001:00001318       createStream               0000000180002318 f   shmemBase.obj
 0001:0000143c       openStream                 000000018000243c f   shmemBase.obj
 0001:000014bc       closeConnection            00000001800024bc f   shmemBase.obj
 0001:00001518       openConnection             0000000180002518 f   shmemBase.obj
 0001:00001634       createConnection           0000000180002634 f   shmemBase.obj
 0001:000017b4       closeTransport             00000001800027b4 f   shmemBase.obj
 0001:000017f8       createTransport            00000001800027f8 f   shmemBase.obj
 0001:0000210c       sendBytes                  000000018000310c f   shmemBase.obj
 0001:00002410       receiveBytes               0000000180003410 f   shmemBase.obj
 0001:00002ee0       pre_c_init                 0000000180003ee0 f   MSVCRT:crtdll.obj
 0001:0000319c       __DllMainCRTStartup        000000018000419c f   MSVCRT:crtdll.obj
 0001:000037a0       __DllMainCRTStartup$filt$0 00000001800047a0 f   MSVCRT:crtdll.obj
 0001:000037d0       __DllMainCRTStartup$fin$1  00000001800047d0 f   MSVCRT:crtdll.obj
 0001:000037ea       _onexit$fin$0              00000001800047ea f   MSVCRT:atonexit.obj
 0001:00003810       _IsNonwritableInCurrentImage$filt$0 0000000180004810 f   MSVCRT:pesect.obj
