 jdwp

 Timestamp is 60b79cdf (Wed Jun 02 15:59:43 2021)

 Preferred load address is 0000000180000000

 Start         Length     Name                   Class
 0001:00000000 0002585cH .text                   CODE
 0001:00025860 00000092H .text$x                 CODE
 0002:00000000 00000260H .idata$5                DATA
 0002:00000260 00000008H .CRT$XCA                DATA
 0002:00000268 00000008H .CRT$XCZ                DATA
 0002:00000270 00000008H .CRT$XIA                DATA
 0002:00000278 00000008H .CRT$XIAA               DATA
 0002:00000280 00000008H .CRT$XIZ                DATA
 0002:00000290 000062f8H .rdata                  DATA
 0002:00006588 00000071H .rdata$debug            DATA
 0002:00006600 00000008H .rtc$IAA                DATA
 0002:00006608 00000008H .rtc$IZZ                DATA
 0002:00006610 00000008H .rtc$TAA                DATA
 0002:00006618 00000008H .rtc$TZZ                DATA
 0002:00006620 00000db0H .xdata                  DATA
 0002:000073d0 00000028H .idata$2                DATA
 0002:000073f8 00000014H .idata$3                DATA
 0002:00007410 00000260H .idata$4                DATA
 0002:00007670 00000440H .idata$6                DATA
 0002:00007ab0 00000061H .edata                  DATA
 0003:00000000 000003e8H .data                   DATA
 0003:000003f0 00000eb8H .bss                    DATA
 0004:00000000 00001920H .pdata                  DATA
 0005:00000000 00000058H .rsrc$01                DATA
 0005:00000060 00000350H .rsrc$02                DATA

  Address         Publics by Value              Rva+Base               Lib:Object

 0000:00000000       ___safe_se_handler_count   0000000000000000     <absolute>
 0000:00000000       ___safe_se_handler_table   0000000000000000     <absolute>
 0000:00000000       __ImageBase                0000000180000000     <linker-defined>
 0001:00002fc4       createFrameID              0000000180003fc4 f   FrameID.obj
 0001:00002fe0       getFrameNumber             0000000180003fe0 f   FrameID.obj
 0001:00002fe4       validateFrameID            0000000180003fe4 f   FrameID.obj
 0001:00004fec       setGlobalStratumId         0000000180005fec f   SDE.obj
 0001:00005a6c       searchAllSourceNames       0000000180006a6c f   SDE.obj
 0001:00005bb8       convertLineNumberTable     0000000180006bb8 f   SDE.obj
 0001:00009a24       bagCreateBag               000000018000aa24 f   bag.obj
 0001:00009a8c       bagDup                     000000018000aa8c f   bag.obj
 0001:00009ad8       bagDestroyBag              000000018000aad8 f   bag.obj
 0001:00009afc       bagAdd                     000000018000aafc f   bag.obj
 0001:00009ba4       bagDeleteAll               000000018000aba4 f   bag.obj
 0001:00009bac       bagSize                    000000018000abac f   bag.obj
 0001:00009bb0       bagEnumerateOver           000000018000abb0 f   bag.obj
 0001:00009df0       classTrack_processUnloads  000000018000adf0 f   classTrack.obj
 0001:0000a074       classTrack_addPreparedClass 000000018000b074 f   classTrack.obj
 0001:0000a310       classTrack_initialize      000000018000b310 f   classTrack.obj
 0001:0000ac74       commonRef_initialize       000000018000bc74 f   commonRef.obj
 0001:0000acb4       commonRef_reset            000000018000bcb4 f   commonRef.obj
 0001:0000ad9c       commonRef_refToID          000000018000bd9c f   commonRef.obj
 0001:0000ae80       commonRef_idToRef          000000018000be80 f   commonRef.obj
 0001:0000afec       commonRef_idToRef_delete   000000018000bfec f   commonRef.obj
 0001:0000b00c       commonRef_pin              000000018000c00c f   commonRef.obj
 0001:0000b0cc       commonRef_unpin            000000018000c0cc f   commonRef.obj
 0001:0000b164       commonRef_release          000000018000c164 f   commonRef.obj
 0001:0000b1b8       commonRef_releaseMultiple  000000018000c1b8 f   commonRef.obj
 0001:0000b214       commonRef_compact          000000018000c214 f   commonRef.obj
 0001:0000b31c       commonRef_lock             000000018000c31c f   commonRef.obj
 0001:0000b330       commonRef_unlock           000000018000c330 f   commonRef.obj
 0001:0000b344       debugDispatch_initialize   000000018000c344 f   debugDispatch.obj
 0001:0000b4b0       debugDispatch_getHandler   000000018000c4b0 f   debugDispatch.obj
 0001:0000b5e0       Agent_OnUnload             000000018000c5e0 f   debugInit.obj
 0001:0000b86c       debugInit_isInitComplete   000000018000c86c f   debugInit.obj
 0001:0000b874       debugInit_waitInitComplete 000000018000c874 f   debugInit.obj
 0001:0000b8a4       forceExit                  000000018000c8a4 f   debugInit.obj
 0001:0000b9dc       debugInit_reset            000000018000c9dc f   debugInit.obj
 0001:0000bae8       debugInit_launchOnInit     000000018000cae8 f   debugInit.obj
 0001:0000baf0       debugInit_suspendOnInit    000000018000caf0 f   debugInit.obj
 0001:0000bc68       debugInit_exit             000000018000cc68 f   debugInit.obj
 0001:0000d378       Agent_OnLoad               000000018000e378 f   debugInit.obj
 0001:0000dc6c       debugLoop_initialize       000000018000ec6c f   debugLoop.obj
 0001:0000dc88       debugLoop_sync             000000018000ec88 f   debugLoop.obj
 0001:0000decc       debugLoop_run              000000018000eecc f   debugLoop.obj
 0001:0000e284       print_message              000000018000f284 f   error_messages.obj
 0001:0000e2a4       tty_message                000000018000f2a4 f   error_messages.obj
 0001:0000e300       jvmtiErrorText             000000018000f300 f   error_messages.obj
 0001:0000e6d0       eventText                  000000018000f6d0 f   error_messages.obj
 0001:0000e7a0       jdwpErrorText              000000018000f7a0 f   error_messages.obj
 0001:0000eaac       do_pause                   000000018000faac f   error_messages.obj
 0001:0000eb1c       error_message              000000018000fb1c f   error_messages.obj
 0001:0000ebd8       jdiAssertionFailed         000000018000fbd8 f   error_messages.obj
 0001:0000ecec       eventFilterRestricted_alloc 000000018000fcec f   eventFilter.obj
 0001:0000efd8       eventFilterRestricted_passesFilter 000000018000ffd8 f   eventFilter.obj
 0001:0000f3fc       eventFilterRestricted_passesUnloadFilter 00000001800103fc f   eventFilter.obj
 0001:0000f548       eventFilter_predictFiltering 0000000180010548 f   eventFilter.obj
 0001:0000f660       eventFilterRestricted_isBreakpointInClass 0000000180010660 f   eventFilter.obj
 0001:0000f690       eventFilter_setConditionalFilter 0000000180010690 f   eventFilter.obj
 0001:0000f6c0       eventFilter_setCountFilter 00000001800106c0 f   eventFilter.obj
 0001:0000f6f8       eventFilter_setThreadOnlyFilter 00000001800106f8 f   eventFilter.obj
 0001:0000f758       eventFilter_setLocationOnlyFilter 0000000180010758 f   eventFilter.obj
 0001:0000f7f8       eventFilter_setFieldOnlyFilter 00000001800107f8 f   eventFilter.obj
 0001:0000f880       eventFilter_setClassOnlyFilter 0000000180010880 f   eventFilter.obj
 0001:0000f8ec       eventFilter_setExceptionOnlyFilter 00000001800108ec f   eventFilter.obj
 0001:0000f97c       eventFilter_setInstanceOnlyFilter 000000018001097c f   eventFilter.obj
 0001:0000f9ec       eventFilter_setClassMatchFilter 00000001800109ec f   eventFilter.obj
 0001:0000fa28       eventFilter_setClassExcludeFilter 0000000180010a28 f   eventFilter.obj
 0001:0000fa64       eventFilter_setStepFilter  0000000180010a64 f   eventFilter.obj
 0001:0000fb2c       eventFilter_setSourceNameMatchFilter 0000000180010b2c f   eventFilter.obj
 0001:0000fdec       isBreakpointSet            0000000180010dec f   eventFilter.obj
 0001:0001010c       eventFilterRestricted_install 000000018001110c f   eventFilter.obj
 0001:000101bc       eventFilterRestricted_deinstall 00000001800111bc f   eventFilter.obj
 0001:000103d8       eventHandlerRestricted_iterator 00000001800113d8 f   eventHandler.obj
 0001:00010854       getMethodClass             0000000180011854 f   eventHandler.obj
 0001:000109f0       eventHandler_free          00000001800119f0 f   eventHandler.obj
 0001:00010a24       eventHandler_freeAll       0000000180011a24 f   eventHandler.obj
 0001:00010a84       eventHandler_freeClassBreakpoints 0000000180011a84 f   eventHandler.obj
 0001:00010b04       eventHandler_freeByID      0000000180011b04 f   eventHandler.obj
 0001:00010b64       eventHandler_reset         0000000180011b64 f   eventHandler.obj
 0001:00010be8       eventHandler_lock          0000000180011be8 f   eventHandler.obj
 0001:00010bf4       eventHandler_unlock        0000000180011bf4 f   eventHandler.obj
 0001:00010c00       eventHandler_alloc         0000000180011c00 f   eventHandler.obj
 0001:00010c30       eventHandler_allocHandlerID 0000000180011c30 f   eventHandler.obj
 0001:00010dcc       eventHandler_createPermanentInternal 0000000180011dcc f   eventHandler.obj
 0001:00010df4       eventHandler_createInternalThreadOnly 0000000180011df4 f   eventHandler.obj
 0001:00010e18       eventHandler_createInternalBreakpoint 0000000180011e18 f   eventHandler.obj
 0001:00010e48       eventHandler_installExternal 0000000180011e48 f   eventHandler.obj
 0001:00013a80       eventHandler_initialize    0000000180014a80 f   eventHandler.obj
 0001:000141f4       eventHelper_holdEvents     00000001800151f4 f   eventHelper.obj
 0001:00014228       eventHelper_releaseEvents  0000000180015228 f   eventHelper.obj
 0001:00014628       unblockCommandLoop         0000000180015628 f   eventHelper.obj
 0001:0001465c       eventHelper_reset          000000018001565c f   eventHelper.obj
 0001:0001469c       eventHelper_lock           000000018001569c f   eventHelper.obj
 0001:000146bc       eventHelper_unlock         00000001800156bc f   eventHelper.obj
 0001:00014898       eventHelper_createEventBag 0000000180015898 f   eventHelper.obj
 0001:00014928       eventHelper_reportEvents   0000000180015928 f   eventHelper.obj
 0001:00014a14       eventHelper_recordEvent    0000000180015a14 f   eventHelper.obj
 0001:00014b08       eventHelper_recordClassUnload 0000000180015b08 f   eventHelper.obj
 0001:00014bcc       eventHelper_recordFrameEvent 0000000180015bcc f   eventHelper.obj
 0001:00014d60       eventHelper_reportInvokeDone 0000000180015d60 f   eventHelper.obj
 0001:00014e50       eventHelper_reportVMInit   0000000180015e50 f   eventHelper.obj
 0001:00014f4c       eventHelper_suspendThread  0000000180015f4c f   eventHelper.obj
 0001:0001578c       eventHelper_initialize     000000018001678c f   eventHelper.obj
 0001:00015804       dbgsysExec                 0000000180016804 f   exec_md.obj
 0001:00015884       inStream_init              0000000180016884 f   inStream.obj
 0001:000158e0       inStream_id                00000001800168e0 f   inStream.obj
 0001:000158e4       inStream_command           00000001800168e4 f   inStream.obj
 0001:00015940       inStream_readBoolean       0000000180016940 f   inStream.obj
 0001:00015980       inStream_readByte          0000000180016980 f   inStream.obj
 0001:000159a4       inStream_readBytes         00000001800169a4 f   inStream.obj
 0001:000159c4       inStream_readChar          00000001800169c4 f   inStream.obj
 0001:000159f8       inStream_readShort         00000001800169f8 f   inStream.obj
 0001:00015a2c       inStream_readInt           0000000180016a2c f   inStream.obj
 0001:00015a78       inStream_readLong          0000000180016a78 f   inStream.obj
 0001:00015b10       inStream_readFloat         0000000180016b10 f   inStream.obj
 0001:00015b40       inStream_readDouble        0000000180016b40 f   inStream.obj
 0001:00015b70       inStream_readObjectRef     0000000180016b70 f   inStream.obj
 0001:00015bf8       inStream_readClassRef      0000000180016bf8 f   inStream.obj
 0001:00015c3c       inStream_readThreadRef     0000000180016c3c f   inStream.obj
 0001:00015c80       inStream_readThreadGroupRef 0000000180016c80 f   inStream.obj
 0001:00015cc4       inStream_readStringRef     0000000180016cc4 f   inStream.obj
 0001:00015d08       inStream_readClassLoaderRef 0000000180016d08 f   inStream.obj
 0001:00015d4c       inStream_readArrayRef      0000000180016d4c f   inStream.obj
 0001:00015d90       inStream_readFieldID       0000000180016d90 f   inStream.obj
 0001:00015d90       inStream_readObjectID      0000000180016d90 f   inStream.obj
 0001:00015d90       inStream_readMethodID      0000000180016d90 f   inStream.obj
 0001:00015d90       inStream_readLocation      0000000180016d90 f   inStream.obj
 0001:00015d90       inStream_readFrameID       0000000180016d90 f   inStream.obj
 0001:00015d98       inStream_readString        0000000180016d98 f   inStream.obj
 0001:00015e50       inStream_error             0000000180016e50 f   inStream.obj
 0001:00015e58       inStream_clearError        0000000180016e58 f   inStream.obj
 0001:00015e60       inStream_readValue         0000000180016e60 f   inStream.obj
 0001:00015f94       inStream_destroy           0000000180016f94 f   inStream.obj
 0001:00015fd4       invoker_initialize         0000000180016fd4 f   invoker.obj
 0001:00015ff0       invoker_lock               0000000180016ff0 f   invoker.obj
 0001:00015ffc       invoker_unlock             0000000180016ffc f   invoker.obj
 0001:00016304       invoker_enableInvokeRequests 0000000180017304 f   invoker.obj
 0001:000163d0       invoker_requestInvoke      00000001800173d0 f   invoker.obj
 0001:00017354       invoker_doInvoke           0000000180018354 f   invoker.obj
 0001:00017674       invoker_completeInvokeRequest 0000000180018674 f   invoker.obj
 0001:000178bc       invoker_isEnabled          00000001800188bc f   invoker.obj
 0001:00017988       invoker_detach             0000000180018988 f   invoker.obj
 0001:000179e4       dbgsysGetLastErrorString   00000001800189e4 f   linker_md.obj
 0001:00017ac4       dbgsysBuildLibName         0000000180018ac4 f   linker_md.obj
 0001:00017ba4       dbgsysLoadLibrary          0000000180018ba4 f   linker_md.obj
 0001:00017c0c       dbgsysFindLibraryEntry     0000000180018c0c f   linker_md.obj
 0001:00017cc0       log_message_begin          0000000180018cc0 f   log_messages.obj
 0001:00017d6c       log_message_end            0000000180018d6c f   log_messages.obj
 0001:00017f14       setup_logging              0000000180018f14 f   log_messages.obj
 0001:00017f90       finish_logging             0000000180018f90 f   log_messages.obj
 0001:00018034       outStream_initCommand      0000000180019034 f   outStream.obj
 0001:00018080       outStream_initReply        0000000180019080 f   outStream.obj
 0001:000181c0       outStream_writeBoolean     00000001800191c0 f   outStream.obj
 0001:000181e0       outStream_writeByte        00000001800191e0 f   outStream.obj
 0001:00018200       outStream_writeChar        0000000180019200 f   outStream.obj
 0001:00018224       outStream_writeShort       0000000180019224 f   outStream.obj
 0001:0001825c       outStream_writeInt         000000018001925c f   outStream.obj
 0001:000182a4       outStream_writeLong        00000001800192a4 f   outStream.obj
 0001:0001833c       outStream_writeFloat       000000018001933c f   outStream.obj
 0001:00018374       outStream_writeDouble      0000000180019374 f   outStream.obj
 0001:000183ac       outStream_writeObjectTag   00000001800193ac f   outStream.obj
 0001:000183dc       outStream_writeObjectRef   00000001800193dc f   outStream.obj
 0001:000184f4       outStream_writeMethodID    00000001800194f4 f   outStream.obj
 0001:000184f4       outStream_writeLocation    00000001800194f4 f   outStream.obj
 0001:000184f4       outStream_writeFrameID     00000001800194f4 f   outStream.obj
 0001:000184f4       outStream_writeFieldID     00000001800194f4 f   outStream.obj
 0001:000184fc       outStream_writeByteArray   00000001800194fc f   outStream.obj
 0001:00018538       outStream_writeString      0000000180019538 f   outStream.obj
 0001:00018624       outStream_writeValue       0000000180019624 f   outStream.obj
 0001:000187ec       outStream_error            00000001800197ec f   outStream.obj
 0001:000187f4       outStream_setError         00000001800197f4 f   outStream.obj
 0001:00018924       outStream_sendReply        0000000180019924 f   outStream.obj
 0001:00018954       outStream_sendCommand      0000000180019954 f   outStream.obj
 0001:0001899c       outStream_destroy          000000018001999c f   outStream.obj
 0001:00018b98       standardHandlers_defaultHandler 0000000180019b98 f   standardHandlers.obj
 0001:00018bf8       standardHandlers_onConnect 0000000180019bf8 f   standardHandlers.obj
 0001:000193ac       stepControl_initialize     000000018001a3ac f   stepControl.obj
 0001:00019420       stepControl_clearRequest   000000018001a420 f   stepControl.obj
 0001:00019480       stepControl_lock           000000018001a480 f   stepControl.obj
 0001:0001948c       stepControl_unlock         000000018001a48c f   stepControl.obj
 0001:000199d8       stepControl_handleStep     000000018001a9d8 f   stepControl.obj
 0001:0001a078       stepControl_resetRequest   000000018001b078 f   stepControl.obj
 0001:0001a328       stepControl_beginStep      000000018001b328 f   stepControl.obj
 0001:0001a4b8       stepControl_endStep        000000018001b4b8 f   stepControl.obj
 0001:0001a53c       stream_encodeFloat         000000018001b53c f   stream.obj
 0001:0001a578       stream_encodeDouble        000000018001b578 f   stream.obj
 0001:0001ad1c       threadControl_initialize   000000018001bd1c f   threadControl.obj
 0001:0001b2d4       threadControl_onConnect    000000018001c2d4 f   threadControl.obj
 0001:0001b310       threadControl_onDisconnect 000000018001c310 f   threadControl.obj
 0001:0001b964       threadControl_suspendCount 000000018001c964 f   threadControl.obj
 0001:0001b9d4       threadControl_getStepRequest 000000018001c9d4 f   threadControl.obj
 0001:0001ba24       threadControl_getInvokeRequest 000000018001ca24 f   threadControl.obj
 0001:0001ba74       threadControl_addDebugThread 000000018001ca74 f   threadControl.obj
 0001:0001bbd0       threadControl_isDebugThread 000000018001cbd0 f   threadControl.obj
 0001:0001c350       threadControl_applicationThreadStatus 000000018001d350 f   threadControl.obj
 0001:0001c3fc       threadControl_interrupt    000000018001d3fc f   threadControl.obj
 0001:0001c4b8       threadControl_clearCLEInfo 000000018001d4b8 f   threadControl.obj
 0001:0001c51c       threadControl_cmpCLEInfo   000000018001d51c f   threadControl.obj
 0001:0001c5d0       threadControl_saveCLEInfo  000000018001d5d0 f   threadControl.obj
 0001:0001c664       threadControl_setPendingInterrupt 000000018001d664 f   threadControl.obj
 0001:0001c6a4       threadControl_stop         000000018001d6a4 f   threadControl.obj
 0001:0001c7a0       threadControl_detachInvokes 000000018001d7a0 f   threadControl.obj
 0001:0001c8b0       threadControl_getInstructionStepMode 000000018001d8b0 f   threadControl.obj
 0001:0001c8fc       threadControl_setEventMode 000000018001d8fc f   threadControl.obj
 0001:0001ca50       threadControl_currentThread 000000018001da50 f   threadControl.obj
 0001:0001ca90       threadControl_getFrameGeneration 000000018001da90 f   threadControl.obj
 0001:0001cde4       threadControl_onHook       000000018001dde4 f   threadControl.obj
 0001:0001d33c       threadControl_suspendThread 000000018001e33c f   threadControl.obj
 0001:0001d3bc       threadControl_resumeThread 000000018001e3bc f   threadControl.obj
 0001:0001d4dc       threadControl_suspendAll   000000018001e4dc f   threadControl.obj
 0001:0001d640       threadControl_resumeAll    000000018001e640 f   threadControl.obj
 0001:0001d710       threadControl_popFrames    000000018001e710 f   threadControl.obj
 0001:0001d83c       threadControl_onEventHandlerEntry 000000018001e83c f   threadControl.obj
 0001:0001dad8       threadControl_onEventHandlerExit 000000018001ead8 f   threadControl.obj
 0001:0001dc08       threadControl_reset        000000018001ec08 f   threadControl.obj
 0001:0001e2f0       transport_waitForConnection 000000018001f2f0 f   transport.obj
 0001:0001e4f8       transport_initialize       000000018001f4f8 f   transport.obj
 0001:0001e530       transport_reset            000000018001f530 f   transport.obj
 0001:0001e68c       transport_startTransport   000000018001f68c f   transport.obj
 0001:0001e944       transport_close            000000018001f944 f   transport.obj
 0001:0001e960       transport_is_open          000000018001f960 f   transport.obj
 0001:0001e980       transport_sendPacket       000000018001f980 f   transport.obj
 0001:0001ea04       transport_receivePacket    000000018001fa04 f   transport.obj
 0001:0001ea5c       saveGlobalRef              000000018001fa5c f   util.obj
 0001:0001ecd8       tossGlobalRef              000000018001fcd8 f   util.obj
 0001:0001f93c       standardHandlers_onDisconnect 000000018002093c f   standardHandlers.obj
 0001:0001f93c       debugDispatch_reset        000000018002093c f   debugDispatch.obj
 0001:0001f93c       invoker_reset              000000018002093c f   invoker.obj
 0001:0001f93c       util_reset                 000000018002093c f   util.obj
 0001:0001f93c       stepControl_reset          000000018002093c f   stepControl.obj
 0001:0001f93c       classTrack_reset           000000018002093c f   classTrack.obj
 0001:0001f940       isObjectTag                0000000180020940 f   util.obj
 0001:0001f96c       uniqueID                   000000018002096c f   util.obj
 0001:0001f980       filterDebugThreads         0000000180020980 f   util.obj
 0001:0001f9ec       fieldModifiers             00000001800209ec f   util.obj
 0001:0001fa70       methodModifiers            0000000180020a70 f   util.obj
 0001:0001fae4       methodClass                0000000180020ae4 f   util.obj
 0001:0001fb08       methodLocation             0000000180020b08 f   util.obj
 0001:0001fb88       classLoader                0000000180020b88 f   util.obj
 0001:0001fbfc       getEnv                     0000000180020bfc f   util.obj
 0001:0001fcf0       jvmtiGetCapabilities       0000000180020cf0 f   util.obj
 0001:0001fe90       jvmtiMajorVersion          0000000180020e90 f   util.obj
 0001:0001fea8       jvmtiMinorVersion          0000000180020ea8 f   util.obj
 0001:0001febc       jvmtiMicroVersion          0000000180020ebc f   util.obj
 0001:0001fed0       canSuspendResumeThreadLists 0000000180020ed0 f   util.obj
 0001:0001fef8       getSourceDebugExtension    0000000180020ef8 f   util.obj
 0001:0001ff68       convertSignatureToClassname 0000000180020f68 f   util.obj
 0001:0001ffdc       debugMonitorEnter          0000000180020fdc f   util.obj
 0001:000200ac       debugMonitorExit           00000001800210ac f   util.obj
 0001:00020150       debugMonitorWait           0000000180021150 f   util.obj
 0001:00020220       debugMonitorTimedWait      0000000180021220 f   util.obj
 0001:000202f4       debugMonitorNotify         00000001800212f4 f   util.obj
 0001:00020398       debugMonitorNotifyAll      0000000180021398 f   util.obj
 0001:0002043c       debugMonitorCreate         000000018002143c f   util.obj
 0001:000204e4       debugMonitorDestroy        00000001800214e4 f   util.obj
 0001:00020588       allThreads                 0000000180021588 f   util.obj
 0001:0002067c       threadGroupInfo            000000018002167c f   util.obj
 0001:00020758       writeGenericSignature      0000000180021758 f   util.obj
 0001:0002076c       classStatus                000000018002176c f   util.obj
 0001:00020934       isFieldSynthetic           0000000180021934 f   util.obj
 0001:000209c0       isMethodSynthetic          00000001800219c0 f   util.obj
 0001:00020a3c       isMethodNative             0000000180021a3c f   util.obj
 0001:00020b24       isSameObject               0000000180021b24 f   util.obj
 0001:00020b38       objectHashCode             0000000180021b38 f   util.obj
 0001:00020c28       allInterfaces              0000000180021c28 f   util.obj
 0001:00020cb0       allLoadedClasses           0000000180021cb0 f   util.obj
 0001:00020d28       allClassLoaderClasses      0000000180021d28 f   util.obj
 0001:00020e2c       createLocalRefSpace        0000000180021e2c f   util.obj
 0001:00020fe8       isClass                    0000000180021fe8 f   util.obj
 0001:00021060       isThread                   0000000180022060 f   util.obj
 0001:000210d8       isThreadGroup              00000001800220d8 f   util.obj
 0001:00021150       isString                   0000000180022150 f   util.obj
 0001:000211c8       isClassLoader              00000001800221c8 f   util.obj
 0001:00021240       isArray                    0000000180022240 f   util.obj
 0001:000214f8       setAgentPropertyValue      00000001800224f8 f   util.obj
 0001:000216c4       isMethodObsolete           00000001800226c4 f   util.obj
 0001:0002184c       jvmtiAllocate              000000018002284c f   util.obj
 0001:00021900       jvmtiDeallocate            0000000180022900 f   util.obj
 0001:000219a8       map2jvmtiError             00000001800229a8 f   util.obj
 0001:00021c3c       eventIndexInit             0000000180022c3c f   util.obj
 0001:00021cec       eventIndex2jdwp            0000000180022cec f   util.obj
 0001:00021d90       eventIndex2jvmti           0000000180022d90 f   util.obj
 0001:00021e34       jdwp2EventIndex            0000000180022e34 f   util.obj
 0001:00021f14       map2jdwpError              0000000180022f14 f   util.obj
 0001:00022230       map2jdwpSuspendStatus      0000000180023230 f   util.obj
 0001:00022240       map2jdwpThreadStatus       0000000180023240 f   util.obj
 0001:00022280       map2jdwpClassStatus        0000000180023280 f   util.obj
 0001:000222e4       classInstances             00000001800232e4 f   util.obj
 0001:000225c0       classInstanceCounts        00000001800235c0 f   util.obj
 0001:000228ec       objectReferrers            00000001800238ec f   util.obj
 0001:00022bac       specificTypeKey            0000000180023bac f   util.obj
 0001:00022e4c       sharedInvoke               0000000180023e4c f   util.obj
 0001:00023058       referenceTypeTag           0000000180024058 f   util.obj
 0001:00023164       methodSignature            0000000180024164 f   util.obj
 0001:00023214       methodReturnType           0000000180024214 f   util.obj
 0001:00023288       fieldSignature             0000000180024288 f   util.obj
 0001:00023390       spawnNewThread             0000000180024390 f   util.obj
 0001:00023748       classSignature             0000000180024748 f   util.obj
 0001:000237a4       getClassname               00000001800247a4 f   util.obj
 0001:000237e0       allNestedClasses           00000001800247e0 f   util.obj
 0001:00023b90       writeCodeLocation          0000000180024b90 f   util.obj
 0001:00023c24       log_debugee_location       0000000180024c24 f   util.obj
 0001:00023e20       util_initialize            0000000180024e20 f   util.obj
 0001:00024d8c       sharedGetFieldValues       0000000180025d8c f   util.obj
 0001:00024eb4       memset                     0000000180025eb4 f   MSVCRT:MSVCR100.dll
 0001:00024eba       strcmp                     0000000180025eba f   MSVCRT:MSVCR100.dll
 0001:00024ec0       strlen                     0000000180025ec0 f   MSVCRT:MSVCR100.dll
 0001:00024ec8       __GSHandlerCheckCommon     0000000180025ec8 f   MSVCRT:gshandler.obj
 0001:00024f2c       __GSHandlerCheck           0000000180025f2c f   MSVCRT:gshandler.obj
 0001:00024f60       __security_check_cookie    0000000180025f60 f   MSVCRT:amdsecgs.obj
 0001:00024f80       memcpy                     0000000180025f80 f   MSVCRT:MSVCR100.dll
 0001:00024f86       _setjmp                    0000000180025f86 f   MSVCRT:MSVCR100.dll
 0001:00024f8c       abs                        0000000180025f8c f   MSVCRT:MSVCR100.dll
 0001:00024f92       strcat                     0000000180025f92 f   MSVCRT:MSVCR100.dll
 0001:00024f98       strcpy                     0000000180025f98 f   MSVCRT:MSVCR100.dll
 0001:00024fa0       _onexit                    0000000180025fa0 f   MSVCRT:atonexit.obj
 0001:00025050       atexit                     0000000180026050 f   MSVCRT:atonexit.obj
 0001:00025068       free                       0000000180026068 f   MSVCRT:MSVCR100.dll
 0001:000250d0       _CRT_INIT                  00000001800260d0 f   MSVCRT:crtdll.obj
 0001:00025468       _DllMainCRTStartup         0000000180026468 f   MSVCRT:crtdll.obj
 0001:000254a8       __report_gsfailure         00000001800264a8 f   MSVCRT:gs_report.obj
 0001:000255f2       __C_specific_handler       00000001800265f2 f   MSVCRT:MSVCR100.dll
 0001:000255f8       _unlock                    00000001800265f8 f   MSVCRT:MSVCR100.dll
 0001:000255fe       __dllonexit                00000001800265fe f   MSVCRT:MSVCR100.dll
 0001:00025604       _lock                      0000000180026604 f   MSVCRT:MSVCR100.dll
 0001:0002560c       __clean_type_info_names    000000018002660c f   MSVCRT:tncleanup.obj
 0001:00025618       _RTC_Initialize            0000000180026618 f   MSVCRT:_initsect_.obj
 0001:00025650       _RTC_Terminate             0000000180026650 f   MSVCRT:_initsect_.obj
 0001:00025690       _ValidateImageBase         0000000180026690 f   MSVCRT:pesect.obj
 0001:000256c0       _FindPESection             00000001800266c0 f   MSVCRT:pesect.obj
 0001:00025710       _IsNonwritableInCurrentImage 0000000180026710 f   MSVCRT:pesect.obj
 0001:00025752       _initterm                  0000000180026752 f   MSVCRT:MSVCR100.dll
 0001:00025758       _initterm_e                0000000180026758 f   MSVCRT:MSVCR100.dll
 0001:0002575e       _amsg_exit                 000000018002675e f   MSVCRT:MSVCR100.dll
 0001:00025764       __CppXcptFilter            0000000180026764 f   MSVCRT:MSVCR100.dll
 0001:0002576c       DllMain                    000000018002676c f   MSVCRT:dllmain.obj
 0001:00025790       __security_init_cookie     0000000180026790 f   MSVCRT:gs_support.obj
 0001:00025844       __crt_debugger_hook        0000000180026844 f   MSVCRT:MSVCR100.dll
 0001:0002584a       __clean_type_info_names_internal 000000018002684a f   MSVCRT:MSVCR100.dll
 0001:00025850       RtlVirtualUnwind           0000000180026850 f   kernel32:KERNEL32.dll
 0001:00025856       RtlLookupFunctionEntry     0000000180026856 f   kernel32:KERNEL32.dll
 0002:00000000       __imp_GetCurrentProcessId  0000000180027000     kernel32:KERNEL32.dll
 0002:00000008       __imp_GetTickCount         0000000180027008     kernel32:KERNEL32.dll
 0002:00000010       __imp_QueryPerformanceCounter 0000000180027010     kernel32:KERNEL32.dll
 0002:00000018       __imp_DisableThreadLibraryCalls 0000000180027018     kernel32:KERNEL32.dll
 0002:00000020       __imp_RtlCaptureContext    0000000180027020     kernel32:KERNEL32.dll
 0002:00000028       __imp_RtlLookupFunctionEntry 0000000180027028     kernel32:KERNEL32.dll
 0002:00000030       __imp_RtlVirtualUnwind     0000000180027030     kernel32:KERNEL32.dll
 0002:00000038       __imp_IsDebuggerPresent    0000000180027038     kernel32:KERNEL32.dll
 0002:00000040       __imp_SetUnhandledExceptionFilter 0000000180027040     kernel32:KERNEL32.dll
 0002:00000048       __imp_UnhandledExceptionFilter 0000000180027048     kernel32:KERNEL32.dll
 0002:00000050       __imp_GetCurrentProcess    0000000180027050     kernel32:KERNEL32.dll
 0002:00000058       __imp_TerminateProcess     0000000180027058     kernel32:KERNEL32.dll
 0002:00000060       __imp_Sleep                0000000180027060     kernel32:KERNEL32.dll
 0002:00000068       __imp_DecodePointer        0000000180027068     kernel32:KERNEL32.dll
 0002:00000070       __imp_EncodePointer        0000000180027070     kernel32:KERNEL32.dll
 0002:00000078       __imp_GetLastError         0000000180027078     kernel32:KERNEL32.dll
 0002:00000080       __imp_FormatMessageA       0000000180027080     kernel32:KERNEL32.dll
 0002:00000088       __imp_CreateProcessA       0000000180027088     kernel32:KERNEL32.dll
 0002:00000090       __imp_GetCurrentThreadId   0000000180027090     kernel32:KERNEL32.dll
 0002:00000098       __imp_LoadLibraryA         0000000180027098     kernel32:KERNEL32.dll
 0002:000000a0       __imp_GetProcAddress       00000001800270a0     kernel32:KERNEL32.dll
 0002:000000a8       __imp_GetSystemTimeAsFileTime 00000001800270a8     kernel32:KERNEL32.dll
 0002:000000b0       \177KERNEL32_NULL_THUNK_DATA 00000001800270b0     kernel32:KERNEL32.dll
 0002:000000b8       __imp_strtok_s             00000001800270b8     MSVCRT:MSVCR100.dll
 0002:000000c0       __imp__access              00000001800270c0     MSVCRT:MSVCR100.dll
 0002:000000c8       __imp_strerror             00000001800270c8     MSVCRT:MSVCR100.dll
 0002:000000d0       __imp__errno               00000001800270d0     MSVCRT:MSVCR100.dll
 0002:000000d8       __imp_sprintf              00000001800270d8     MSVCRT:MSVCR100.dll
 0002:000000e0       __imp__localtime64         00000001800270e0     MSVCRT:MSVCR100.dll
 0002:000000e8       __imp__time64              00000001800270e8     MSVCRT:MSVCR100.dll
 0002:000000f0       __imp_strftime             00000001800270f0     MSVCRT:MSVCR100.dll
 0002:000000f8       __imp_strrchr              00000001800270f8     MSVCRT:MSVCR100.dll
 0002:00000100       __imp_setvbuf              0000000180027100     MSVCRT:MSVCR100.dll
 0002:00000108       __imp_fopen                0000000180027108     MSVCRT:MSVCR100.dll
 0002:00000110       __imp_fclose               0000000180027110     MSVCRT:MSVCR100.dll
 0002:00000118       __imp_isdigit              0000000180027118     MSVCRT:MSVCR100.dll
 0002:00000120       __imp_free                 0000000180027120     MSVCRT:MSVCR100.dll
 0002:00000128       __imp__unlock              0000000180027128     MSVCRT:MSVCR100.dll
 0002:00000130       __imp___dllonexit          0000000180027130     MSVCRT:MSVCR100.dll
 0002:00000138       __imp__lock                0000000180027138     MSVCRT:MSVCR100.dll
 0002:00000140       __imp__onexit              0000000180027140     MSVCRT:MSVCR100.dll
 0002:00000148       __imp__malloc_crt          0000000180027148     MSVCRT:MSVCR100.dll
 0002:00000150       __imp__initterm            0000000180027150     MSVCRT:MSVCR100.dll
 0002:00000158       __imp__initterm_e          0000000180027158     MSVCRT:MSVCR100.dll
 0002:00000160       __imp__encoded_null        0000000180027160     MSVCRT:MSVCR100.dll
 0002:00000168       __imp__amsg_exit           0000000180027168     MSVCRT:MSVCR100.dll
 0002:00000170       __imp___CppXcptFilter      0000000180027170     MSVCRT:MSVCR100.dll
 0002:00000178       __imp___crt_debugger_hook  0000000180027178     MSVCRT:MSVCR100.dll
 0002:00000180       __imp___clean_type_info_names_internal 0000000180027180     MSVCRT:MSVCR100.dll
 0002:00000188       __imp__sleep               0000000180027188     MSVCRT:MSVCR100.dll
 0002:00000190       __imp_fflush               0000000180027190     MSVCRT:MSVCR100.dll
 0002:00000198       __imp__vsnprintf           0000000180027198     MSVCRT:MSVCR100.dll
 0002:000001a0       __imp_strncpy              00000001800271a0     MSVCRT:MSVCR100.dll
 0002:000001a8       __imp_fprintf              00000001800271a8     MSVCRT:MSVCR100.dll
 0002:000001b0       __imp_getenv               00000001800271b0     MSVCRT:MSVCR100.dll
 0002:000001b8       __imp_atol                 00000001800271b8     MSVCRT:MSVCR100.dll
 0002:000001c0       __imp_strtol               00000001800271c0     MSVCRT:MSVCR100.dll
 0002:000001c8       __imp_abort                00000001800271c8     MSVCRT:MSVCR100.dll
 0002:000001d0       __imp_strcpy               00000001800271d0     MSVCRT:MSVCR100.dll
 0002:000001d8       __imp_strcat               00000001800271d8     MSVCRT:MSVCR100.dll
 0002:000001e0       __imp_exit                 00000001800271e0     MSVCRT:MSVCR100.dll
 0002:000001e8       __imp_abs                  00000001800271e8     MSVCRT:MSVCR100.dll
 0002:000001f0       __imp_strchr               00000001800271f0     MSVCRT:MSVCR100.dll
 0002:000001f8       __imp__setjmp              00000001800271f8     MSVCRT:MSVCR100.dll
 0002:00000200       __imp_memcpy               0000000180027200     MSVCRT:MSVCR100.dll
 0002:00000208       __imp__snprintf            0000000180027208     MSVCRT:MSVCR100.dll
 0002:00000210       __imp_longjmp              0000000180027210     MSVCRT:MSVCR100.dll
 0002:00000218       __imp_strlen               0000000180027218     MSVCRT:MSVCR100.dll
 0002:00000220       __imp_strncmp              0000000180027220     MSVCRT:MSVCR100.dll
 0002:00000228       __imp_strcmp               0000000180027228     MSVCRT:MSVCR100.dll
 0002:00000230       __imp___iob_func           0000000180027230     MSVCRT:MSVCR100.dll
 0002:00000238       __imp___C_specific_handler 0000000180027238     MSVCRT:MSVCR100.dll
 0002:00000240       __imp_memset               0000000180027240     MSVCRT:MSVCR100.dll
 0002:00000248       __imp__getpid              0000000180027248     MSVCRT:MSVCR100.dll
 0002:00000248       __imp_getpid               0000000180027248     MSVCRT:MSVCR100.dll
 0002:00000250       __imp__strdup              0000000180027250     MSVCRT:MSVCR100.dll
 0002:00000250       __imp_strdup               0000000180027250     MSVCRT:MSVCR100.dll
 0002:00000258       \177MSVCR100_NULL_THUNK_DATA 0000000180027258     MSVCRT:MSVCR100.dll
 0002:00000260       __xc_a                     0000000180027260     MSVCRT:cinitexe.obj
 0002:00000268       __xc_z                     0000000180027268     MSVCRT:cinitexe.obj
 0002:00000270       __xi_a                     0000000180027270     MSVCRT:cinitexe.obj
 0002:00000280       __xi_z                     0000000180027280     MSVCRT:cinitexe.obj
 0002:000002ac       ??_C@_04DLGOCPFH@?$CFs?$CI?$CJ?$AA@ 00000001800272ac     ArrayReferenceImpl.obj
 0002:000002b8       ??_C@_0P@KJGLIDCM@GetArrayLength?$AA@ 00000001800272b8     ArrayReferenceImpl.obj
 0002:000002c8       ??_C@_03HBKNMMDM@JNI?$AA@  00000001800272c8     ArrayReferenceImpl.obj
 0002:000002d0       ??_C@_0BF@MCEPCEHC@ArrayReferenceImpl?4c?$AA@ 00000001800272d0     ArrayReferenceImpl.obj
 0002:000002e8       ??_C@_0BG@DOJPBGJK@GetBooleanArrayRegion?$AA@ 00000001800272e8     ArrayReferenceImpl.obj
 0002:00000300       ??_C@_0BD@DBCKLPHC@GetByteArrayRegion?$AA@ 0000000180027300     ArrayReferenceImpl.obj
 0002:00000318       ??_C@_0BD@EJLOJIMH@GetCharArrayRegion?$AA@ 0000000180027318     ArrayReferenceImpl.obj
 0002:00000330       ??_C@_0BE@LJPMIBLN@GetShortArrayRegion?$AA@ 0000000180027330     ArrayReferenceImpl.obj
 0002:00000348       ??_C@_0BC@PAFAELMA@GetIntArrayRegion?$AA@ 0000000180027348     ArrayReferenceImpl.obj
 0002:00000360       ??_C@_0BD@KDOJFBNI@GetLongArrayRegion?$AA@ 0000000180027360     ArrayReferenceImpl.obj
 0002:00000378       ??_C@_0BE@JEOBKBHM@GetFloatArrayRegion?$AA@ 0000000180027378     ArrayReferenceImpl.obj
 0002:00000390       ??_C@_0BF@HGGNLGEB@GetDoubleArrayRegion?$AA@ 0000000180027390     ArrayReferenceImpl.obj
 0002:000003a8       ??_C@_0O@EMINCBBD@PopLocalFrame?$AA@ 00000001800273a8     ArrayReferenceImpl.obj
 0002:000003b8       ??_C@_0BC@LPILBKGC@ExceptionOccurred?$AA@ 00000001800273b8     ArrayReferenceImpl.obj
 0002:000003d0       ??_C@_0BG@KEKOCCJB@GetObjectArrayElement?$AA@ 00000001800273d0     ArrayReferenceImpl.obj
 0002:000003e8       ??_C@_0P@KFEGKDII@ExceptionClear?$AA@ 00000001800273e8     ArrayReferenceImpl.obj
 0002:000003f8       ??_C@_0P@NDOJPFLH@GetObjectClass?$AA@ 00000001800273f8     ArrayReferenceImpl.obj
 0002:00000408       ??_C@_0BG@MLMJMPNL@SetBooleanArrayRegion?$AA@ 0000000180027408     ArrayReferenceImpl.obj
 0002:00000420       ??_C@_0BD@MLAAIJJK@SetByteArrayRegion?$AA@ 0000000180027420     ArrayReferenceImpl.obj
 0002:00000438       ??_C@_0BD@LDJEKOCP@SetCharArrayRegion?$AA@ 0000000180027438     ArrayReferenceImpl.obj
 0002:00000450       ??_C@_0BE@BHNHMBMB@SetShortArrayRegion?$AA@ 0000000180027450     ArrayReferenceImpl.obj
 0002:00000468       ??_C@_0BC@NFFLMANO@SetIntArrayRegion?$AA@ 0000000180027468     ArrayReferenceImpl.obj
 0002:00000480       ??_C@_0BD@FJMDGHDA@SetLongArrayRegion?$AA@ 0000000180027480     ArrayReferenceImpl.obj
 0002:00000498       ??_C@_0BE@DKMKOBAA@SetFloatArrayRegion?$AA@ 0000000180027498     ArrayReferenceImpl.obj
 0002:000004b0       ??_C@_0BF@CPHAKABG@SetDoubleArrayRegion?$AA@ 00000001800274b0     ArrayReferenceImpl.obj
 0002:000004c8       ??_C@_0BG@FBPIPLNA@SetObjectArrayElement?$AA@ 00000001800274c8     ArrayReferenceImpl.obj
 0002:000004e0       ??_C@_01EEMJAFIK@?6?$AA@   00000001800274e0     ArrayReferenceImpl.obj
 0002:000004e8       ??_C@_0BB@BCMBBBKH@JDWP?5exit?5error?5?$AA@ 00000001800274e8     ArrayReferenceImpl.obj
 0002:00000500       ??_C@_0BD@HJCIAOFF@?$CFs?$CI?$CFd?$CJ?3?5?$CFs?5?$FL?$CFs?3?$CFd?$FN?$AA@ 0000000180027500     ArrayReferenceImpl.obj
 0002:00000513       ??_C@_00CNPNBAHC@?$AA@     0000000180027513     ArrayReferenceImpl.obj
 0002:00000518       ??_C@_0CG@CDCBEMAB@Invalid?5array?5component?5signatur@ 0000000180027518     ArrayReferenceImpl.obj
 0002:00000540       ??_C@_05MBDEGLCK@ERROR?$AA@ 0000000180027540     ArrayReferenceImpl.obj
 0002:00000548       ??_C@_0P@CNKIGBBL@NewObjectArray?$AA@ 0000000180027548     ArrayTypeImpl.obj
 0002:00000558       ??_C@_0BA@GHEEMNIA@ArrayTypeImpl?4c?$AA@ 0000000180027558     ArrayTypeImpl.obj
 0002:00000568       ??_C@_0N@NGBLEHOM@NewByteArray?$AA@ 0000000180027568     ArrayTypeImpl.obj
 0002:00000578       ??_C@_0N@BEEAOHOP@NewCharArray?$AA@ 0000000180027578     ArrayTypeImpl.obj
 0002:00000588       ??_C@_0P@DNODLKGI@NewDoubleArray?$AA@ 0000000180027588     ArrayTypeImpl.obj
 0002:00000598       ??_C@_0O@KEDKGJJM@NewFloatArray?$AA@ 0000000180027598     ArrayTypeImpl.obj
 0002:000005a8       ??_C@_0M@PGNBGLNB@NewIntArray?$AA@ 00000001800275a8     ArrayTypeImpl.obj
 0002:000005b8       ??_C@_0N@GNOMHAGO@NewLongArray?$AA@ 00000001800275b8     ArrayTypeImpl.obj
 0002:000005c8       ??_C@_0O@IAEEJHKH@NewShortArray?$AA@ 00000001800275c8     ArrayTypeImpl.obj
 0002:000005d8       ??_C@_0BA@IMLHDFCA@NewBooleanArray?$AA@ 00000001800275d8     ArrayTypeImpl.obj
 0002:000005e8       ??_C@_0BL@IJIDMOAB@ClassLoaderReferenceImpl?4c?$AA@ 00000001800275e8     ClassLoaderReferenceImpl.obj
 0002:00000608       ??_C@_0O@NPFONKNM@GetSuperclass?$AA@ 0000000180027608     ClassTypeImpl.obj
 0002:00000618       ??_C@_0BA@GNEKINJO@ClassTypeImpl?4c?$AA@ 0000000180027618     ClassTypeImpl.obj
 0002:00000628       ??_C@_0BE@IGGOFGFB@SetStaticShortField?$AA@ 0000000180027628     ClassTypeImpl.obj
 0002:00000640       ??_C@_0BG@DJFBDJKI@SetStaticBooleanField?$AA@ 0000000180027640     ClassTypeImpl.obj
 0002:00000658       ??_C@_0BF@NBNNHFAL@SetStaticObjectField?$AA@ 0000000180027658     ClassTypeImpl.obj
 0002:00000670       ??_C@_0BD@DLCODEIG@SetStaticLongField?$AA@ 0000000180027670     ClassTypeImpl.obj
 0002:00000688       ??_C@_0BD@IANJADAE@SetStaticByteField?$AA@ 0000000180027688     ClassTypeImpl.obj
 0002:000006a0       ??_C@_0BD@ECICKDAH@SetStaticCharField?$AA@ 00000001800276a0     ClassTypeImpl.obj
 0002:000006b8       ??_C@_0BF@MBJGKOHI@SetStaticDoubleField?$AA@ 00000001800276b8     ClassTypeImpl.obj
 0002:000006d0       ??_C@_0BE@KCBAKIGK@SetStaticFloatField?$AA@ 00000001800276d0     ClassTypeImpl.obj
 0002:000006e8       ??_C@_0BC@ENOHANEJ@SetStaticIntField?$AA@ 00000001800276e8     ClassTypeImpl.obj
 0002:00000700       ??_C@_0BD@MHLEIAPA@GetLineNumberTable?$AA@ 0000000180027700     MethodImpl.obj
 0002:00000714       ??_C@_05HENNLPPN@JVMTI?$AA@ 0000000180027714     MethodImpl.obj
 0002:00000720       ??_C@_0N@HALDABKF@MethodImpl?4c?$AA@ 0000000180027720     MethodImpl.obj
 0002:00000730       ??_C@_0BG@JNJHMCNH@GetLocalVariableTable?$AA@ 0000000180027730     MethodImpl.obj
 0002:00000748       ??_C@_0BB@ELDBFBNO@GetArgumentsSize?$AA@ 0000000180027748     MethodImpl.obj
 0002:00000760       ??_C@_0N@JCOMJEBO@GetBytecodes?$AA@ 0000000180027760     MethodImpl.obj
 0002:00000770       ??_C@_0BG@OCGLMJOC@ObjectReferenceImpl?4c?$AA@ 0000000180027770     ObjectReferenceImpl.obj
 0002:00000788       ??_C@_0O@BGNNAPCC@SetShortField?$AA@ 0000000180027788     ObjectReferenceImpl.obj
 0002:00000798       ??_C@_0BA@CPPEGKHO@SetBooleanField?$AA@ 0000000180027798     ObjectReferenceImpl.obj
 0002:000007a8       ??_C@_0P@BIEBOGNE@SetObjectField?$AA@ 00000001800277a8     ObjectReferenceImpl.obj
 0002:000007b8       ??_C@_0N@DHGKNGIJ@SetLongField?$AA@ 00000001800277b8     ObjectReferenceImpl.obj
 0002:000007c8       ??_C@_0N@IMJNOBAL@SetByteField?$AA@ 00000001800277c8     ObjectReferenceImpl.obj
 0002:000007d8       ??_C@_0N@EOMGEBAI@SetCharField?$AA@ 00000001800277d8     ObjectReferenceImpl.obj
 0002:000007e8       ??_C@_0P@IAKDNKH@SetDoubleField?$AA@ 00000001800277e8     ObjectReferenceImpl.obj
 0002:000007f8       ??_C@_0O@DCKDPBBJ@SetFloatField?$AA@ 00000001800277f8     ObjectReferenceImpl.obj
 0002:00000808       ??_C@_0M@LPBODKIC@SetIntField?$AA@ 0000000180027808     ObjectReferenceImpl.obj
 0002:00000818       ??_C@_0BG@LNEALOFM@GetObjectMonitorUsage?$AA@ 0000000180027818     ObjectReferenceImpl.obj
 0002:00000830       ??_C@_0BC@GCIFGINE@GetClassModifiers?$AA@ 0000000180027830     ReferenceTypeImpl.obj
 0002:00000848       ??_C@_0BE@ICJKGBAF@ReferenceTypeImpl?4c?$AA@ 0000000180027848     ReferenceTypeImpl.obj
 0002:00000860       ??_C@_0BA@FAMCEADF@GetClassMethods?$AA@ 0000000180027860     ReferenceTypeImpl.obj
 0002:00000870       ??_C@_0BH@CNLIIJEM@GetClassVersionNumbers?$AA@ 0000000180027870     ReferenceTypeImpl.obj
 0002:00000888       ??_C@_0BA@CMEFDKBB@GetConstantPool?$AA@ 0000000180027888     ReferenceTypeImpl.obj
 0002:00000898       ??_C@_0P@KAMMPPGF@GetClassFields?$AA@ 0000000180027898     ReferenceTypeImpl.obj
 0002:000008a8       ??_C@_0BC@NBHLJMHF@GetSourceFileName?$AA@ 00000001800278a8     ReferenceTypeImpl.obj
 0002:000008bc       ??_C@_05LJJNCBAN@SDE?4c?$AA@ 00000001800278bc     SDE.obj
 0002:000008c8       ??_C@_0DE@CBOCIEPK@bad?5SourceDebugExtension?5syntax?5@ 00000001800278c8     SDE.obj
 0002:00000900       ??_C@_0P@BFDGOIGG@unexpected?5EOF?$AA@ 0000000180027900     SDE.obj
 0002:00000910       ??_C@_0P@BPOMJGMN@SDE?5line?5table?$AA@ 0000000180027910     SDE.obj
 0002:00000920       ??_C@_0P@NDLFOGMP@SDE?5file?5table?$AA@ 0000000180027920     SDE.obj
 0002:00000930       ??_C@_0BC@JMMEOMHE@SDE?5stratum?5table?$AA@ 0000000180027930     SDE.obj
 0002:00000948       ??_C@_0N@PPNMFI@expected?5?8?3?8?$AA@ 0000000180027948     SDE.obj
 0002:00000958       ??_C@_03EIMPEGPO@Aux?$AA@  0000000180027958     SDE.obj
 0002:0000095c       ??_C@_04IEJOJGGI@Java?$AA@ 000000018002795c     SDE.obj
 0002:00000968       ??_C@_0N@KAHJKGJC@?$CKterminator?$CK?$AA@ 0000000180027968     SDE.obj
 0002:00000978       ??_C@_0N@BMNJHPCI@expected?5?8?$CK?8?$AA@ 0000000180027978     SDE.obj
 0002:00000988       ??_C@_0CC@FDGBKJLJ@SDE?5is?5re?9ordering?5the?5line?5tabl@ 0000000180027988     SDE.obj
 0002:000009ac       ??_C@_04MKAMAPIC@MISC?$AA@ 00000001800279ac     SDE.obj
 0002:000009b8       ??_C@_0P@LLJAGJLC@GetLocalDouble?$AA@ 00000001800279b8     StackFrameImpl.obj
 0002:000009c8       ??_C@_0O@BDGHGOEC@GetLocalFloat?$AA@ 00000001800279c8     StackFrameImpl.obj
 0002:000009d8       ??_C@_0N@FDADNLMD@GetLocalLong?$AA@ 00000001800279d8     StackFrameImpl.obj
 0002:000009e8       ??_C@_0M@OFKPGHNH@GetLocalInt?$AA@ 00000001800279e8     StackFrameImpl.obj
 0002:000009f8       ??_C@_0P@CCOLHCFB@GetLocalObject?$AA@ 00000001800279f8     StackFrameImpl.obj
 0002:00000a08       ??_C@_0BB@CFEDIOEB@StackFrameImpl?4c?$AA@ 0000000180027a08     StackFrameImpl.obj
 0002:00000a20       ??_C@_0P@HFIOJDJO@SetLocalDouble?$AA@ 0000000180027a20     StackFrameImpl.obj
 0002:00000a30       ??_C@_0O@GMHJNNDF@SetLocalFloat?$AA@ 0000000180027a30     StackFrameImpl.obj
 0002:00000a40       ??_C@_0N@CHLNBHIP@SetLocalLong?$AA@ 0000000180027a40     StackFrameImpl.obj
 0002:00000a50       ??_C@_0M@OKLBLBFE@SetLocalInt?$AA@ 0000000180027a50     StackFrameImpl.obj
 0002:00000a60       ??_C@_0P@OMPFIIHN@SetLocalObject?$AA@ 0000000180027a60     StackFrameImpl.obj
 0002:00000a70       ??_C@_0BB@ECEEEFHG@GetFrameLocation?$AA@ 0000000180027a70     StackFrameImpl.obj
 0002:00000a88       ??_C@_0BG@CNECBEKD@ReleaseStringUTFChars?$AA@ 0000000180027a88     StringReferenceImpl.obj
 0002:00000aa0       ??_C@_0BC@EDLHHKLL@GetStringUTFChars?$AA@ 0000000180027aa0     StringReferenceImpl.obj
 0002:00000ab8       ??_C@_0BG@DJBDEBGL@StringReferenceImpl?4c?$AA@ 0000000180027ab8     StringReferenceImpl.obj
 0002:00000ad0       ??_C@_0BL@PNBPHFII@ThreadGroupReferenceImpl?4c?$AA@ 0000000180027ad0     ThreadGroupReferenceImpl.obj
 0002:00000af0       ??_C@_0BH@GAOLNFJO@GetThreadGroupChildren?$AA@ 0000000180027af0     ThreadGroupReferenceImpl.obj
 0002:00000b08       ??_C@_0O@OMCINHIO@GetThreadInfo?$AA@ 0000000180027b08     ThreadReferenceImpl.obj
 0002:00000b18       ??_C@_0BG@GFAJIPIB@ThreadReferenceImpl?4c?$AA@ 0000000180027b18     ThreadReferenceImpl.obj
 0002:00000b30       ??_C@_0O@OMMMFPCB@GetFrameCount?$AA@ 0000000180027b30     ThreadReferenceImpl.obj
 0002:00000b40       ??_C@_0BE@CFHIFOK@GetOwnedMonitorInfo?$AA@ 0000000180027b40     ThreadReferenceImpl.obj
 0002:00000b58       ??_C@_0BL@FKMDJLON@GetCurrentContendedMonitor?$AA@ 0000000180027b58     ThreadReferenceImpl.obj
 0002:00000b78       ??_C@_0BO@KJEKJMBJ@GetOwnedMonitorStackDepthInfo?$AA@ 0000000180027b78     ThreadReferenceImpl.obj
 0002:00000b98       ??_C@_0BH@HPICMNMP@ForceEarlyReturnDouble?$AA@ 0000000180027b98     ThreadReferenceImpl.obj
 0002:00000bb0       ??_C@_0BG@GAIJKLLL@ForceEarlyReturnFloat?$AA@ 0000000180027bb0     ThreadReferenceImpl.obj
 0002:00000bc8       ??_C@_0BF@GBNAKBEE@ForceEarlyReturnLong?$AA@ 0000000180027bc8     ThreadReferenceImpl.obj
 0002:00000be0       ??_C@_0BF@GFOCGLCB@ForceEarlyReturnVoid?$AA@ 0000000180027be0     ThreadReferenceImpl.obj
 0002:00000bf8       ??_C@_0BE@OOLJADPL@ForceEarlyReturnInt?$AA@ 0000000180027bf8     ThreadReferenceImpl.obj
 0002:00000c10       ??_C@_0BH@OGPJNGCM@ForceEarlyReturnObject?$AA@ 0000000180027c10     ThreadReferenceImpl.obj
 0002:00000c28       ??_C@_0DE@JKJKNCJP@Java?5Debug?5Wire?5Protocol?5?$CIRefere@ 0000000180027c28     VirtualMachineImpl.obj
 0002:00000c60       ??_C@_0EL@OEBGOINI@?$CFs?5version?5?$CFd?4?$CFd?6JVM?5Debug?5Inter@ 0000000180027c60     VirtualMachineImpl.obj
 0002:00000cb0       ??_C@_09EEKGDCPH@?$DMunknown?$DO?$AA@ 0000000180027cb0     VirtualMachineImpl.obj
 0002:00000cc0       ??_C@_0BF@MOEEAKFC@VirtualMachineImpl?4c?$AA@ 0000000180027cc0     VirtualMachineImpl.obj
 0002:00000cd8       ??_C@_0BA@DLNPNDDE@RedefineClasses?$AA@ 0000000180027cd8     VirtualMachineImpl.obj
 0002:00000ce8       ??_C@_0BD@GPIPONPL@GetTopThreadGroups?$AA@ 0000000180027ce8     VirtualMachineImpl.obj
 0002:00000d00       ??_C@_09OOFGMMEJ@JNI_FALSE?$AA@ 0000000180027d00     VirtualMachineImpl.obj
 0002:00000d10       ??_C@_0N@PHJGBMEP@NewStringUTF?$AA@ 0000000180027d10     VirtualMachineImpl.obj
 0002:00000d20       ??_C@_01ICJEACDI@?$DL?$AA@ 0000000180027d20     VirtualMachineImpl.obj
 0002:00000d28       ??_C@_0BE@BJLAMKFM@DeleteWeakGlobalRef?$AA@ 0000000180027d28     classTrack.obj
 0002:00000d40       ??_C@_0O@IBHIJNK@signature?5bag?$AA@ 0000000180027d40     classTrack.obj
 0002:00000d50       ??_C@_0L@CEFBCHGP@signatures?$AA@ 0000000180027d50     classTrack.obj
 0002:00000d60       ??_C@_0N@MGFGIMH@classTrack?4c?$AA@ 0000000180027d60     classTrack.obj
 0002:00000d70       ??_C@_0P@CKMNIIBK@loaded?5classes?$AA@ 0000000180027d70     classTrack.obj
 0002:00000d80       ??_C@_0BB@JOLEBKED@classTrack?5table?$AA@ 0000000180027d80     classTrack.obj
 0002:00000d98       ??_C@_0BB@DFCJOKMO@NewWeakGlobalRef?$AA@ 0000000180027d98     classTrack.obj
 0002:00000db0       ??_C@_09CMIIOJHF@signature?$AA@ 0000000180027db0     classTrack.obj
 0002:00000dc0       ??_C@_09FPNNPBPB@KlassNode?$AA@ 0000000180027dc0     classTrack.obj
 0002:00000dd0       ??_C@_0CF@HJCABDHA@Attempting?5to?5insert?5duplicate?5c@ 0000000180027dd0     classTrack.obj
 0002:00000df8       ??_C@_0BF@GLPPHCDA@loaded?5classes?5array?$AA@ 0000000180027df8     classTrack.obj
 0002:00000e10       ??_C@_06DADMPMP@SetTag?$AA@ 0000000180027e10     commonRef.obj
 0002:00000e18       ??_C@_0M@DBGHCDJK@commonRef?4c?$AA@ 0000000180027e18     commonRef.obj
 0002:00000e28       ??_C@_0BA@HLIPMHMF@DeleteGlobalRef?$AA@ 0000000180027e28     commonRef.obj
 0002:00000e38       ??_C@_0BB@EBIINFKL@Freeing?5?$CFd?5?$CI?$CFx?$CJ?6?$AA@ 0000000180027e38     commonRef.obj
 0002:00000e50       ??_C@_0N@IAAOLNMM@NewGlobalRef?$AA@ 0000000180027e50     commonRef.obj
 0002:00000e60       ??_C@_06JAJCHHBC@GetTag?$AA@ 0000000180027e60     commonRef.obj
 0002:00000e68       ??_C@_0BC@GLNEFKOL@RefNode?5count?5?$DM?50?$AA@ 0000000180027e68     commonRef.obj
 0002:00000e80       ??_C@_0BN@ODBCKJDJ@JDWP?5Reference?5Table?5Monitor?$AA@ 0000000180027e80     commonRef.obj
 0002:00000ea0       ??_C@_0P@DFLOMFLG@DeleteLocalRef?$AA@ 0000000180027ea0     commonRef.obj
 0002:00000eb0       ??_C@_0M@GAIIKJOJ@NewLocalRef?$AA@ 0000000180027eb0     commonRef.obj
 0002:00000ec0       ??_C@_0BC@DMLDOBBC@command?5set?5array?$AA@ 0000000180027ec0     debugDispatch.obj
 0002:00000ed8       ??_C@_0BA@NGEDCNHI@debugDispatch?4c?$AA@ 0000000180027ed8     debugDispatch.obj
 0002:00000ee8       ??_C@_0DI@HJHBDLDN@JDWP?5unable?5to?5configure?5initial@ 0000000180027ee8     debugInit.obj
 0002:00000f20       ??_C@_0BJ@MAECPKFO@SetEventNotificationMode?$AA@ 0000000180027f20     debugInit.obj
 0002:00000f40       ??_C@_0M@NEOEIABB@debugInit?4c?$AA@ 0000000180027f40     debugInit.obj
 0002:00000f50       ??_C@_0DE@BOJEJHME@JDWP?5unable?5to?5dispose?5of?5JVMTI?5@ 0000000180027f50     debugInit.obj
 0002:00000f88       ??_C@_0BD@IBLDMNIE@DisposeEnvironment?$AA@ 0000000180027f88     debugInit.obj
 0002:00000fa0       ??_C@_0BD@KMCJBFOI@End?5startTransport?$AA@ 0000000180027fa0     debugInit.obj
 0002:00000fb8       ??_C@_0CP@GLCNJPPL@JDWP?5Transport?5?$CFs?5failed?5to?5init@ 0000000180027fb8     debugInit.obj
 0002:00000fe8       ??_C@_0BF@KCLMNAFK@Begin?5startTransport?$AA@ 0000000180027fe8     debugInit.obj
 0002:00001000       ??_C@_0BP@HFGABHKC@signal?5initialization?5complete?$AA@ 0000000180028000     debugInit.obj
 0002:00001020       ??_C@_0O@GBAEPAJL@ERROR?3?5JDWP?3?5?$AA@ 0000000180028020     debugInit.obj
 0002:00001030       ??_C@_0CG@MHFIMNKE@Can?8t?5call?5JNI?5FatalError?$CINULL?0?5@ 0000000180028030     debugInit.obj
 0002:00001058       ??_C@_07CBPKFJFN@JDWP?5?$CFs?$AA@ 0000000180028058     debugInit.obj
 0002:00001060       ??_C@_0BL@EEDFKGOH@JDWP?5?$CFs?0?5jvmtiError?$DN?$CFs?$CI?$CFd?$CJ?$AA@ 0000000180028060     debugInit.obj
 0002:00001080       ??_C@_0P@CPJAJOGP@UNKNOWN?5REASON?$AA@ 0000000180028080     debugInit.obj
 0002:00001090       ??_C@_0BN@ICEPLJN@debugInit_reset?$CI?$CJ?5completed?4?$AA@ 0000000180028090     debugInit.obj
 0002:000010b0       ??_C@_0BM@DDGJDKIN@debugInit_reset?$CI?$CJ?5beginning?$AA@ 00000001800280b0     debugInit.obj
 0002:000010d0       ??_C@_0FHP@JLPJOLLO@?6Debugging?5Options?5?5?5?5?5?5?5?5?5?5?5?5De@ 00000001800280d0     debugInit.obj
 0002:00001650       ??_C@_0GIB@MKMOBLKB@?5?5?5?5?5?5?5?5?5?5?5?5?5?5?5Java?5Debugger?5JDW@ 0000000180028650     debugInit.obj
 0002:00001ce0       ??_C@_0GE@PNCPNOJL@JDWP?5Non?9server?5transport?5?$CFs?5mus@ 0000000180028ce0     debugInit.obj
 0002:00001d44       ??_C@_01IHBHIGKO@?0?$AA@   0000000180028d44     debugInit.obj
 0002:00001d48       ??_C@_01EFFIKLCJ@n?$AA@    0000000180028d48     debugInit.obj
 0002:00001d4c       ??_C@_01EANLCPLP@y?$AA@    0000000180028d4c     debugInit.obj
 0002:00001d50       ??_C@_0BO@EGHMLMKO@Exiting?5with?5error?5?$CFs?$CI?$CFd?$CJ?3?5?$CFs?$AA@ 0000000180028d50     debugInit.obj
 0002:00001d70       ??_C@_0BD@NOFMPPNE@END?5cbEarlyVMDeath?$AA@ 0000000180028d70     debugInit.obj
 0002:00001d88       ??_C@_0BH@MJOFBADO@VM?5died?5more?5than?5once?$AA@ 0000000180028d88     debugInit.obj
 0002:00001da0       ??_C@_0P@DKNEAPGB@cbEarlyVMDeath?$AA@ 0000000180028da0     debugInit.obj
 0002:00001db0       ??_C@_02LACNDIPD@CB?$AA@   0000000180028db0     debugInit.obj
 0002:00001db8       ??_C@_0BB@FNMNNOIE@End?5initialize?$CI?$CJ?$AA@ 0000000180028db8     debugInit.obj
 0002:00001dd0       ??_C@_0CG@FBKKPEEO@VM?5dead?5before?5initialize?$CI?$CJ?5comp@ 0000000180028dd0     debugInit.obj
 0002:00001df8       ??_C@_0BM@MLOKHCJB@triggering_ei?5?$CB?$DN?5EI_VM_INIT?$AA@ 0000000180028df8     debugInit.obj
 0002:00001e18       ??_C@_0BM@IHKNNPNA@triggering_ei?5?$DN?$DN?5EI_VM_INIT?$AA@ 0000000180028e18     debugInit.obj
 0002:00001e38       ??_C@_0BK@MDFDHGIG@No?5transports?5initialized?$AA@ 0000000180028e38     debugInit.obj
 0002:00001e58       ??_C@_0BM@GGAMJPIA@JDWP?5Initialization?5Monitor?$AA@ 0000000180028e58     debugInit.obj
 0002:00001e78       ??_C@_0CA@LEEFBLBH@unable?5to?5clear?5JVMTI?5callbacks?$AA@ 0000000180028e78     debugInit.obj
 0002:00001e98       ??_C@_0BC@GAGPFDAP@SetEventCallbacks?$AA@ 0000000180028e98     debugInit.obj
 0002:00001eb0       ??_C@_0CL@FOADKMNE@unable?5to?5disable?5JVMTI?5event?5no@ 0000000180028eb0     debugInit.obj
 0002:00001ee0       ??_C@_0BN@NHJNNMLF@VM?5dead?5at?5initialize?$CI?$CJ?5time?$AA@ 0000000180028ee0     debugInit.obj
 0002:00001f00       ??_C@_0BD@BEMOICGG@Begin?5initialize?$CI?$CJ?$AA@ 0000000180028f00     debugInit.obj
 0002:00001f20       ??_C@_0EJ@JJILEHOC@Specify?5launch?$DN?$DMcommand?5line?$DO?5wh@ 0000000180028f20     debugInit.obj
 0002:00001f70       ??_C@_0P@HJPPKHBO@JDWP?5?$CFs?3?5?$CFs?$DN?$CFs?$AA@ 0000000180028f70     debugInit.obj
 0002:00001f80       ??_C@_0P@PJFAGLMH@invalid?5option?$AA@ 0000000180028f80     debugInit.obj
 0002:00001f90       ??_C@_0DG@LFMJLIEN@multiple?5transports?5are?5not?5supp@ 0000000180028f90     debugInit.obj
 0002:00001fc8       ??_C@_0CA@PBEIFGCB@JDWP?5option?5syntax?5error?3?5?$CFs?$DN?$CFs?$AA@ 0000000180028fc8     debugInit.obj
 0002:00001fe8       ??_C@_0P@KGDIDJKL@?9agentlib?3jdwp?$AA@ 0000000180028fe8     debugInit.obj
 0002:00001ff8       ??_C@_0CO@FJOJNBJC@The?5exitpause?5option?5removed?0?5us@ 0000000180028ff8     debugInit.obj
 0002:00002028       ??_C@_0CN@FJOGMEJD@The?5precrash?5option?5removed?0?5use@ 0000000180029028     debugInit.obj
 0002:00002058       ??_C@_0CE@KCGGPGKE@timeout?5specified?5without?5transp@ 0000000180029058     debugInit.obj
 0002:00002080       ??_C@_0CE@KJBCDAKG@address?5specified?5without?5transp@ 0000000180029080     debugInit.obj
 0002:000020a8       ??_C@_0BH@HHOMGJCA@no?5transport?5specified?$AA@ 00000001800290a8     debugInit.obj
 0002:000020c0       ??_C@_08GEPKFJKM@stdalloc?$AA@ 00000001800290c0     debugInit.obj
 0002:000020cc       ??_C@_05HEPNBBMF@mutf8?$AA@ 00000001800290cc     debugInit.obj
 0002:000020d8       ??_C@_0L@EINCANF@onuncaught?$AA@ 00000001800290d8     debugInit.obj
 0002:000020e4       ??_C@_05PMBAOCDH@quiet?$AA@ 00000001800290e4     debugInit.obj
 0002:000020ec       ??_C@_06OLFOGHEN@strict?$AA@ 00000001800290ec     debugInit.obj
 0002:000020f4       ??_C@_06HJHJCKIO@server?$AA@ 00000001800290f4     debugInit.obj
 0002:00002100       ??_C@_07DNBGJJHB@suspend?$AA@ 0000000180029100     debugInit.obj
 0002:00002108       ??_C@_0L@NDPADBNN@debugflags?$AA@ 0000000180029108     debugInit.obj
 0002:00002118       ??_C@_08KMAEEIGA@logflags?$AA@ 0000000180029118     debugInit.obj
 0002:00002128       ??_C@_07HMINABEO@logfile?$AA@ 0000000180029128     debugInit.obj
 0002:00002130       ??_C@_08KLNFLELA@precrash?$AA@ 0000000180029130     debugInit.obj
 0002:00002140       ??_C@_09KOPDMKB@exitpause?$AA@ 0000000180029140     debugInit.obj
 0002:00002150       ??_C@_09NDIDIJNG@errorexit?$AA@ 0000000180029150     debugInit.obj
 0002:00002160       ??_C@_08JHOBLGK@coredump?$AA@ 0000000180029160     debugInit.obj
 0002:0000216c       ??_C@_05PDJBBECF@pause?$AA@ 000000018002916c     debugInit.obj
 0002:00002174       ??_C@_05FAMCFOJB@fatal?$AA@ 0000000180029174     debugInit.obj
 0002:0000217c       ??_C@_06GMEIIFFN@assert?$AA@ 000000018002917c     debugInit.obj
 0002:00002188       ??_C@_07JDKNNNFJ@onthrow?$AA@ 0000000180029188     debugInit.obj
 0002:00002190       ??_C@_06OAFDKBLG@launch?$AA@ 0000000180029190     debugInit.obj
 0002:00002198       ??_C@_07DDHNKDGP@timeout?$AA@ 0000000180029198     debugInit.obj
 0002:000021a0       ??_C@_07LHEPONKL@address?$AA@ 00000001800291a0     debugInit.obj
 0002:000021a8       ??_C@_09PBENLGJM@transport?$AA@ 00000001800291a8     debugInit.obj
 0002:000021b8       ??_C@_0L@PNFKLIOM@transports?$AA@ 00000001800291b8     debugInit.obj
 0002:000021c8       ??_C@_07FOPBDDAL@options?$AA@ 00000001800291c8     debugInit.obj
 0002:000021d0       ??_C@_0BD@BLCBAGAJ@_JAVA_JDWP_OPTIONS?$AA@ 00000001800291d0     debugInit.obj
 0002:000021e4       ??_C@_04PCJFHION@help?$AA@ 00000001800291e4     debugInit.obj
 0002:000021f0       ??_C@_08MAMBAFON@jdwp?4log?$AA@ 00000001800291f0     debugInit.obj
 0002:00002200       ??_C@_0BC@IFIKOKIP@END?5cbEarlyVMInit?$AA@ 0000000180029200     debugInit.obj
 0002:00002218       ??_C@_0BI@BCONGKCA@VM?5dead?5at?5VM_INIT?5time?$AA@ 0000000180029218     debugInit.obj
 0002:00002230       ??_C@_0O@DLFFEAD@cbEarlyVMInit?$AA@ 0000000180029230     debugInit.obj
 0002:00002240       ??_C@_0BF@FLBJJJJM@END?5cbEarlyException?$AA@ 0000000180029240     debugInit.obj
 0002:00002258       ??_C@_05JCKDCDAK@Throw?$AA@ 0000000180029258     debugInit.obj
 0002:00002260       ??_C@_0CP@DAAMLOKM@No?5initialization?0?5didn?8t?5find?5r@ 0000000180029260     debugInit.obj
 0002:00002290       ??_C@_0CD@DGOBNBPB@Initializing?5on?5specific?5excepti@ 0000000180029290     debugInit.obj
 0002:000022b8       ??_C@_0DE@NBANCLO@Checking?5specific?5exception?3?5loo@ 00000001800292b8     debugInit.obj
 0002:000022f0       ??_C@_0CD@IFKJAMDD@Initializing?5on?5uncaught?5excepti@ 00000001800292f0     debugInit.obj
 0002:00002318       ??_C@_0BK@LELFCHPE@VM?5is?5not?5initialized?5yet?$AA@ 0000000180029318     debugInit.obj
 0002:00002338       ??_C@_0CD@LICFEBIC@VM?5dead?5at?5initial?5Exception?5eve@ 0000000180029338     debugInit.obj
 0002:00002360       ??_C@_0BM@IEEFFE@cbEarlyException?3?5thread?$DN?$CFp?$AA@ 0000000180029360     debugInit.obj
 0002:00002380       ??_C@_0GO@CPKDKNDM@This?5jdwp?5native?5library?5will?5no@ 0000000180029380     debugInit.obj
 0002:000023f0       ??_C@_0N@NKKDPPME@OnLoad?3?5DONE?$AA@ 00000001800293f0     debugInit.obj
 0002:00002400       ??_C@_0DB@FLBLFKJC@JDWP?5unable?5to?5set?5JVMTI?5event?5c@ 0000000180029400     debugInit.obj
 0002:00002438       ??_C@_0DB@KIBJMMBD@JDWP?5unable?5to?5get?5necessary?5JVM@ 0000000180029438     debugInit.obj
 0002:00002470       ??_C@_0BA@GDHIKEAF@AddCapabilities?$AA@ 0000000180029470     debugInit.obj
 0002:00002480       ??_C@_0DI@HGBENBDB@JDWP?5unable?5to?5get?5potential?5JVM@ 0000000180029480     debugInit.obj
 0002:000024b8       ??_C@_0BJ@DAFNBFMC@GetPotentialCapabilities?$AA@ 00000001800294b8     debugInit.obj
 0002:000024d8       ??_C@_0L@GCOJPMGE@Onload?3?5?$CFs?$AA@ 00000001800294d8     debugInit.obj
 0002:000024e8       ??_C@_0CJ@PMDIGEH@JDWP?3?5UTF?5function?5initializatio@ 00000001800294e8     debugInit.obj
 0002:00002518       ??_C@_0CH@FDHINHJP@JDWP?3?5unable?5to?5initialize?5NPT?5l@ 0000000180029518     debugInit.obj
 0002:00002540       ??_C@_0BJ@BCAAKKFG@Cannot?5initialize?5NptEnv?$AA@ 0000000180029540     debugInit.obj
 0002:0000255c       ??_C@_05CJAIGNCM@0?40?40?$AA@ 000000018002955c     debugInit.obj
 0002:00002568       ??_C@_0BK@HOJGHELP@Cannot?5find?5nptInitialize?$AA@ 0000000180029568     debugInit.obj
 0002:00002588       ??_C@_0O@MIMNKEMK@nptInitialize?$AA@ 0000000180029588     debugInit.obj
 0002:00002598       ??_C@_0BE@PIBOIGHP@Cannot?5open?5library?$AA@ 0000000180029598     debugInit.obj
 0002:000025b0       ??_C@_0P@KEJEBKCF@NPT?5ERROR?3?5?$CFs?6?$AA@ 00000001800295b0     debugInit.obj
 0002:000025c0       ??_C@_0BA@GOCLFPKI@NptEnv?$CK?5is?5NULL?$AA@ 00000001800295c0     debugInit.obj
 0002:000025d0       ??_C@_03BKOAHEHB@npt?$AA@  00000001800295d0     debugInit.obj
 0002:000025d8       ??_C@_0BG@HAHGGNHO@sun?4boot?4library?4path?$AA@ 00000001800295d8     debugInit.obj
 0002:000025f0       ??_C@_0BC@GGHEKHNA@GetSystemProperty?$AA@ 00000001800295f0     debugInit.obj
 0002:00002610       ??_C@_0HB@JPGJENBG@JDWP?5unable?5to?5access?5JVMTI?5Vers@ 0000000180029610     debugInit.obj
 0002:00002684       ??_C@_06CALCCDMF@GetEnv?$AA@ 0000000180029684     debugInit.obj
 0002:0000268c       ??_C@_03HPEPLPA@JVM?$AA@   000000018002968c     debugInit.obj
 0002:00002690       ??_C@_0BN@FIGCDEN@JDWP?5unable?5to?5load?0?5VM?5died?$AA@ 0000000180029690     debugInit.obj
 0002:000026b0       ??_C@_0FO@EFFMOFEA@Cannot?5load?5this?5JVM?5TI?5agent?5tw@ 00000001800296b0     debugInit.obj
 0002:00002710       ??_C@_0BB@NDEDGFCM@JDWP?5Resume?5Lock?$AA@ 0000000180029710     debugLoop.obj
 0002:00002728       ??_C@_0M@FFFEEGHJ@packet?5list?$AA@ 0000000180029728     debugLoop.obj
 0002:00002738       ??_C@_0M@ENKCBOOE@debugLoop?4c?$AA@ 0000000180029738     debugLoop.obj
 0002:00002748       ??_C@_0BC@PBMDCOFP@End?5reader?5thread?$AA@ 0000000180029748     debugLoop.obj
 0002:00002760       ??_C@_0BL@PDACEPJI@Command?5set?5?$CFd?0?5command?5?$CFd?$AA@ 0000000180029760     debugLoop.obj
 0002:00002780       ??_C@_0BE@LPIOKOFH@Begin?5reader?5thread?$AA@ 0000000180029780     debugLoop.obj
 0002:00002798       ??_C@_0BE@OJJPFMMB@JDWP?5Command?5Reader?$AA@ 0000000180029798     debugLoop.obj
 0002:000027b0       ??_C@_0BI@KEHBCJBK@JDWP?5Command?5Queue?5Lock?$AA@ 00000001800297b0     debugLoop.obj
 0002:000027c8       ??_C@_06DIJPEION@?$CFs?$CFs?$CFs?$AA@ 00000001800297c8     error_messages.obj
 0002:000027d0       ??_C@_0BK@KOCLEFJG@AGENT_ERROR_INVALID_COUNT?$AA@ 00000001800297d0     error_messages.obj
 0002:000027f0       ??_C@_0BM@LDFIPDCL@AGENT_ERROR_INVALID_FRAMEID?$AA@ 00000001800297f0     error_messages.obj
 0002:00002810       ??_C@_0BJ@ILJPBKJK@AGENT_ERROR_NULL_POINTER?$AA@ 0000000180029810     error_messages.obj
 0002:00002830       ??_C@_0BN@LLKPAHA@AGENT_ERROR_ILLEGAL_ARGUMENT?$AA@ 0000000180029830     error_messages.obj
 0002:00002850       ??_C@_0BL@ENGHDPEH@AGENT_ERROR_INVALID_THREAD?$AA@ 0000000180029850     error_messages.obj
 0002:00002870       ??_C@_0BP@OCCGGDI@AGENT_ERROR_INVALID_EVENT_TYPE?$AA@ 0000000180029870     error_messages.obj
 0002:00002890       ??_C@_0BL@JAPDMOGJ@AGENT_ERROR_INVALID_OBJECT?$AA@ 0000000180029890     error_messages.obj
 0002:000028b0       ??_C@_0BL@CKFDNLPC@AGENT_ERROR_NO_MORE_FRAMES?$AA@ 00000001800298b0     error_messages.obj
 0002:000028d0       ??_C@_0O@LFPPCNKG@ERROR_unknown?$AA@ 00000001800298d0     error_messages.obj
 0002:000028e0       ??_C@_0BK@JFFMLFLM@AGENT_ERROR_NATIVE_METHOD?$AA@ 00000001800298e0     error_messages.obj
 0002:00002900       ??_C@_0BN@PEANMDOB@AGENT_ERROR_ALREADY_INVOKING?$AA@ 0000000180029900     error_messages.obj
 0002:00002920       ??_C@_0BK@HKJFNPFH@AGENT_ERROR_INVALID_INDEX?$AA@ 0000000180029920     error_messages.obj
 0002:00002940       ??_C@_0BL@BMIJGCKP@AGENT_ERROR_INVALID_LENGTH?$AA@ 0000000180029940     error_messages.obj
 0002:00002960       ??_C@_0BL@JGHDGIGP@AGENT_ERROR_INVALID_STRING?$AA@ 0000000180029960     error_messages.obj
 0002:00002980       ??_C@_0CB@GJDCCCGC@AGENT_ERROR_INVALID_CLASS_LOADER@ 0000000180029980     error_messages.obj
 0002:000029a8       ??_C@_0BK@FILGLGGH@AGENT_ERROR_INVALID_ARRAY?$AA@ 00000001800299a8     error_messages.obj
 0002:000029c8       ??_C@_0BL@FDPHKKDB@AGENT_ERROR_TRANSPORT_LOAD?$AA@ 00000001800299c8     error_messages.obj
 0002:000029e8       ??_C@_0BL@GHHKABMN@AGENT_ERROR_TRANSPORT_INIT?$AA@ 00000001800299e8     error_messages.obj
 0002:00002a08       ??_C@_0BI@OCBNFCC@AGENT_ERROR_INVALID_TAG?$AA@ 0000000180029a08     error_messages.obj
 0002:00002a20       ??_C@_0BF@KCDLAD@AGENT_ERROR_INTERNAL?$AA@ 0000000180029a20     error_messages.obj
 0002:00002a38       ??_C@_0BE@KFGADCIM@AGENT_ERROR_VM_DEAD?$AA@ 0000000180029a38     error_messages.obj
 0002:00002a50       ??_C@_0BH@IOOMLCPK@AGENT_ERROR_NO_JNI_ENV?$AA@ 0000000180029a50     error_messages.obj
 0002:00002a68       ??_C@_0BK@OHNBOEAB@AGENT_ERROR_JNI_EXCEPTION?$AA@ 0000000180029a68     error_messages.obj
 0002:00002a88       ??_C@_0BL@HHHLGBCJ@AGENT_ERROR_JVMTI_INTERNAL?$AA@ 0000000180029a88     error_messages.obj
 0002:00002aa8       ??_C@_0BK@DOAJMAC@AGENT_ERROR_JDWP_INTERNAL?$AA@ 0000000180029aa8     error_messages.obj
 0002:00002ac8       ??_C@_0BO@HMIKBJDH@AGENT_ERROR_NOT_CURRENT_FRAME?$AA@ 0000000180029ac8     error_messages.obj
 0002:00002ae8       ??_C@_0BK@MDCNJBJM@AGENT_ERROR_OUT_OF_MEMORY?$AA@ 0000000180029ae8     error_messages.obj
 0002:00002b08       ??_C@_0CA@LKHFDACL@JVMTI_ERROR_INVALID_ENVIRONMENT?$AA@ 0000000180029b08     error_messages.obj
 0002:00002b28       ??_C@_0BP@CHJPNNEM@JVMTI_ERROR_ABSENT_INFORMATION?$AA@ 0000000180029b28     error_messages.obj
 0002:00002b48       ??_C@_0BP@OMFMNLC@JVMTI_ERROR_INVALID_EVENT_TYPE?$AA@ 0000000180029b48     error_messages.obj
 0002:00002b68       ??_C@_0BN@BIBNPHHO@JVMTI_ERROR_ILLEGAL_ARGUMENT?$AA@ 0000000180029b68     error_messages.obj
 0002:00002b88       ??_C@_0BK@PMKCFHAE@JVMTI_ERROR_OUT_OF_MEMORY?$AA@ 0000000180029b88     error_messages.obj
 0002:00002ba8       ??_C@_0BK@NNJBDMNB@JVMTI_ERROR_ACCESS_DENIED?$AA@ 0000000180029ba8     error_messages.obj
 0002:00002bc8       ??_C@_0BI@GHECLMNC@JVMTI_ERROR_WRONG_PHASE?$AA@ 0000000180029bc8     error_messages.obj
 0002:00002be0       ??_C@_0BF@OLIHJOII@JVMTI_ERROR_INTERNAL?$AA@ 0000000180029be0     error_messages.obj
 0002:00002bf8       ??_C@_0BO@EOHGKJHI@JVMTI_ERROR_UNATTACHED_THREAD?$AA@ 0000000180029bf8     error_messages.obj
 0002:00002c18       ??_C@_0BJ@LBFPFPDM@JVMTI_ERROR_NULL_POINTER?$AA@ 0000000180029c18     error_messages.obj
 0002:00002c38       ??_C@_0DH@INDGCLLB@JVMTI_ERROR_UNSUPPORTED_REDEFINI@ 0000000180029c38     error_messages.obj
 0002:00002c70       ??_C@_0DE@NHEOMMGI@JVMTI_ERROR_UNSUPPORTED_REDEFINI@ 0000000180029c70     error_messages.obj
 0002:00002ca8       ??_C@_0CA@EKPNJOEP@JVMTI_ERROR_UNSUPPORTED_VERSION?$AA@ 0000000180029ca8     error_messages.obj
 0002:00002cc8       ??_C@_0BN@OFFMAHHL@JVMTI_ERROR_NAMES_DONT_MATCH?$AA@ 0000000180029cc8     error_messages.obj
 0002:00002ce8       ??_C@_0DN@HHBBLAKE@JVMTI_ERROR_UNSUPPORTED_REDEFINI@ 0000000180029ce8     error_messages.obj
 0002:00002d28       ??_C@_0DO@HMBGBGNA@JVMTI_ERROR_UNSUPPORTED_REDEFINI@ 0000000180029d28     error_messages.obj
 0002:00002d68       ??_C@_0BK@CANILEHF@JVMTI_ERROR_NOT_AVAILABLE?$AA@ 0000000180029d68     error_messages.obj
 0002:00002d88       ??_C@_0CE@INJKMEFK@JVMTI_ERROR_MUST_POSSESS_CAPABIL@ 0000000180029d88     error_messages.obj
 0002:00002db0       ??_C@_0BO@LAFKIOG@JVMTI_ERROR_INVALID_TYPESTATE?$AA@ 0000000180029db0     error_messages.obj
 0002:00002dd0       ??_C@_0BM@NHMCKHOB@JVMTI_ERROR_INVALID_MONITOR?$AA@ 0000000180029dd0     error_messages.obj
 0002:00002df0       ??_C@_0BO@PPEDAJGL@JVMTI_ERROR_NOT_MONITOR_OWNER?$AA@ 0000000180029df0     error_messages.obj
 0002:00002e10       ??_C@_0BG@FCAIPEID@JVMTI_ERROR_INTERRUPT?$AA@ 0000000180029e10     error_messages.obj
 0002:00002e28       ??_C@_0CB@EGDBNKOI@JVMTI_ERROR_INVALID_CLASS_FORMAT@ 0000000180029e28     error_messages.obj
 0002:00002e50       ??_C@_0CG@DGKOGIAL@JVMTI_ERROR_CIRCULAR_CLASS_DEFIN@ 0000000180029e50     error_messages.obj
 0002:00002e78       ??_C@_0BP@ICEALPKC@JVMTI_ERROR_FAILS_VERIFICATION?$AA@ 0000000180029e78     error_messages.obj
 0002:00002e98       ??_C@_0DC@JDACLMIO@JVMTI_ERROR_UNSUPPORTED_REDEFINI@ 0000000180029e98     error_messages.obj
 0002:00002ed0       ??_C@_0DE@GKDKNOMJ@JVMTI_ERROR_UNSUPPORTED_REDEFINI@ 0000000180029ed0     error_messages.obj
 0002:00002f08       ??_C@_0BG@DIEMLHKM@JVMTI_ERROR_NOT_FOUND?$AA@ 0000000180029f08     error_messages.obj
 0002:00002f20       ??_C@_0BN@KLPPLKG@JVMTI_ERROR_INVALID_METHODID?$AA@ 0000000180029f20     error_messages.obj
 0002:00002f40       ??_C@_0BN@BCEKOKND@JVMTI_ERROR_INVALID_LOCATION?$AA@ 0000000180029f40     error_messages.obj
 0002:00002f60       ??_C@_0BM@DFDGPME@JVMTI_ERROR_INVALID_FIELDID?$AA@ 0000000180029f60     error_messages.obj
 0002:00002f80       ??_C@_0BL@NELIEPEC@JVMTI_ERROR_NO_MORE_FRAMES?$AA@ 0000000180029f80     error_messages.obj
 0002:00002fa0       ??_C@_0BJ@BDBECFDM@JVMTI_ERROR_OPAQUE_FRAME?$AA@ 0000000180029fa0     error_messages.obj
 0002:00002fc0       ??_C@_0BK@MIIFNLOB@JVMTI_ERROR_TYPE_MISMATCH?$AA@ 0000000180029fc0     error_messages.obj
 0002:00002fe0       ??_C@_0BJ@HPCAOILC@JVMTI_ERROR_INVALID_SLOT?$AA@ 0000000180029fe0     error_messages.obj
 0002:00003000       ??_C@_0BG@CHILOPNI@JVMTI_ERROR_DUPLICATE?$AA@ 000000018002a000     error_messages.obj
 0002:00003018       ??_C@_0BP@IKLLBKEB@JVMTI_ERROR_CLASS_NOT_PREPARED?$AA@ 000000018002a018     error_messages.obj
 0002:00003038       ??_C@_0BB@JCNMKLLK@JVMTI_ERROR_NONE?$AA@ 000000018002a038     error_messages.obj
 0002:00003050       ??_C@_0BL@LDIMKLPH@JVMTI_ERROR_INVALID_THREAD?$AA@ 000000018002a050     error_messages.obj
 0002:00003070       ??_C@_0CB@PJFPAIKJ@JVMTI_ERROR_INVALID_THREAD_GROUP@ 000000018002a070     error_messages.obj
 0002:00003098       ??_C@_0BN@LLMKHMNF@JVMTI_ERROR_INVALID_PRIORITY?$AA@ 000000018002a098     error_messages.obj
 0002:000030b8       ??_C@_0CB@MBOFKAGB@JVMTI_ERROR_THREAD_NOT_SUSPENDED@ 000000018002a0b8     error_messages.obj
 0002:000030e0       ??_C@_0BN@FABOLPBI@JVMTI_ERROR_THREAD_SUSPENDED?$AA@ 000000018002a0e0     error_messages.obj
 0002:00003100       ??_C@_0BN@FDGNOBJM@JVMTI_ERROR_THREAD_NOT_ALIVE?$AA@ 000000018002a100     error_messages.obj
 0002:00003120       ??_C@_0BL@GOBIFKNJ@JVMTI_ERROR_INVALID_OBJECT?$AA@ 000000018002a120     error_messages.obj
 0002:00003140       ??_C@_0BK@FCMAJPPC@JVMTI_ERROR_INVALID_CLASS?$AA@ 000000018002a140     error_messages.obj
 0002:00003160       ??_C@_0BA@DBHDLMCN@EI_FIELD_ACCESS?$AA@ 000000018002a160     error_messages.obj
 0002:00003170       ??_C@_0BG@BKOJDIGF@EI_FIELD_MODIFICATION?$AA@ 000000018002a170     error_messages.obj
 0002:00003188       ??_C@_0BD@IMHNDJNF@EI_EXCEPTION_CATCH?$AA@ 000000018002a188     error_messages.obj
 0002:000031a0       ??_C@_0BA@BMAHDEKG@EI_METHOD_ENTRY?$AA@ 000000018002a1a0     error_messages.obj
 0002:000031b0       ??_C@_0P@EODELCOH@EI_METHOD_EXIT?$AA@ 000000018002a1b0     error_messages.obj
 0002:000031c0       ??_C@_0L@DINKDGIA@EI_VM_INIT?$AA@ 000000018002a1c0     error_messages.obj
 0002:000031d0       ??_C@_0M@NLNKJGDL@EI_VM_DEATH?$AA@ 000000018002a1d0     error_messages.obj
 0002:000031e0       ??_C@_0O@MBFGOMME@EVENT_unknown?$AA@ 000000018002a1e0     error_messages.obj
 0002:000031f0       ??_C@_0O@BCBJODOG@EI_CLASS_LOAD?$AA@ 000000018002a1f0     error_messages.obj
 0002:00003200       ??_C@_0P@KOMKCNJP@EI_SINGLE_STEP?$AA@ 000000018002a200     error_messages.obj
 0002:00003210       ??_C@_0O@PLAPKDL@EI_BREAKPOINT?$AA@ 000000018002a210     error_messages.obj
 0002:00003220       ??_C@_0N@PGOIKMFF@EI_FRAME_POP?$AA@ 000000018002a220     error_messages.obj
 0002:00003230       ??_C@_0N@CEKAFBCB@EI_EXCEPTION?$AA@ 000000018002a230     error_messages.obj
 0002:00003240       ??_C@_0BA@EJAFLEFO@EI_THREAD_START?$AA@ 000000018002a240     error_messages.obj
 0002:00003250       ??_C@_0O@GJFHOBHI@EI_THREAD_END?$AA@ 000000018002a250     error_messages.obj
 0002:00003260       ??_C@_0BB@FOCFHABH@EI_CLASS_PREPARE?$AA@ 000000018002a260     error_messages.obj
 0002:00003278       ??_C@_0N@FJNDECKL@EI_GC_FINISH?$AA@ 000000018002a278     error_messages.obj
 0002:00003288       ??_C@_0BF@FLGJBCL@INVALID_CLASS_LOADER?$AA@ 000000018002a288     error_messages.obj
 0002:000032a0       ??_C@_0O@DBEPKOML@INVALID_ARRAY?$AA@ 000000018002a2a0     error_messages.obj
 0002:000032b0       ??_C@_0P@IMPOLMOK@TRANSPORT_LOAD?$AA@ 000000018002a2b0     error_messages.obj
 0002:000032c0       ??_C@_0P@LIHDBHBG@TRANSPORT_INIT?$AA@ 000000018002a2c0     error_messages.obj
 0002:000032d0       ??_C@_0O@PMKFKNBA@NATIVE_METHOD?$AA@ 000000018002a2d0     error_messages.obj
 0002:000032e0       ??_C@_0O@MHNCFNDK@INVALID_COUNT?$AA@ 000000018002a2e0     error_messages.obj
 0002:000032f0       ??_C@_0BD@EHLJKCDN@JDWP_ERROR_unknown?$AA@ 000000018002a2f0     error_messages.obj
 0002:00003308       ??_C@_0P@EJHKHOLE@INVALID_STRING?$AA@ 000000018002a308     error_messages.obj
 0002:00003318       ??_C@_08MLFDIMPC@INTERNAL?$AA@ 000000018002a318     error_messages.obj
 0002:00003328       ??_C@_0BC@ENEFPEAF@UNATTACHED_THREAD?$AA@ 000000018002a328     error_messages.obj
 0002:00003340       ??_C@_0M@NLBJDGPL@INVALID_TAG?$AA@ 000000018002a340     error_messages.obj
 0002:00003350       ??_C@_0BB@GCBFLFGN@ALREADY_INVOKING?$AA@ 000000018002a350     error_messages.obj
 0002:00003368       ??_C@_0O@BDGMMHPL@INVALID_INDEX?$AA@ 000000018002a368     error_messages.obj
 0002:00003378       ??_C@_0P@MDIAHEHE@INVALID_LENGTH?$AA@ 000000018002a378     error_messages.obj
 0002:00003388       ??_C@_07DFGEEPDM@VM_DEAD?$AA@ 000000018002a388     error_messages.obj
 0002:00003390       ??_C@_0N@HEEFEIAJ@NULL_POINTER?$AA@ 000000018002a390     error_messages.obj
 0002:000033a0       ??_C@_0BD@JCIODJA@ABSENT_INFORMATION?$AA@ 000000018002a3a0     error_messages.obj
 0002:000033b8       ??_C@_0BD@CAHCPDGO@INVALID_EVENT_TYPE?$AA@ 000000018002a3b8     error_messages.obj
 0002:000033d0       ??_C@_0BB@JNKCIGPM@ILLEGAL_ARGUMENT?$AA@ 000000018002a3d0     error_messages.obj
 0002:000033e8       ??_C@_0O@KKNEIJDA@OUT_OF_MEMORY?$AA@ 000000018002a3e8     error_messages.obj
 0002:000033f8       ??_C@_0O@ILOHOCOF@ACCESS_DENIED?$AA@ 000000018002a3f8     error_messages.obj
 0002:00003408       ??_C@_0BA@PIOOPNBD@NOT_IMPLEMENTED?$AA@ 000000018002a408     error_messages.obj
 0002:00003418       ??_C@_0CB@DMMJDFBN@HIERARCHY_CHANGE_NOT_IMPLEMENTED@ 000000018002a418     error_messages.obj
 0002:00003440       ??_C@_0BO@EGGEGIDF@DELETE_METHOD_NOT_IMPLEMENTED?$AA@ 000000018002a440     error_messages.obj
 0002:00003460       ??_C@_0BE@MFLGLHIO@UNSUPPORTED_VERSION?$AA@ 000000018002a460     error_messages.obj
 0002:00003478       ??_C@_0BB@GAODHGPJ@NAMES_DONT_MATCH?$AA@ 000000018002a478     error_messages.obj
 0002:00003490       ??_C@_0CH@NAGMIHMO@CLASS_MODIFIERS_CHANGE_NOT_IMPLE@ 000000018002a490     error_messages.obj
 0002:000034b8       ??_C@_0CI@BOHKDDHK@METHOD_MODIFIERS_CHANGE_NOT_IMPL@ 000000018002a4b8     error_messages.obj
 0002:000034e0       ??_C@_0BC@IDGPFJL@INVALID_TYPESTATE?$AA@ 000000018002a4e0     error_messages.obj
 0002:000034f8       ??_C@_09OCPILILD@INTERRUPT?$AA@ 000000018002a4f8     error_messages.obj
 0002:00003508       ??_C@_0BF@KKNNGDOH@INVALID_CLASS_FORMAT?$AA@ 000000018002a508     error_messages.obj
 0002:00003520       ??_C@_0BK@IGLHGLOO@CIRCULAR_CLASS_DEFINITION?$AA@ 000000018002a520     error_messages.obj
 0002:00003540       ??_C@_0BD@KMPHIBHO@FAILS_VERIFICATION?$AA@ 000000018002a540     error_messages.obj
 0002:00003558       ??_C@_0BL@PPBPAAJH@ADD_METHOD_NOT_IMPLEMENTED?$AA@ 000000018002a558     error_messages.obj
 0002:00003578       ??_C@_0BO@EMGJAAKO@SCHEMA_CHANGE_NOT_IMPLEMENTED?$AA@ 000000018002a578     error_messages.obj
 0002:00003598       ??_C@_0BC@PMHAFEBG@NOT_MONITOR_OWNER?$AA@ 000000018002a598     error_messages.obj
 0002:000035b0       ??_C@_0BC@JIBCMOEK@NOT_CURRENT_FRAME?$AA@ 000000018002a5b0     error_messages.obj
 0002:000035c8       ??_C@_0O@JOPDAFNF@TYPE_MISMATCH?$AA@ 000000018002a5c8     error_messages.obj
 0002:000035d8       ??_C@_0N@LKDKPPIH@INVALID_SLOT?$AA@ 000000018002a5d8     error_messages.obj
 0002:000035e8       ??_C@_09JHHLKDOI@DUPLICATE?$AA@ 000000018002a5e8     error_messages.obj
 0002:000035f8       ??_C@_09IILMPLJM@NOT_FOUND?$AA@ 000000018002a5f8     error_messages.obj
 0002:00003608       ??_C@_0BA@NIDPNLD@INVALID_MONITOR?$AA@ 000000018002a608     error_messages.obj
 0002:00003618       ??_C@_0N@NGAODCAJ@OPAQUE_FRAME?$AA@ 000000018002a618     error_messages.obj
 0002:00003628       ??_C@_0BD@KEAMCEJN@CLASS_NOT_PREPARED?$AA@ 000000018002a628     error_messages.obj
[...]
 0001:00005060       sdePeek                    0000000180006060 f   SDE.obj
 0001:00005084       sdeRead                    0000000180006084 f   SDE.obj
 0001:000050b4       stratumTableIndex          00000001800060b4 f   SDE.obj
 0001:0000513c       ignoreLine                 000000018000613c f   SDE.obj
 0001:00005174       readNumber                 0000000180006174 f   SDE.obj
 0001:000051d0       storeFile                  00000001800061d0 f   SDE.obj
 0001:00005320       storeLine                  0000000180006320 f   SDE.obj
 0001:0000548c       storeStratum               000000018000648c f   SDE.obj
 0001:00005608       lineSection                0000000180006608 f   SDE.obj
 0001:000056ec       readLine                   00000001800066ec f   SDE.obj
 0001:0000577c       decode                     000000018000677c f   SDE.obj
 0001:00005934       loadDebugInfo              0000000180006934 f   SDE.obj
 0001:00005d14       validateThreadFrame        0000000180006d14 f   StackFrameImpl.obj
 0001:00005d68       writeVariableValue         0000000180006d68 f   StackFrameImpl.obj
 0001:000062c0       readVariableValue          00000001800072c0 f   StackFrameImpl.obj
 0001:000066f8       getValues                  00000001800076f8 f   StackFrameImpl.obj
 0001:00006840       setValues                  0000000180007840 f   StackFrameImpl.obj
 0001:00006978       thisObject                 0000000180007978 f   StackFrameImpl.obj
 0001:00006bb8       popFrames                  0000000180007bb8 f   StackFrameImpl.obj
 0001:00006c78       value                      0000000180007c78 f   StringReferenceImpl.obj
 0001:00006dd4       name                       0000000180007dd4 f   ThreadGroupReferenceImpl.obj
 0001:00006ecc       parent                     0000000180007ecc f   ThreadGroupReferenceImpl.obj
 0001:00006fb8       children                   0000000180007fb8 f   ThreadGroupReferenceImpl.obj
 0001:0000716c       name                       000000018000816c f   ThreadReferenceImpl.obj
 0001:000072d4       suspend                    00000001800082d4 f   ThreadReferenceImpl.obj
 0001:00007350       resume                     0000000180008350 f   ThreadReferenceImpl.obj
 0001:000073cc       status                     00000001800083cc f   ThreadReferenceImpl.obj
 0001:00007468       threadGroup                0000000180008468 f   ThreadReferenceImpl.obj
 0001:000075d0       validateSuspendedThread    00000001800085d0 f   ThreadReferenceImpl.obj
 0001:0000761c       frames                     000000018000861c f   ThreadReferenceImpl.obj
 0001:000078e8       getFrameCount              00000001800088e8 f   ThreadReferenceImpl.obj
 0001:000079d0       ownedMonitors              00000001800089d0 f   ThreadReferenceImpl.obj
 0001:00007b84       currentContendedMonitor    0000000180008b84 f   ThreadReferenceImpl.obj
 0001:00007d04       stop                       0000000180008d04 f   ThreadReferenceImpl.obj
 0001:00007db4       interrupt                  0000000180008db4 f   ThreadReferenceImpl.obj
 0001:00007e2c       suspendCount               0000000180008e2c f   ThreadReferenceImpl.obj
 0001:00007eb8       ownedMonitorsWithStackDepth 0000000180008eb8 f   ThreadReferenceImpl.obj
 0001:0000809c       forceEarlyReturn           000000018000909c f   ThreadReferenceImpl.obj
 0001:00008558       version                    0000000180009558 f   VirtualMachineImpl.obj
 0001:000086a0       classesForSignature        00000001800096a0 f   VirtualMachineImpl.obj
 0001:000088cc       allClasses1                00000001800098cc f   VirtualMachineImpl.obj
 0001:00008ae8       allClasses                 0000000180009ae8 f   VirtualMachineImpl.obj
 0001:00008af4       allClassesWithGeneric      0000000180009af4 f   VirtualMachineImpl.obj
 0001:00008b04       instanceCounts             0000000180009b04 f   VirtualMachineImpl.obj
 0001:00008cb8       redefineClasses            0000000180009cb8 f   VirtualMachineImpl.obj
 0001:00008eec       setDefaultStratum          0000000180009eec f   VirtualMachineImpl.obj
 0001:00008f48       getAllThreads              0000000180009f48 f   VirtualMachineImpl.obj
 0001:00009058       topLevelThreadGroups       000000018000a058 f   VirtualMachineImpl.obj
 0001:000091a8       dispose                    000000018000a1a8 f   VirtualMachineImpl.obj
 0001:000091ac       idSizes                    000000018000a1ac f   VirtualMachineImpl.obj
 0001:00009200       suspend                    000000018000a200 f   VirtualMachineImpl.obj
 0001:00009244       resume                     000000018000a244 f   VirtualMachineImpl.obj
 0001:00009288       doExit                     000000018000a288 f   VirtualMachineImpl.obj
 0001:0000932c       createString               000000018000a32c f   VirtualMachineImpl.obj
 0001:000094cc       capabilities               000000018000a4cc f   VirtualMachineImpl.obj
 0001:000095b4       capabilitiesNew            000000018000a5b4 f   VirtualMachineImpl.obj
 0001:000097cc       writePaths                 000000018000a7cc f   VirtualMachineImpl.obj
 0001:000098d8       classPaths                 000000018000a8d8 f   VirtualMachineImpl.obj
 0001:00009958       disposeObjects             000000018000a958 f   VirtualMachineImpl.obj
 0001:00009a04       holdEvents                 000000018000aa04 f   VirtualMachineImpl.obj
 0001:00009a14       releaseEvents              000000018000aa14 f   VirtualMachineImpl.obj
 0001:00009c20       deleteTable                000000018000ac20 f   classTrack.obj
 0001:0000a4e4       deleteNode                 000000018000b4e4 f   commonRef.obj
 0001:0000a648       strengthenNode             000000018000b648 f   commonRef.obj
 0001:0000a7b0       weakenNode                 000000018000b7b0 f   commonRef.obj
 0001:0000a894       deleteNodeByID             000000018000b894 f   commonRef.obj
 0001:0000a9bc       initializeObjectsByID      000000018000b9bc f   commonRef.obj
 0001:0000aa14       newCommonRef               000000018000ba14 f   commonRef.obj
 0001:0000b4d8       set_event_notification     000000018000c4d8 f   debugInit.obj
 0001:0000b608       disposeEnvironment         000000018000c608 f   debugInit.obj
 0001:0000b6dc       startTransport             000000018000c6dc f   debugInit.obj
 0001:0000b804       signalInitComplete         000000018000c804 f   debugInit.obj
 0001:0000b8bc       jniFatalError              000000018000c8bc f   debugInit.obj
 0001:0000baf8       get_tok                    000000018000caf8 f   debugInit.obj
 0001:0000bb78       checkAddress               000000018000cb78 f   debugInit.obj
 0001:0000bbdc       get_boolean                000000018000cbdc f   debugInit.obj
 0001:0000bc60       atexit_finish_logging      000000018000cc60 f   debugInit.obj
 0001:0000bd40       cbEarlyVMDeath             000000018000cd40 f   debugInit.obj
 0001:0000be60       initialize                 000000018000ce60 f   debugInit.obj
 0001:0000c414       parseOptions               000000018000d414 f   debugInit.obj
 0001:0000ce2c       cbEarlyVMInit              000000018000de2c f   debugInit.obj
 0001:0000cf50       cbEarlyException           000000018000df50 f   debugInit.obj
 0001:0000dca8       reader                     000000018000eca8 f   debugLoop.obj
 0001:0000e1a8       vprint_message             000000018000f1a8 f   error_messages.obj
 0001:0000ed50       patternStringMatch         000000018000fd50 f   eventFilter.obj
 0001:0000ede4       eventInstance              000000018000fde4 f   eventFilter.obj
 0001:0000fb60       matchBreakpoint            0000000180010b60 f   eventFilter.obj
 0001:0000fbec       setBreakpoint              0000000180010bec f   eventFilter.obj
 0001:0000fcec       clearBreakpoint            0000000180010cec f   eventFilter.obj
 0001:0000fe1c       matchWatchpoint            0000000180010e1c f   eventFilter.obj
 0001:0000fe98       setWatchpoint              0000000180010e98 f   eventFilter.obj
 0001:0000ffb8       clearWatchpoint            0000000180010fb8 f   eventFilter.obj
 0001:000100d8       matchThread                00000001800110d8 f   eventFilter.obj
 0001:00010330       getHandlerChain            0000000180011330 f   eventHandler.obj
 0001:000104b8       deferEventReport           00000001800114b8 f   eventHandler.obj
 0001:000105b4       skipEventReport            00000001800115b4 f   eventHandler.obj
 0001:00010674       reportEvents               0000000180011674 f   eventHandler.obj
 0001:000107e8       getObjectClass             00000001800117e8 f   eventHandler.obj
 0001:00010900       cbGarbageCollectionFinish  0000000180011900 f   eventHandler.obj
 0001:0001097c       freeHandler                000000018001197c f   eventHandler.obj
 0001:00010c64       installHandler             0000000180011c64 f   eventHandler.obj
 0001:00010d04       createInternal             0000000180011d04 f   eventHandler.obj
 0001:00010e6c       synthesizeUnloadEvent      0000000180011e6c f   eventHandler.obj
 0001:00010ff0       event_callback             0000000180011ff0 f   eventHandler.obj
 0001:000113f8       cbSingleStep               00000001800123f8 f   eventHandler.obj
 0001:000115f0       cbBreakpoint               00000001800125f0 f   eventHandler.obj
 0001:000117e8       cbFramePop                 00000001800127e8 f   eventHandler.obj
 0001:000119e0       cbException                00000001800129e0 f   eventHandler.obj
 0001:00011c18       cbThreadStart              0000000180012c18 f   eventHandler.obj
 0001:00011dd4       cbThreadEnd                0000000180012dd4 f   eventHandler.obj
 0001:00011f90       cbClassPrepare             0000000180012f90 f   eventHandler.obj
 0001:00012160       cbClassLoad                0000000180013160 f   eventHandler.obj
 0001:00012330       cbFieldAccess              0000000180013330 f   eventHandler.obj
 0001:00012554       cbFieldModification        0000000180013554 f   eventHandler.obj
 0001:00012768       cbExceptionCatch           0000000180013768 f   eventHandler.obj
 0001:0001296c       cbMethodEntry              000000018001396c f   eventHandler.obj
 0001:00012b58       cbMethodExit               0000000180013b58 f   eventHandler.obj
 0001:00012d60       cbMonitorContendedEnter    0000000180013d60 f   eventHandler.obj
 0001:00012fbc       cbMonitorContendedEntered  0000000180013fbc f   eventHandler.obj
 0001:00013218       cbMonitorWait              0000000180014218 f   eventHandler.obj
 0001:00013478       cbMonitorWaited            0000000180014478 f   eventHandler.obj
 0001:000136d8       cbVMInit                   00000001800146d8 f   eventHandler.obj
 0001:00013890       cbVMDeath                  0000000180014890 f   eventHandler.obj
 0001:00014040       enqueueCommand             0000000180015040 f   eventHelper.obj
 0001:00014198       completeCommand            0000000180015198 f   eventHelper.obj
 0001:0001425c       writeFieldModificationEvent 000000018001525c f   eventHelper.obj
 0001:00014314       writeMonitorEvent          0000000180015314 f   eventHelper.obj
 0001:00014428       writeClassEvent            0000000180015428 f   eventHelper.obj
 0001:00014550       handleReportVMInitCommand  0000000180015550 f   eventHelper.obj
 0001:000146dc       saveEventInfoRefs          00000001800156dc f   eventHelper.obj
 0001:000148a8       enumForCombinedSuspendPolicy 00000001800158a8 f   eventHelper.obj
 0001:000148dc       enumForVMDeath             00000001800158dc f   eventHelper.obj
 0001:000148f0       enumForCopyingSingles      00000001800158f0 f   eventHelper.obj
 0001:0001503c       handleEventCommandSingle   000000018001603c f   eventHelper.obj
 0001:00015300       handleReportEventCompositeCommand 0000000180016300 f   eventHelper.obj
 0001:00015524       commandLoop                0000000180016524 f   eventHelper.obj
 0001:000158e8       readBytes                  00000001800168e8 f   inStream.obj
 0001:00015f78       deleteRef                  0000000180016f78 f   inStream.obj
 0001:00016008       returnTypeTag              0000000180017008 f   invoker.obj
 0001:00016054       nextArgumentTypeTag        0000000180017054 f   invoker.obj
 0001:000160e0       firstArgumentTypeTag       00000001800170e0 f   invoker.obj
 0001:00016138       createGlobalRefs           0000000180017138 f   invoker.obj
 0001:00016504       invokeStatic               0000000180017504 f   invoker.obj
 0001:000169ac       invokeVirtual              00000001800179ac f   invoker.obj
 0001:00016e54       invokeNonvirtual           0000000180017e54 f   invoker.obj
 0001:00017c14       get_time_stamp             0000000180018c14 f   log_messages.obj
 0001:00017fd0       commonInit                 0000000180018fd0 f   outStream.obj
 0001:000180ac       writeBytes                 00000001800190ac f   outStream.obj
 0001:0001885c       outStream_send             000000018001985c f   outStream.obj
 0001:00018978       releaseID                  0000000180019978 f   outStream.obj
 0001:00018a10       handleClassPrepare         0000000180019a10 f   standardHandlers.obj
 0001:00018a70       handleGarbageCollectionFinish 0000000180019a70 f   standardHandlers.obj
 0001:00018aa4       handleFrameEvent           0000000180019aa4 f   standardHandlers.obj
 0001:00018b84       genericHandler             0000000180019b84 f   standardHandlers.obj
 0001:00018c90       getFrameCount              0000000180019c90 f   stepControl.obj
 0001:00018d74       enableStepping             0000000180019d74 f   stepControl.obj
 0001:00018e40       disableStepping            0000000180019e40 f   stepControl.obj
 0001:00018f0c       getFrameLocation           0000000180019f0c f   stepControl.obj
 0001:00018fc0       getLineNumberTable         0000000180019fc0 f   stepControl.obj
 0001:00019064       initState                  000000018001a064 f   stepControl.obj
 0001:000192bc       completeStep               000000018001a2bc f   stepControl.obj
 0001:000193c8       clearStep                  000000018001a3c8 f   stepControl.obj
 0001:00019498       handleFramePopEvent        000000018001a498 f   stepControl.obj
 0001:000196cc       handleExceptionCatchEvent  000000018001a6cc f   stepControl.obj
 0001:0001982c       handleMethodEnterEvent     000000018001a82c f   stepControl.obj
 0001:0001a1dc       initEvents                 000000018001b1dc f   stepControl.obj
 0001:0001a604       getStackDepth              000000018001b604 f   threadControl.obj
 0001:0001a6e8       threadState                000000018001b6e8 f   threadControl.obj
 0001:0001a75c       setThreadLocalStorage      000000018001b75c f   threadControl.obj
 0001:0001a840       nonTlsSearch               000000018001b840 f   threadControl.obj
 0001:0001a88c       findThread                 000000018001b88c f   threadControl.obj
 0001:0001a9f8       moveNode                   000000018001b9f8 f   threadControl.obj
 0001:0001aad0       enumerateOverThreadList    000000018001bad0 f   threadControl.obj
 0001:0001ab24       threadSetEventNotificationMode 000000018001bb24 f   threadControl.obj
 0001:0001abcc       processDeferredEventModes  000000018001bbcc f   threadControl.obj
 0001:0001aec8       pendingAppResume           000000018001bec8 f   threadControl.obj
 0001:0001afac       notifyAppResumeComplete    000000018001bfac f   threadControl.obj
 0001:0001b010       handleAppResumeCompletion  000000018001c010 f   threadControl.obj
 0001:0001b088       trackAppResume             000000018001c088 f   threadControl.obj
 0001:0001b200       handleAppResumeBreakpoint  000000018001c200 f   threadControl.obj
 0001:0001b364       commonSuspendByNode        000000018001c364 f   threadControl.obj
 0001:0001b40c       resumeThreadByNode         000000018001c40c f   threadControl.obj
 0001:0001b514       preSuspend                 000000018001c514 f   threadControl.obj
 0001:0001b5a0       resumeCopyHelper           000000018001c5a0 f   threadControl.obj
 0001:0001b5ec       resumeCountHelper          000000018001c5ec f   threadControl.obj
 0001:0001b60c       newArray                   000000018001c60c f   threadControl.obj
 0001:0001b658       commonResumeList           000000018001c658 f   threadControl.obj
 0001:0001b9cc       resumeHelper               000000018001c9cc f   threadControl.obj
 0001:0001bb00       threadControl_removeDebugThread 000000018001cb00 f   threadControl.obj
 0001:0001bc60       setPopFrameThread          000000018001cc60 f   threadControl.obj
 0001:0001bd24       setPopFrameEvent           000000018001cd24 f   threadControl.obj
 0001:0001bdf0       setPopFrameProceed         000000018001cdf0 f   threadControl.obj
 0001:0001beb4       popFrameCompleteEvent      000000018001ceb4 f   threadControl.obj
 0001:0001bfe4       popOneFrame                000000018001cfe4 f   threadControl.obj
 0001:0001c26c       doPendingTasks             000000018001d26c f   threadControl.obj
 0001:0001c78c       detachHelper               000000018001d78c f   threadControl.obj
 0001:0001c7f0       resetHelper                000000018001d7f0 f   threadControl.obj
 0001:0001cae0       insertThread               000000018001dae0 f   threadControl.obj
 0001:0001ccb8       removeThread               000000018001dcb8 f   threadControl.obj
 0001:0001cd90       removeResumed              000000018001dd90 f   threadControl.obj
 0001:0001cf2c       commonSuspend              000000018001df2c f   threadControl.obj
 0001:0001d000       commonSuspendList          000000018001e000 f   threadControl.obj
 0001:0001d458       suspendAllHelper           000000018001e458 f   threadControl.obj
 0001:0001dd08       printLastError             000000018001ed08 f   transport.obj
 0001:0001de60       loadTransportLibrary       000000018001ee60 f   transport.obj
 0001:0001df20       loadTransport              000000018001ef20 f   transport.obj
 0001:0001e250       connectionInitiated        000000018001f250 f   transport.obj
 0001:0001e32c       acceptThread               000000018001f32c f   transport.obj
 0001:0001e474       attachThread               000000018001f474 f   transport.obj
 0001:0001e578       launch                     000000018001f578 f   transport.obj
 0001:0001eea4       findClass                  000000018001fea4 f   util.obj
 0001:0001f194       getMethod                  0000000180020194 f   util.obj
 0001:0001f568       getStaticMethod            0000000180020568 f   util.obj
 0001:0001fd9c       jvmtiVersion               0000000180020d9c f   util.obj
 0001:0001ff90       ignore_vm_death            0000000180020f90 f   util.obj
 0001:0002084c       isArrayClass               000000018002184c f   util.obj
 0001:00020db0       is_a_nested_class          0000000180021db0 f   util.obj
 0001:00021314       getPropertyValue           0000000180022314 f   util.obj
 0001:00021750       getSpecialJvmti            0000000180022750 f   util.obj
 0001:000222a4       cbObjectTagInstance        00000001800232a4 f   util.obj
 0001:000224f4       cbObjectCounterFromRef     00000001800234f4 f   util.obj
 0001:00022574       cbObjectCounter            0000000180023574 f   util.obj
 0001:00022888       cbObjectTagReferrer        0000000180023888 f   util.obj
 0001:00023960       getPropertyUTF8            0000000180024960 f   util.obj
 0001:000244e4       writeFieldValue            00000001800254e4 f   util.obj
 0001:00024940       writeStaticFieldValue      0000000180025940 f   util.obj
 0001:00025070       pre_c_init                 0000000180026070 f   MSVCRT:crtdll.obj
 0001:0002532c       __DllMainCRTStartup        000000018002632c f   MSVCRT:crtdll.obj
 0001:00025860       _onexit$fin$0              0000000180026860 f   MSVCRT:atonexit.obj
 0001:0002587b       __DllMainCRTStartup$filt$0 000000018002687b f   MSVCRT:crtdll.obj
 0001:000258ab       __DllMainCRTStartup$fin$1  00000001800268ab f   MSVCRT:crtdll.obj
 0001:000258d0       _IsNonwritableInCurrentImage$filt$0 00000001800268d0 f   MSVCRT:pesect.obj
